C51 COMPILER V9.00   BOOT                                                                  08/09/2018 17:20:00 PAGE 1   


C51 COMPILER V9.00, COMPILATION OF MODULE BOOT
OBJECT MODULE PLACED IN .\Objects\boot.obj
COMPILER INVOKED BY: D:\ProgramFiles\Keil_v5\C51\BIN\C51.EXE source\boot.c LARGE OPTIMIZE(8,SPEED) BROWSE INCDIR(.\inclu
                    -de) DEBUG OBJECTEXTEND PRINT(.\Listings\boot.lst) OBJECT(.\Objects\boot.obj)

line level    source

   1          #include "app_main.h"
   2          
   3          void BootLoader_handle(void)
   4          {
   5   1              unsigned char i;
   6   1              unsigned int  addr; 
   7   1              unsigned char xdata *dat=Uart0_ReceiveBuffer;
   8   1              unsigned char xdata *ImageDat=0x8000;         
   9   1              unsigned char code  *APP_ROMadr;   
  10   1              unsigned char code  *EEP_ROMadr; 
  11   1        
  12   1              for(i=0;i<PAGE_SIZE;i++)        
  13   1                      {dat[i]=0x00;WDTCR |= 0x20;}
  14   1              for(EEP_ROMadr=EEP_ADDRESS_MSG_START,i=0;i<PAGE_SIZE;i++)
  15   1              {
  16   2                      dat[i]=*EEP_ROMadr;
  17   2                      EEP_ROMadr++;
  18   2              }
  19   1              if((dat[0]==0xAA) && (dat[2]==0xAA) && (dat[4]==0xAA) && (dat[6]==0xAA))
  20   1              {
  21   2                      cli();                  
  22   2                      APP_ROMadr=0x0000;
  23   2                      EEP_ROMadr=EEP_ADDRESS_START;
  24   2                      while(1)        
  25   2                      {
  26   3                              WDTCR |= 0x20;
  27   3                              addr = (unsigned char code *)APP_ROMadr;        
  28   3                              for(i=0;i<PAGE_SIZE;i++)
  29   3                              {
  30   4                                      if(((APP_ROMadr>=(0x0000)) && (APP_ROMadr<=(0x0400)))||((APP_ROMadr>=(APP_ADDRESS_START)) && (APP_ROMa
             -dr<=(APP_ADDRESS_END))))      
  31   4                                      {
  32   5                                              dat[i]=*EEP_ROMadr;
  33   5                                              EEP_ROMadr++;
  34   5                                              APP_ROMadr++;
  35   5                                      }
  36   4                                      else
  37   4                                              dat[i]=0;
  38   4                              }
  39   3                              FMCR   = 1;
  40   3                              _nop_();  
  41   3                              _nop_();
  42   3                              _nop_();  
  43   3                              _nop_(); 
  44   3                              for(i=0;i<PAGE_SIZE;i++)
  45   3                              {ImageDat[i]=0;WDTCR |= 0x20;}                                                                               
             -             
  46   3                              FSADRH = 0;                                               
  47   3                              FSADRM = (unsigned char)(addr>>8);      
  48   3                              FSADRL = (unsigned char)addr;       
  49   3                              FIDR   = 0xA5;  
  50   3                              _nop_(); 
  51   3                              _nop_();
  52   3                              _nop_();  
C51 COMPILER V9.00   BOOT                                                                  08/09/2018 17:20:00 PAGE 2   

  53   3                              _nop_();
  54   3                              FMCR   = 0x02;                                             
  55   3                              _nop_(); 
  56   3                              _nop_();
  57   3                              _nop_();  
  58   3                              _nop_();
  59   3                              FIDR   = 0;
  60   3                              FMCR   = 0;  
  61   3                              FSADRH = 0;
  62   3                              FSADRM = (unsigned char)(APP_ADDRESS_START >> 8);           
  63   3                              FSADRL = (unsigned char)APP_ADDRESS_START;       
  64   3                              FMCR =1;//Reset
  65   3                              _nop_();  
  66   3                              _nop_();
  67   3                              _nop_();  
  68   3                              _nop_();                
  69   3                              for(i=0; i<PAGE_SIZE;i++){ImageDat[i]=dat[i];}    
  70   3                              FSADRH = 0;                                               
  71   3                              FSADRM = (unsigned char)(addr>>8);      
  72   3                              FSADRL = (unsigned char)addr;                   
  73   3                              FIDR   = 0xA5;   
  74   3                              _nop_();  
  75   3                              _nop_();
  76   3                              _nop_();
  77   3                              _nop_(); 
  78   3                              FMCR   = 0x03;                                       
  79   3                              _nop_();  
  80   3                              _nop_();
  81   3                              _nop_();
  82   3                              _nop_(); 
  83   3                              FIDR   = 0;
  84   3                              FMCR   = 0;  
  85   3                              FSADRH = 0;
  86   3                              FSADRM = (unsigned char)(APP_ADDRESS_START >> 8);           
  87   3                              FSADRL = (unsigned char)APP_ADDRESS_START;       
  88   3                              if((APP_ROMadr>=(EEP_ADDRESS_MSG_START))&&(APP_ROMadr<=(EEP_ADDRESS_MSG_END+1)))
  89   3                              {
  90   4                               WDTCR |= 0x20;
  91   4                               ((void (code *) (void))0x0000)(); 
  92   4                              }
  93   3                              if(APP_ROMadr==(0x0100))
  94   3                              {
  95   4                         APP_ROMadr=0x0500;
  96   4                       EEP_ROMadr=EEP_ADDRESS_START+0x0500;
  97   4                              }
  98   3                        if(APP_ROMadr>=(APP_ADDRESS_END))
  99   3                              {
 100   4                                      APP_ROMadr=EEP_ADDRESS_MSG_START;       
 101   4                              }
 102   3                      }
 103   2              }
 104   1              ((void (code *) (void))0x0500)();
 105   1              sei();   
 106   1      }


MODULE INFORMATION:   STATIC OVERLAYABLE
   CODE SIZE        =    642    ----
   CONSTANT SIZE    =   ----    ----
   XDATA SIZE       =   ----       9
   PDATA SIZE       =   ----    ----
   DATA SIZE        =   ----    ----
C51 COMPILER V9.00   BOOT                                                                  08/09/2018 17:20:00 PAGE 3   

   IDATA SIZE       =   ----    ----
   BIT SIZE         =   ----    ----
END OF MODULE INFORMATION.


C51 COMPILATION COMPLETE.  0 WARNING(S),  0 ERROR(S)
