BL51 BANKED LINKER/LOCATER V6.22                                                        10/05/2018  16:42:23  PAGE 1


BL51 BANKED LINKER/LOCATER V6.22, INVOKED BY:
D:\PROGRAMFILES\KEIL_V5\C51\BIN\BL51.EXE .\Objects\STARTUP.obj, .\Objects\app_main.obj, .\Objects\boot.obj, .\Objects\bt
>> _mode.obj, .\Objects\Flash.obj, .\Objects\key.obj, .\Objects\main.obj, .\Objects\rgb.obj, .\Objects\uart.obj, .\Objec
>> ts\update.obj, .\Objects\voice_ic.obj, .\Objects\wifi_mode.obj, .\Objects\PWM.obj TO .\Objects\GP-AD001 PRINT (.\List
>> ings\GP-AD001.m51) RAMSIZE (256) CODE (0X0500-0X3FFF, ?PR?BOOTLOADER_HANDLE?BOOT (0X0100), ?PR?MAIN?MAIN (0X0500)) XD
>> ATA (0X0000-0X2FF)


MEMORY MODEL: LARGE


INPUT MODULES INCLUDED:
  .\Objects\STARTUP.obj (?C_STARTUP)
  .\Objects\app_main.obj (APP_MAIN)
  .\Objects\boot.obj (BOOT)
  .\Objects\bt_mode.obj (BT_MODE)
  .\Objects\Flash.obj (FLASH)
  .\Objects\key.obj (KEY)
  .\Objects\main.obj (MAIN)
  .\Objects\rgb.obj (RGB)
  .\Objects\uart.obj (UART)
  .\Objects\update.obj (UPDATE)
  .\Objects\voice_ic.obj (VOICE_IC)
  .\Objects\wifi_mode.obj (WIFI_MODE)
  .\Objects\PWM.obj (PWM)
  D:\PROGRAMFILES\KEIL_V5\C51\LIB\C51L.LIB (?C_INIT)
  D:\PROGRAMFILES\KEIL_V5\C51\LIB\C51L.LIB (?C?CLDPTR)
  D:\PROGRAMFILES\KEIL_V5\C51\LIB\C51L.LIB (?C?CLDOPTR)
  D:\PROGRAMFILES\KEIL_V5\C51\LIB\C51L.LIB (?C?CSTPTR)
  D:\PROGRAMFILES\KEIL_V5\C51\LIB\C51L.LIB (?C?CSTOPTR)
  D:\PROGRAMFILES\KEIL_V5\C51\LIB\C51L.LIB (?C?IILDX)
  D:\PROGRAMFILES\KEIL_V5\C51\LIB\C51L.LIB (?C?ILDIX)
  D:\PROGRAMFILES\KEIL_V5\C51\LIB\C51L.LIB (?C?CCASE)


LINK MAP OF MODULE:  .\Objects\GP-AD001 (?C_STARTUP)


            TYPE    BASE      LENGTH    RELOCATION   SEGMENT NAME
            -----------------------------------------------------

            * * * * * * *   D A T A   M E M O R Y   * * * * * * *
            REG     0000H     0008H     ABSOLUTE     "REG BANK 0"
            IDATA   0008H     000DH     UNIT         ?ID?APP_MAIN
            IDATA   0015H     000BH     UNIT         ?ID?UPDATE
            BIT     0020H.0   0002H.2   UNIT         ?BI?APP_MAIN
            BIT     0022H.2   0000H.7   UNIT         ?BI?BT_MODE
            BIT     0023H.1   0000H.3   UNIT         ?BI?VOICE_IC
            BIT     0023H.4   0000H.1   UNIT         ?BI?KEY
            BIT     0023H.5   0000H.1   UNIT         ?BI?MAIN
                    0023H.6   0000H.2                *** GAP ***
            IDATA   0024H     000BH     UNIT         ?ID?VOICE_IC
            IDATA   002FH     0008H     UNIT         ?ID?BT_MODE
            IDATA   0037H     0007H     UNIT         ?ID?UART
            IDATA   003EH     0001H     UNIT         ?STACK

            * * * * * * *  X D A T A   M E M O R Y  * * * * * * *
            XDATA   0000H     01F9H     UNIT         ?XD?UART
BL51 BANKED LINKER/LOCATER V6.22                                                      10/05/2018  16:42:23  PAGE 2


            XDATA   01F9H     0029H     UNIT         ?XD?APP_MAIN
            XDATA   0222H     0019H     UNIT         ?XD?BT_MODE
            XDATA   023BH     0019H     UNIT         _XDATA_GROUP_
            XDATA   0254H     0012H     UNIT         ?XD?RGB
            XDATA   0266H     000CH     UNIT         ?XD?KEY
            XDATA   0272H     0004H     UNIT         ?XD?FLASH
            XDATA   0276H     0003H     UNIT         ?XD?VOICE_IC
            XDATA   0279H     0002H     UNIT         ?XD?UPDATE
                    027BH     0D85H                  *** GAP ***
            XDATA   1000H     0001H     ABSOLUTE     
            XDATA   1001H     0001H     ABSOLUTE     
            XDATA   1002H     0001H     ABSOLUTE     
            XDATA   1003H     0001H     ABSOLUTE     
            XDATA   1004H     0001H     ABSOLUTE     
            XDATA   1005H     0001H     ABSOLUTE     
            XDATA   1006H     0001H     ABSOLUTE     
            XDATA   1007H     0001H     ABSOLUTE     
            XDATA   1008H     0001H     ABSOLUTE     
            XDATA   1009H     0001H     ABSOLUTE     
            XDATA   100AH     0001H     ABSOLUTE     
            XDATA   100BH     0001H     ABSOLUTE     
            XDATA   100CH     0001H     ABSOLUTE     
            XDATA   100DH     0001H     ABSOLUTE     
            XDATA   100EH     0001H     ABSOLUTE     
            XDATA   100FH     0001H     ABSOLUTE     
            XDATA   1010H     0001H     ABSOLUTE     
            XDATA   1011H     0001H     ABSOLUTE     
            XDATA   1012H     0001H     ABSOLUTE     
            XDATA   1013H     0001H     ABSOLUTE     
            XDATA   1014H     0001H     ABSOLUTE     
            XDATA   1015H     0001H     ABSOLUTE     
                    1016H     0022H                  *** GAP ***
            XDATA   1038H     0001H     ABSOLUTE     

            * * * * * * *   C O D E   M E M O R Y   * * * * * * *
            CODE    0000H     0003H     ABSOLUTE     
                    0003H     0018H                  *** GAP ***
            CODE    001BH     0003H     ABSOLUTE     
                    001EH     0005H                  *** GAP ***
            CODE    0023H     0003H     ABSOLUTE     
                    0026H     0025H                  *** GAP ***
            CODE    004BH     0003H     ABSOLUTE     
                    004EH     0005H                  *** GAP ***
            CODE    0053H     0003H     ABSOLUTE     
                    0056H     0015H                  *** GAP ***
            CODE    006BH     0003H     ABSOLUTE     
                    006EH     000DH                  *** GAP ***
            CODE    007BH     0003H     ABSOLUTE     
                    007EH     0005H                  *** GAP ***
            CODE    0083H     0003H     ABSOLUTE     
                    0086H     0005H                  *** GAP ***
            CODE    008BH     0003H     ABSOLUTE     
                    008EH     0015H                  *** GAP ***
            CODE    00A3H     0003H     ABSOLUTE     
                    00A6H     005AH                  *** GAP ***
            CODE    0100H     0282H     UNIT         ?PR?BOOTLOADER_HANDLE?BOOT
                    0382H     017EH                  *** GAP ***
BL51 BANKED LINKER/LOCATER V6.22                                                      10/05/2018  16:42:23  PAGE 3


            CODE    0500H     002FH     UNIT         ?PR?MAIN?MAIN
            CODE    052FH     099CH     UNIT         ?PR?_WIFI_COMMANDDEAL?WIFI_MODE
            CODE    0ECBH     0418H     UNIT         ?PR?UPDATE_HANDLE?UPDATE
            CODE    12E3H     0352H     UNIT         ?CO?WIFI_MODE
            CODE    1635H     02CEH     UNIT         ?PR?LED_RGB_PLAY?RGB
            CODE    1903H     027FH     UNIT         ?PR?KEYCOMMSG?KEY
            CODE    1B82H     01C7H     UNIT         ?PR?RGB_HANDLE?RGB
            CODE    1D49H     01BDH     UNIT         ?PR?DEALWITH_VOICE?VOICE_IC
            CODE    1F06H     0173H     UNIT         ?PR?_APPLICATIONGP389_ONOFF?WIFI_MODE
            CODE    2079H     0102H     UNIT         ?PR?_KEYEVENTPORC?KEY
            CODE    217BH     00FCH     UNIT         ?PR?BLUEMODE_RECEIVE?BT_MODE
            CODE    2277H     00F4H     UNIT         ?CO?BT_MODE
            CODE    236BH     00EDH     UNIT         ?PR?_HEX_TO_CHAR?WIFI_MODE
            CODE    2458H     00E5H     UNIT         ?PR?SETLED_HANDLE?APP_MAIN
            CODE    253DH     00D1H     UNIT         ?PR?LED_RGB_DRIVE?RGB
            CODE    260EH     00CCH     UNIT         ?C?LIB_CODE
            CODE    26DAH     00C9H     UNIT         ?PR?BLUEMODE_HANDLE?BT_MODE
            CODE    27A3H     00C8H     UNIT         ?PR?VOICE_IN_TIMER?VOICE_IC
            CODE    286BH     00B7H     UNIT         ?PR?GETKEYVALUE?KEY
            CODE    2922H     009AH     UNIT         ?C_C51STARTUP
            CODE    29BCH     0099H     UNIT         ?PR?COMPARE_1MINUTEPORC?APP_MAIN
            CODE    2A55H     0094H     UNIT         ?PR?_EEPROM_PAGE_WRITE_DATA?FLASH
            CODE    2AE9H     008FH     UNIT         ?PR?UART0_RECEIVE_PARSE?UART
            CODE    2B78H     006CH     UNIT         ?CO?KEY
            CODE    2BE4H     006CH     UNIT         ?PR?INT_USI1_RX?MAIN
            CODE    2C50H     006CH     UNIT         ?PR?UART0TRANSMIT_SENDSTRING_3STEP?UART
            CODE    2CBCH     0069H     UNIT         ?PR?_UART0TRANSMIT_SENDSTRING?UART
            CODE    2D25H     0067H     UNIT         ?PR?_CHAR_COMPARE?WIFI_MODE
            CODE    2D8CH     0064H     UNIT         ?PR?PWM_DUTYCYCLE_CHANGE?PWM
            CODE    2DF0H     005DH     UNIT         ?PR?SYS_TICK?APP_MAIN
            CODE    2E4DH     005BH     UNIT         ?PR?INT_USI0_RX?MAIN
            CODE    2EA8H     0053H     UNIT         ?PR?PORT_INIT?MAIN
            CODE    2EFBH     004FH     UNIT         ?PR?_EPROMERASECMD?FLASH
            CODE    2F4AH     004EH     UNIT         ?PR?TIMER4_INIT?MAIN
            CODE    2F98H     004AH     UNIT         ?PR?INT_TIMER4?MAIN
            CODE    2FE2H     0046H     UNIT         ?PR?_UART1TRANSMIT_SENDSTRING?BT_MODE
            CODE    3028H     0046H     UNIT         ?PR?INT_WT?MAIN
            CODE    306EH     0044H     UNIT         ?PR?APP_MAIN?APP_MAIN
            CODE    30B2H     0044H     UNIT         ?PR?INT_USI1_TX?MAIN
            CODE    30F6H     0044H     UNIT         ?PR?INT_USI0_TX?MAIN
            CODE    313AH     0044H     UNIT         ?PR?_CHAR_TO_HEX?WIFI_MODE
            CODE    317EH     0041H     UNIT         ?PR?_HEX_TO_CHAR_3BIT?WIFI_MODE
            CODE    31BFH     003EH     UNIT         ?PR?INT_TIMER3?MAIN
            CODE    31FDH     003EH     UNIT         ?PR?_PUTSTRING?UPDATE
            CODE    323BH     003BH     UNIT         ?PR?INT_TIMER0?MAIN
            CODE    3276H     0037H     UNIT         ?PR?_EPROMWRITECMD?FLASH
            CODE    32ADH     0035H     UNIT         ?PR?GP389_ON?WIFI_MODE
            CODE    32E2H     0033H     UNIT         ?PR?GP389_OFF?WIFI_MODE
            CODE    3315H     0031H     UNIT         ?PR?_CHAR_TO_BCD?WIFI_MODE
            CODE    3346H     002BH     UNIT         ?PR?_BT_SEND_CMD?BT_MODE
            CODE    3371H     002AH     UNIT         ?PR?POWERON_RESET?APP_MAIN
            CODE    339BH     0028H     UNIT         ?PR?_EEPROM_WR_FLAG_ENDABLE?FLASH
            CODE    33C3H     001EH     UNIT         ?PR?_VOICE_SEND?VOICE_IC
            CODE    33E1H     001EH     UNIT         ?PR?GP389_ON_APP?WIFI_MODE
            CODE    33FFH     001BH     UNIT         ?PR?CLOCK_INIT?MAIN
            CODE    341AH     0018H     UNIT         ?PR?UART1_INIT?MAIN
            CODE    3432H     0016H     UNIT         ?PR?TIMER2_INIT?MAIN
BL51 BANKED LINKER/LOCATER V6.22                                                      10/05/2018  16:42:23  PAGE 4


            CODE    3448H     0016H     UNIT         ?CO?UPDATE
            CODE    345EH     0015H     UNIT         ?PR?TIMER3_INIT?MAIN
            CODE    3473H     0014H     UNIT         ?PR?UART1_DEF_INIT?MAIN
            CODE    3487H     0013H     UNIT         ?PR?UART0_INIT?MAIN
            CODE    349AH     0012H     UNIT         ?PR?PWM_SHUTDOWN?PWM
            CODE    34ACH     0010H     UNIT         ?PR?_RGBCOLORSET?RGB
            CODE    34BCH     000FH     UNIT         ?CO?APP_MAIN
            CODE    34CBH     000FH     UNIT         ?PR?_ADC_START?MAIN
            CODE    34DAH     000FH     UNIT         ?CO?UART
            CODE    34E9H     000EH     UNIT         ?PR?_SET_VOICE_VOL?VOICE_IC
            CODE    34F7H     000DH     UNIT         ?PR?EEPROM_INIT?FLASH
            CODE    3504H     000DH     UNIT         ?PR?TIMER0_INIT?MAIN
            CODE    3511H     000DH     UNIT         ?PR?WT_INIT?MAIN
            CODE    351EH     000CH     UNIT         ?PR?WDT_INIT?MAIN
            CODE    352AH     000CH     UNIT         ?PR?_PUTCHAR?UPDATE
            CODE    3536H     000BH     UNIT         ?CO?VOICE_IC
            CODE    3541H     0009H     UNIT         ?PR?ADC_READ?MAIN
            CODE    354AH     0008H     UNIT         ?PR?EPROMRESETCMD?FLASH
            CODE    3552H     0008H     UNIT         ?PR?_EEPROM_BYTE_READ_DATA?FLASH
            CODE    355AH     0008H     UNIT         ?PR?LCD_INIT?MAIN
            CODE    3562H     0008H     UNIT         ?PR?PWM_OPEN?PWM
            CODE    356AH     0007H     UNIT         ?C_INITSEG
            CODE    3571H     0007H     UNIT         ?PR?ADC_INIT?MAIN
            CODE    3578H     0006H     UNIT         ?PR?KEYSCAN?KEY
            CODE    357EH     0004H     UNIT         ?PR?WDT_CLEAR?MAIN
            CODE    3582H     0003H     UNIT         ?PR?PROGRAM_RESET?FLASH
            CODE    3585H     0001H     UNIT         ?PR?INT_TIMER2?MAIN



OVERLAY MAP OF MODULE:   .\Objects\GP-AD001 (?C_STARTUP)


SEGMENT                                           XDATA_GROUP
  +--> CALLED SEGMENT                           START    LENGTH
---------------------------------------------------------------
?C_C51STARTUP                                   -----    -----
  +--> ?PR?MAIN?MAIN
  +--> ?C_INITSEG

?PR?MAIN?MAIN                                   -----    -----
  +--> ?PR?PORT_INIT?MAIN
  +--> ?PR?CLOCK_INIT?MAIN
  +--> ?PR?ADC_INIT?MAIN
  +--> ?PR?LCD_INIT?MAIN
  +--> ?PR?TIMER0_INIT?MAIN
  +--> ?PR?TIMER2_INIT?MAIN
  +--> ?PR?TIMER3_INIT?MAIN
  +--> ?PR?TIMER4_INIT?MAIN
  +--> ?PR?UART0_INIT?MAIN
  +--> ?PR?WT_INIT?MAIN
  +--> ?PR?WDT_INIT?MAIN
  +--> ?PR?APP_MAIN?APP_MAIN
  +--> ?PR?BOOTLOADER_HANDLE?BOOT

?PR?WDT_INIT?MAIN                               -----    -----
  +--> ?PR?WDT_CLEAR?MAIN
BL51 BANKED LINKER/LOCATER V6.22                                                      10/05/2018  16:42:23  PAGE 5



?PR?APP_MAIN?APP_MAIN                           -----    -----
  +--> ?PR?POWERON_RESET?APP_MAIN
  +--> ?PR?UART0_RECEIVE_PARSE?UART
  +--> ?PR?KEYSCAN?KEY
  +--> ?PR?KEYCOMMSG?KEY
  +--> ?PR?PWM_DUTYCYCLE_CHANGE?PWM
  +--> ?PR?BLUEMODE_HANDLE?BT_MODE
  +--> ?PR?DEALWITH_VOICE?VOICE_IC
  +--> ?PR?RGB_HANDLE?RGB
  +--> ?PR?SETLED_HANDLE?APP_MAIN
  +--> ?PR?UART0TRANSMIT_SENDSTRING_3STEP?UART
  +--> ?PR?COMPARE_1MINUTEPORC?APP_MAIN
  +--> ?PR?WDT_CLEAR?MAIN

?PR?POWERON_RESET?APP_MAIN                      -----    -----
  +--> ?PR?_APPLICATIONGP389_ONOFF?WIFI_MODE

?PR?_APPLICATIONGP389_ONOFF?WIFI_MODE           0242H    0001H
  +--> ?PR?WDT_CLEAR?MAIN
  +--> ?CO?WIFI_MODE
  +--> ?PR?_HEX_TO_CHAR?WIFI_MODE

?PR?_HEX_TO_CHAR?WIFI_MODE                      -----    -----
  +--> ?PR?_HEX_TO_CHAR_3BIT?WIFI_MODE

?PR?UART0_RECEIVE_PARSE?UART                    -----    -----
  +--> ?PR?WDT_CLEAR?MAIN
  +--> ?PR?_WIFI_COMMANDDEAL?WIFI_MODE

?PR?_WIFI_COMMANDDEAL?WIFI_MODE                 023BH    0007H
  +--> ?CO?WIFI_MODE
  +--> ?PR?_CHAR_COMPARE?WIFI_MODE
  +--> ?PR?_UART0TRANSMIT_SENDSTRING?UART
  +--> ?PR?GP389_ON?WIFI_MODE
  +--> ?PR?GP389_ON_APP?WIFI_MODE
  +--> ?PR?_CHAR_TO_HEX?WIFI_MODE
  +--> ?PR?GP389_OFF?WIFI_MODE
  +--> ?PR?_CHAR_TO_BCD?WIFI_MODE
  +--> ?PR?_HEX_TO_CHAR?WIFI_MODE
  +--> ?PR?UPDATE_HANDLE?UPDATE
  +--> ?PR?_BT_SEND_CMD?BT_MODE

?PR?_CHAR_COMPARE?WIFI_MODE                     0242H    0006H
  +--> ?CO?WIFI_MODE

?PR?_UART0TRANSMIT_SENDSTRING?UART              0242H    0003H
  +--> ?PR?WDT_CLEAR?MAIN

?PR?GP389_ON?WIFI_MODE                          -----    -----
  +--> ?PR?_APPLICATIONGP389_ONOFF?WIFI_MODE

?PR?GP389_ON_APP?WIFI_MODE                      -----    -----
  +--> ?PR?_APPLICATIONGP389_ONOFF?WIFI_MODE

?PR?GP389_OFF?WIFI_MODE                         -----    -----
  +--> ?PR?_APPLICATIONGP389_ONOFF?WIFI_MODE
BL51 BANKED LINKER/LOCATER V6.22                                                      10/05/2018  16:42:23  PAGE 6



?PR?UPDATE_HANDLE?UPDATE                        0242H    0009H
  +--> ?PR?_PUTCHAR?UPDATE
  +--> ?PR?WDT_CLEAR?MAIN
  +--> ?CO?UPDATE
  +--> ?PR?_PUTSTRING?UPDATE
  +--> ?PR?_EEPROM_PAGE_WRITE_DATA?FLASH
  +--> ?PR?_EEPROM_BYTE_READ_DATA?FLASH

?PR?_PUTSTRING?UPDATE                           024BH    0003H

?PR?_EEPROM_PAGE_WRITE_DATA?FLASH               024BH    0009H
  +--> ?PR?_EEPROM_WR_FLAG_ENDABLE?FLASH
  +--> ?PR?_EPROMERASECMD?FLASH
  +--> ?PR?EPROMRESETCMD?FLASH
  +--> ?PR?_EPROMWRITECMD?FLASH

?PR?_EPROMERASECMD?FLASH                        -----    -----
  +--> ?PR?EPROMRESETCMD?FLASH
  +--> ?PR?PROGRAM_RESET?FLASH
  +--> ?PR?EEPROM_INIT?FLASH

?PR?_EPROMWRITECMD?FLASH                        -----    -----
  +--> ?PR?PROGRAM_RESET?FLASH
  +--> ?PR?EEPROM_INIT?FLASH

?PR?_BT_SEND_CMD?BT_MODE                        -----    -----
  +--> ?CO?BT_MODE
  +--> ?PR?_UART1TRANSMIT_SENDSTRING?BT_MODE

?PR?KEYSCAN?KEY                                 -----    -----
  +--> ?PR?GETKEYVALUE?KEY
  +--> ?PR?_KEYEVENTPORC?KEY

?PR?GETKEYVALUE?KEY                             023BH    0001H
  +--> ?PR?ADC_READ?MAIN
  +--> ?CO?KEY
  +--> ?PR?_ADC_START?MAIN

?PR?KEYCOMMSG?KEY                               -----    -----
  +--> ?PR?GP389_OFF?WIFI_MODE
  +--> ?PR?GP389_ON?WIFI_MODE
  +--> ?CO?KEY
  +--> ?PR?_UART0TRANSMIT_SENDSTRING?UART
  +--> ?PR?_BT_SEND_CMD?BT_MODE

?PR?BLUEMODE_HANDLE?BT_MODE                     -----    -----
  +--> ?PR?BLUEMODE_RECEIVE?BT_MODE
  +--> ?PR?UART1_DEF_INIT?MAIN
  +--> ?PR?UART1_INIT?MAIN
  +--> ?PR?_BT_SEND_CMD?BT_MODE

?PR?BLUEMODE_RECEIVE?BT_MODE                    023BH    0003H
  +--> ?CO?BT_MODE

?PR?DEALWITH_VOICE?VOICE_IC                     -----    -----
  +--> ?PR?UART1_INIT?MAIN
BL51 BANKED LINKER/LOCATER V6.22                                                      10/05/2018  16:42:23  PAGE 7


  +--> ?CO?WIFI_MODE
  +--> ?PR?_UART0TRANSMIT_SENDSTRING?UART
  +--> ?PR?_VOICE_SEND?VOICE_IC
  +--> ?PR?_BT_SEND_CMD?BT_MODE

?PR?RGB_HANDLE?RGB                              -----    -----
  +--> ?PR?_RGBCOLORSET?RGB
  +--> ?PR?LED_RGB_PLAY?RGB

?PR?UART0TRANSMIT_SENDSTRING_3STEP?UART         -----    -----
  +--> ?PR?WDT_CLEAR?MAIN
  +--> ?CO?UART
  +--> ?PR?_UART0TRANSMIT_SENDSTRING?UART
  +--> ?PR?_APPLICATIONGP389_ONOFF?WIFI_MODE

?PR?COMPARE_1MINUTEPORC?APP_MAIN                -----    -----
  +--> ?CO?APP_MAIN
  +--> ?PR?_UART0TRANSMIT_SENDSTRING?UART
  +--> ?PR?GP389_OFF?WIFI_MODE
  +--> ?PR?_APPLICATIONGP389_ONOFF?WIFI_MODE

?PR?BOOTLOADER_HANDLE?BOOT                      023BH    0009H

*** NEW ROOT ***************************************************

?PR?INT_TIMER0?MAIN                             -----    -----
  +--> ?PR?SYS_TICK?APP_MAIN

*** NEW ROOT ***************************************************

?PR?INT_TIMER3?MAIN                             -----    -----
  +--> ?PR?LED_RGB_DRIVE?RGB
  +--> ?PR?VOICE_IN_TIMER?VOICE_IC



SYMBOL TABLE OF MODULE:  .\Objects\GP-AD001 (?C_STARTUP)

  VALUE           TYPE          NAME
  ----------------------------------

  -------         MODULE        ?C_STARTUP
  C:2922H         SEGMENT       ?C_C51STARTUP
  I:003EH         SEGMENT       ?STACK
  C:0000H         PUBLIC        ?C_STARTUP
  D:00E0H         SYMBOL        ACC
  D:00F0H         SYMBOL        B
  D:0083H         SYMBOL        DPH
  D:0082H         SYMBOL        DPL
  N:0000H         SYMBOL        IBPSTACK
  N:0100H         SYMBOL        IBPSTACKTOP
  N:0100H         SYMBOL        IDATALEN
  C:2925H         SYMBOL        IDATALOOP
  N:0000H         SYMBOL        PBPSTACK
  N:0000H         SYMBOL        PBPSTACKTOP
  N:0000H         SYMBOL        PDATALEN
  N:0000H         SYMBOL        PDATASTART
BL51 BANKED LINKER/LOCATER V6.22                                                      10/05/2018  16:42:23  PAGE 8


  N:0000H         SYMBOL        PPAGE
  N:0000H         SYMBOL        PPAGEENABLE
  D:00A0H         SYMBOL        PPAGE_SFR
  D:0081H         SYMBOL        SP
  C:2922H         SYMBOL        STARTUP1
  N:0000H         SYMBOL        XBPSTACK
  N:0000H         SYMBOL        XBPSTACKTOP
  N:0300H         SYMBOL        XDATALEN
  C:2930H         SYMBOL        XDATALOOP
  N:0000H         SYMBOL        XDATASTART
  C:0000H         LINE#         94
  C:2922H         LINE#         101
  C:2924H         LINE#         102
  C:2925H         LINE#         103
  C:2926H         LINE#         104
  C:2928H         LINE#         108
  C:292BH         LINE#         109
  C:292DH         LINE#         113
  C:292FH         LINE#         115
  C:2930H         LINE#         116
  C:2931H         LINE#         117
  C:2932H         LINE#         118
  C:2934H         LINE#         119
  C:2936H         LINE#         153
  C:2939H         LINE#         157
  -------         ENDMOD        ?C_STARTUP

  -------         MODULE        APP_MAIN
  C:0000H         SYMBOL        _ICE_DUMMY_
  D:0080H         PUBLIC        P0
  I:0008H         PUBLIC        gRTC_Hour_bk
  D:0090H         PUBLIC        P2
  B:0020H.0       PUBLIC        Flag_TestMode
  B:0020H.1       PUBLIC        enableMute
  I:0009H         PUBLIC        sys_volume_bk
  X:01F9H         PUBLIC        TimerMode
  C:3371H         PUBLIC        PowerON_Reset
  C:2458H         PUBLIC        setLed_Handle
  B:0020H.2       PUBLIC        Flag_alarm_wake_only
  X:01FAH         PUBLIC        PlayMode
  B:0020H.3       PUBLIC        Flag_data_bk
  B:0020H.4       PUBLIC        gbHalfSecond
  I:000AH         PUBLIC        gRTC_Minute
  B:0020H.5       PUBLIC        setFactory
  B:0020H.6       PUBLIC        Flag_alarm_say_to_IOT
  B:0020H.7       PUBLIC        Flag_time_sync
  X:01FBH         PUBLIC        program1
  X:0206H         PUBLIC        program2
  X:0211H         PUBLIC        program3
  B:0021H.0       PUBLIC        enableMute_bk
  X:021CH         PUBLIC        cntFlash
  I:000BH         PUBLIC        gRTC_Week
  B:0021H.1       PUBLIC        AppTick1ms
  X:021DH         PUBLIC        gRTC_Hour_bk_24
  C:306EH         PUBLIC        app_main
  B:0021H.2       PUBLIC        Flag_Demo_Mode
  I:000CH         PUBLIC        cntTimer
BL51 BANKED LINKER/LOCATER V6.22                                                      10/05/2018  16:42:23  PAGE 9


  I:000DH         PUBLIC        PlayMode_bk
  I:000EH         PUBLIC        gRTC_Sec
  I:000FH         PUBLIC        gRTC_Hour
  B:0021H.3       PUBLIC        setReset
  I:0010H         PUBLIC        gRTC_Minute_bk
  I:0011H         PUBLIC        color_mode_bk
  I:0012H         PUBLIC        sys_volume
  B:0021H.4       PUBLIC        AppTick0
  B:0021H.5       PUBLIC        AppTick1
  B:0021H.6       PUBLIC        AppTick2
  B:0021H.7       PUBLIC        AppTick3
  B:0022H.0       PUBLIC        AppTick4
  B:0022H.1       PUBLIC        AppTick5
  X:021EH         PUBLIC        Led_Flash
  X:021FH         PUBLIC        timeSync_PowerON_Cnt
  C:29BCH         PUBLIC        Compare_1MinutePorc
  C:2DF0H         PUBLIC        sys_tick
  X:0220H         PUBLIC        Falg_TimeSync_Allow
  I:0013H         PUBLIC        cntAppTick
  I:0014H         PUBLIC        gRTC_Sec_bk
  X:0221H         PUBLIC        cntFlag_ON_OFF
  -------         PROC          SYS_TICK
  C:2DF0H         LINE#         81
  C:2DF0H         LINE#         82
  C:2DF0H         LINE#         83
  C:2DF2H         LINE#         84
  C:2DF8H         LINE#         85
  C:2DFAH         LINE#         86
  C:2DFEH         LINE#         87
  C:2E00H         LINE#         88
  C:2E04H         LINE#         89
  C:2E06H         LINE#         90
  C:2E0AH         LINE#         91
  C:2E0CH         LINE#         92
  C:2E10H         LINE#         93
  C:2E12H         LINE#         94
  C:2E16H         LINE#         95
  C:2E18H         LINE#         96
  C:2E1DH         LINE#         97
  C:2E1DH         LINE#         98
  C:2E23H         LINE#         99
  C:2E26H         LINE#         100
  C:2E2CH         LINE#         101
  C:2E2FH         LINE#         102
  C:2E35H         LINE#         103
  C:2E38H         LINE#         104
  C:2E3EH         LINE#         105
  C:2E41H         LINE#         106
  C:2E41H         LINE#         107
  C:2E4AH         LINE#         108
  C:2E4CH         LINE#         109
  -------         ENDPROC       SYS_TICK
  -------         PROC          COMPARE_1MINUTEPORC
  C:29BCH         LINE#         117
  C:29BCH         LINE#         118
  C:29BCH         LINE#         120
  C:29C8H         LINE#         121
BL51 BANKED LINKER/LOCATER V6.22                                                      10/05/2018  16:42:23  PAGE 10


  C:29C8H         LINE#         122
  C:29CAH         LINE#         133
  C:29D1H         LINE#         134
  C:29D1H         LINE#         136
  C:29D7H         LINE#         137
  C:29DDH         LINE#         138
  C:29DDH         LINE#         139
  C:29DFH         LINE#         140
  C:29E3H         LINE#         141
  C:29ECH         LINE#         142
  C:29F2H         LINE#         143
  C:29F2H         LINE#         144
  C:29F2H         LINE#         198
  C:29FBH         LINE#         199
  C:29FBH         LINE#         200
  C:29FDH         LINE#         201
  C:2A06H         LINE#         202
  C:2A06H         LINE#         203
  C:2A09H         LINE#         207
  C:2A0DH         LINE#         208
  C:2A1CH         LINE#         209
  C:2A1CH         LINE#         246
  C:2A23H         LINE#         247
  C:2A23H         LINE#         248
  C:2A29H         LINE#         249
  C:2A2FH         LINE#         250
  C:2A2FH         LINE#         251
  C:2A31H         LINE#         252
  C:2A33H         LINE#         253
  C:2A33H         LINE#         254
  C:2A33H         LINE#         256
  C:2A3CH         LINE#         257
  C:2A3CH         LINE#         258
  C:2A3EH         LINE#         259
  C:2A44H         LINE#         260
  C:2A4AH         LINE#         261
  C:2A4AH         LINE#         262
  C:2A4CH         LINE#         263
  C:2A52H         LINE#         264
  C:2A54H         LINE#         265
  C:2A54H         LINE#         266
  C:2A54H         LINE#         267
  C:2A54H         LINE#         268
  C:2A54H         LINE#         269
  -------         ENDPROC       COMPARE_1MINUTEPORC
  -------         PROC          SETLED_HANDLE
  C:2458H         LINE#         277
  C:2458H         LINE#         278
  C:2458H         LINE#         279
  C:245BH         LINE#         280
  C:245BH         LINE#         281
  C:2466H         LINE#         282
  C:2466H         LINE#         283
  C:2468H         LINE#         284
  C:2473H         LINE#         285
  C:2475H         LINE#         286
  C:2475H         LINE#         287
BL51 BANKED LINKER/LOCATER V6.22                                                      10/05/2018  16:42:23  PAGE 11


  C:2485H         LINE#         288
  C:2491H         LINE#         289
  C:2498H         LINE#         291
  C:249BH         LINE#         292
  C:249BH         LINE#         296
  C:24A6H         LINE#         297
  C:24A6H         LINE#         298
  C:24A8H         LINE#         299
  C:24B3H         LINE#         300
  C:24B3H         LINE#         301
  C:24B5H         LINE#         306
  C:24B8H         LINE#         307
  C:24B8H         LINE#         309
  C:24B8H         LINE#         310
  C:24BBH         LINE#         311
  C:24BEH         LINE#         312
  C:24C0H         LINE#         313
  C:24C0H         LINE#         314
  C:24C3H         LINE#         315
  C:24C3H         LINE#         316
  C:24CEH         LINE#         317
  C:24CEH         LINE#         318
  C:24D0H         LINE#         319
  C:24DBH         LINE#         320
  C:24DDH         LINE#         321
  C:24DDH         LINE#         324
  C:24E6H         LINE#         325
  C:24E8H         LINE#         326
  C:24F7H         LINE#         327
  C:24F7H         LINE#         328
  C:24FAH         LINE#         329
  C:24FDH         LINE#         330
  C:2500H         LINE#         331
  C:2508H         LINE#         332
  C:2509H         LINE#         333
  C:2511H         LINE#         334
  C:2511H         LINE#         335
  C:2514H         LINE#         336
  C:2517H         LINE#         337
  C:2517H         LINE#         338
  C:2519H         LINE#         339
  C:251DH         LINE#         340
  C:251DH         LINE#         341
  C:2520H         LINE#         342
  C:2523H         LINE#         343
  C:2523H         LINE#         344
  C:2525H         LINE#         345
  C:2529H         LINE#         346
  C:2529H         LINE#         347
  C:252CH         LINE#         348
  C:252FH         LINE#         349
  C:2533H         LINE#         350
  C:2533H         LINE#         352
  C:2533H         LINE#         353
  C:2536H         LINE#         354
  C:2539H         LINE#         355
  C:253CH         LINE#         356
BL51 BANKED LINKER/LOCATER V6.22                                                      10/05/2018  16:42:23  PAGE 12


  C:253CH         LINE#         357
  -------         ENDPROC       SETLED_HANDLE
  -------         PROC          POWERON_RESET
  C:3371H         LINE#         365
  C:3371H         LINE#         366
  C:3371H         LINE#         369
  C:3375H         LINE#         370
  C:337BH         LINE#         371
  C:337FH         LINE#         372
  C:3381H         LINE#         373
  C:3384H         LINE#         374
  C:3388H         LINE#         375
  C:3394H         LINE#         376
  C:339AH         LINE#         423
  -------         ENDPROC       POWERON_RESET
  -------         PROC          APP_MAIN
  C:306EH         LINE#         431
  C:306EH         LINE#         432
  C:306EH         LINE#         433
  C:3071H         LINE#         477
  C:3071H         LINE#         478
  C:3071H         LINE#         479
  C:3074H         LINE#         480
  C:3077H         LINE#         481
  C:3077H         LINE#         482
  C:3079H         LINE#         483
  C:3079H         LINE#         484
  C:307CH         LINE#         485
  C:307CH         LINE#         486
  C:307EH         LINE#         487
  C:3081H         LINE#         488
  C:3084H         LINE#         489
  C:3084H         LINE#         490
  C:3087H         LINE#         491
  C:3087H         LINE#         492
  C:3089H         LINE#         493
  C:308CH         LINE#         494
  C:308FH         LINE#         495
  C:308FH         LINE#         496
  C:3092H         LINE#         497
  C:3092H         LINE#         498
  C:3094H         LINE#         499
  C:3097H         LINE#         500
  C:3097H         LINE#         501
  C:309AH         LINE#         502
  C:309AH         LINE#         503
  C:309CH         LINE#         504
  C:309FH         LINE#         505
  C:309FH         LINE#         506
  C:30A2H         LINE#         507
  C:30A2H         LINE#         508
  C:30A4H         LINE#         509
  C:30A7H         LINE#         510
  C:30AAH         LINE#         511
  C:30ADH         LINE#         512
  C:30ADH         LINE#         513
  C:30B0H         LINE#         514
BL51 BANKED LINKER/LOCATER V6.22                                                      10/05/2018  16:42:23  PAGE 13


  -------         ENDPROC       APP_MAIN
  -------         ENDMOD        APP_MAIN

  -------         MODULE        BOOT
  C:0000H         SYMBOL        _ICE_DUMMY_
  D:008DH         PUBLIC        WDTCR
  D:00A8H         PUBLIC        IE
  D:00FDH         PUBLIC        FIDR
  D:00FEH         PUBLIC        FMCR
  D:00FAH         PUBLIC        FSADRH
  D:00FCH         PUBLIC        FSADRL
  D:00FBH         PUBLIC        FSADRM
  C:0100H         PUBLIC        BootLoader_handle
  -------         PROC          BOOTLOADER_HANDLE
  -------         DO            
  X:023BH         SYMBOL        i
  D:0004H         SYMBOL        addr
  X:023CH         SYMBOL        dat
  X:023EH         SYMBOL        ImageDat
  X:0240H         SYMBOL        APP_ROMadr
  X:0242H         SYMBOL        EEP_ROMadr
  -------         ENDDO         
  C:0100H         LINE#         3
  C:0100H         LINE#         4
  C:0100H         LINE#         7
  C:010AH         LINE#         8
  C:0111H         LINE#         12
  C:011FH         LINE#         13
  C:0138H         LINE#         14
  C:014FH         LINE#         15
  C:014FH         LINE#         16
  C:016DH         LINE#         17
  C:017BH         LINE#         18
  C:0183H         LINE#         19
  C:01C7H         LINE#         20
  C:01C7H         LINE#         21
  C:01CAH         LINE#         22
  C:01D0H         LINE#         23
  C:01D6H         LINE#         24
  C:01D6H         LINE#         25
  C:01D6H         LINE#         26
  C:01D9H         LINE#         27
  C:01E3H         LINE#         28
  C:01F5H         LINE#         29
  C:01F5H         LINE#         30
  C:021BH         LINE#         31
  C:021BH         LINE#         32
  C:0239H         LINE#         33
  C:0247H         LINE#         34
  C:0255H         LINE#         35
  C:0257H         LINE#         37
  C:026AH         LINE#         38
  C:0273H         LINE#         39
  C:0276H         LINE#         40
  C:0277H         LINE#         41
  C:0278H         LINE#         42
  C:0279H         LINE#         43
BL51 BANKED LINKER/LOCATER V6.22                                                      10/05/2018  16:42:23  PAGE 14


  C:027AH         LINE#         44
  C:0289H         LINE#         45
  C:02A4H         LINE#         46
  C:02A7H         LINE#         47
  C:02AAH         LINE#         48
  C:02ACH         LINE#         49
  C:02AFH         LINE#         50
  C:02B0H         LINE#         51
  C:02B1H         LINE#         52
  C:02B2H         LINE#         53
  C:02B3H         LINE#         54
  C:02B6H         LINE#         55
  C:02B7H         LINE#         56
  C:02B8H         LINE#         57
  C:02B9H         LINE#         58
  C:02BAH         LINE#         59
  C:02BDH         LINE#         60
  C:02BFH         LINE#         61
  C:02C1H         LINE#         62
  C:02C4H         LINE#         63
  C:02C6H         LINE#         64
  C:02C9H         LINE#         65
  C:02CAH         LINE#         66
  C:02CBH         LINE#         67
  C:02CCH         LINE#         68
  C:02CDH         LINE#         69
  C:02FEH         LINE#         70
  C:0301H         LINE#         71
  C:0304H         LINE#         72
  C:0308H         LINE#         73
  C:030BH         LINE#         74
  C:030CH         LINE#         75
  C:030DH         LINE#         76
  C:030EH         LINE#         77
  C:030FH         LINE#         78
  C:0312H         LINE#         79
  C:0313H         LINE#         80
  C:0314H         LINE#         81
  C:0315H         LINE#         82
  C:0316H         LINE#         83
  C:0319H         LINE#         84
  C:031BH         LINE#         85
  C:031DH         LINE#         86
  C:0320H         LINE#         87
  C:0322H         LINE#         88
  C:0339H         LINE#         89
  C:0339H         LINE#         90
  C:033CH         LINE#         91
  C:033FH         LINE#         92
  C:033FH         LINE#         93
  C:034DH         LINE#         94
  C:034DH         LINE#         95
  C:0356H         LINE#         96
  C:035DH         LINE#         97
  C:035DH         LINE#         98
  C:036FH         LINE#         99
  C:036FH         LINE#         100
BL51 BANKED LINKER/LOCATER V6.22                                                      10/05/2018  16:42:23  PAGE 15


  C:0378H         LINE#         101
  C:0378H         LINE#         102
  C:037BH         LINE#         103
  C:037BH         LINE#         104
  C:037EH         LINE#         105
  C:0381H         LINE#         106
  -------         ENDPROC       BOOTLOADER_HANDLE
  -------         ENDMOD        BOOT

  -------         MODULE        BT_MODE
  C:0000H         SYMBOL        _ICE_DUMMY_
  D:0088H         PUBLIC        P1
  D:0090H         PUBLIC        P2
  I:002FH         PUBLIC        Uart1_EnableSend
  C:2FE2H         PUBLIC        _Uart1Transmit_SendString
  X:0222H         PUBLIC        BT_Step
  B:0022H.2       PUBLIC        Uart1_ReceiveBuffer_A_B
  B:0022H.3       PUBLIC        BT_Work
  I:0030H         PUBLIC        Uart1_Rx_TimeOut
  I:0031H         PUBLIC        Uart1_Tx_TimeOut
  C:217BH         PUBLIC        BlueMode_Receive
  D:00F5H         PUBLIC        USI1DR
  B:0022H.4       PUBLIC        Uart1_RX_Finish_A
  I:0032H         PUBLIC        Uart1_Rx_Pointer
  C:26DAH         PUBLIC        BlueMode_Handle
  B:0022H.5       PUBLIC        Uart1_RX_Finish_B
  I:0033H         PUBLIC        Uart1_Tx_Pointer
  C:2277H         PUBLIC        BT_Command_tab
  I:0034H         PUBLIC        bt_volume
  B:0022H.6       PUBLIC        flag_bt_pause
  B:0022H.7       PUBLIC        flag_bt_conn
  X:0223H         PUBLIC        Uart1_TransmitBuffer
  B:0023H.0       PUBLIC        flag_bt_play
  I:0035H         PUBLIC        bt_cmd
  X:022BH         PUBLIC        Uart1_ReceiveBuffer_A
  X:0233H         PUBLIC        Uart1_ReceiveBuffer_B
  C:3346H         PUBLIC        _bt_send_cmd
  I:0036H         PUBLIC        cntMuteBT
  -------         PROC          _UART1TRANSMIT_SENDSTRING
  D:0001H         SYMBOL        str
  -------         DO            
  D:0007H         SYMBOL        i
  -------         ENDDO         
  C:2FE2H         LINE#         67
  C:2FE2H         LINE#         68
  C:2FE2H         LINE#         70
  C:2FE7H         LINE#         71
  C:2FE7H         LINE#         72
  C:2FF1H         LINE#         73
  C:2FF9H         LINE#         74
  C:2FF9H         LINE#         75
  C:3005H         LINE#         76
  C:300CH         LINE#         77
  C:300FH         LINE#         78
  C:3013H         LINE#         79
  C:3017H         LINE#         80
  C:3027H         LINE#         81
BL51 BANKED LINKER/LOCATER V6.22                                                      10/05/2018  16:42:23  PAGE 16


  -------         ENDPROC       _UART1TRANSMIT_SENDSTRING
  -------         PROC          _BT_SEND_CMD
  D:0007H         SYMBOL        cmd
  -------         DO            
  C:234FH         SYMBOL        bt_vol_send_tab
  -------         ENDDO         
  C:3346H         LINE#         89
  C:3346H         LINE#         90
  C:3346H         LINE#         92
  C:334CH         LINE#         93
  C:3358H         LINE#         95
  C:3370H         LINE#         96
  -------         ENDPROC       _BT_SEND_CMD
  -------         PROC          BLUEMODE_RECEIVE
  -------         DO            
  D:0007H         SYMBOL        i
  X:023BH         SYMBOL        BT_CMD
  -------         DO            
  C:235AH         SYMBOL        bt_vol_resp_tab
  -------         ENDDO         
  -------         ENDDO         
  C:217BH         LINE#         104
  C:217BH         LINE#         105
  C:217BH         LINE#         108
  C:2184H         LINE#         109
  C:2184H         LINE#         110
  C:2187H         LINE#         111
  C:2187H         LINE#         112
  C:2189H         LINE#         113
  C:2197H         LINE#         114
  C:2199H         LINE#         116
  C:2199H         LINE#         117
  C:219BH         LINE#         118
  C:21A9H         LINE#         119
  C:21A9H         LINE#         120
  C:21BBH         LINE#         121
  C:21BBH         LINE#         122
  C:21C5H         LINE#         123
  C:21C7H         LINE#         124
  C:21CBH         LINE#         125
  C:21CDH         LINE#         126
  C:21D5H         LINE#         127
  C:21D7H         LINE#         128
  C:21DAH         LINE#         129
  C:21DEH         LINE#         130
  C:21DEH         LINE#         131
  C:21E8H         LINE#         132
  C:21EAH         LINE#         133
  C:21EFH         LINE#         134
  C:21EFH         LINE#         135
  C:21F1H         LINE#         136
  C:21F8H         LINE#         137
  C:21F8H         LINE#         138
  C:21FAH         LINE#         139
  C:2201H         LINE#         140
  C:2201H         LINE#         141
  C:220BH         LINE#         142
BL51 BANKED LINKER/LOCATER V6.22                                                      10/05/2018  16:42:23  PAGE 17


  C:220BH         LINE#         143
  C:2211H         LINE#         144
  C:2211H         LINE#         145
  C:2211H         LINE#         146
  C:2213H         LINE#         147
  C:2218H         LINE#         148
  C:2218H         LINE#         149
  C:2220H         LINE#         150
  C:2220H         LINE#         152
  C:222EH         LINE#         153
  C:2233H         LINE#         155
  C:2249H         LINE#         156
  C:2251H         LINE#         157
  C:2253H         LINE#         158
  C:225BH         LINE#         159
  C:225BH         LINE#         160
  C:225BH         LINE#         161
  C:225DH         LINE#         162
  C:2276H         LINE#         163
  C:2276H         LINE#         164
  -------         ENDPROC       BLUEMODE_RECEIVE
  -------         PROC          BLUEMODE_HANDLE
  C:26DAH         LINE#         172
  C:26DAH         LINE#         173
  C:26DAH         LINE#         174
  C:26DDH         LINE#         175
  C:26E8H         LINE#         176
  C:26E8H         LINE#         177
  C:26EBH         LINE#         178
  C:26EBH         LINE#         179
  C:26EEH         LINE#         180
  C:26F0H         LINE#         181
  C:26F2H         LINE#         182
  C:26F9H         LINE#         183
  C:26FEH         LINE#         184
  C:26FEH         LINE#         185
  C:2700H         LINE#         186
  C:2714H         LINE#         187
  C:2714H         LINE#         188
  C:2714H         LINE#         189
  C:2717H         LINE#         190
  C:271AH         LINE#         191
  C:271AH         LINE#         192
  C:271CH         LINE#         193
  C:271CH         LINE#         194
  C:271FH         LINE#         195
  C:2722H         LINE#         196
  C:2722H         LINE#         197
  C:2724H         LINE#         198
  C:2724H         LINE#         199
  C:2724H         LINE#         200
  C:2726H         LINE#         201
  C:2726H         LINE#         202
  C:2726H         LINE#         203
  C:2726H         LINE#         204
  C:2728H         LINE#         205
  C:2728H         LINE#         206
BL51 BANKED LINKER/LOCATER V6.22                                                      10/05/2018  16:42:23  PAGE 18


  C:272BH         LINE#         207
  C:272BH         LINE#         208
  C:272DH         LINE#         209
  C:272DH         LINE#         210
  C:2736H         LINE#         211
  C:2736H         LINE#         212
  C:2738H         LINE#         213
  C:273DH         LINE#         214
  C:273FH         LINE#         215
  C:2745H         LINE#         216
  C:2745H         LINE#         217
  C:2748H         LINE#         218
  C:274CH         LINE#         219
  C:274CH         LINE#         220
  C:2751H         LINE#         221
  C:2751H         LINE#         222
  C:2759H         LINE#         223
  C:2759H         LINE#         224
  C:275CH         LINE#         225
  C:275DH         LINE#         227
  C:2760H         LINE#         228
  C:2761H         LINE#         230
  C:2761H         LINE#         231
  C:2764H         LINE#         232
  C:2764H         LINE#         233
  C:2765H         LINE#         234
  C:2765H         LINE#         235
  C:2765H         LINE#         237
  C:2765H         LINE#         238
  C:2768H         LINE#         239
  C:2768H         LINE#         240
  C:276CH         LINE#         241
  C:2770H         LINE#         242
  C:2770H         LINE#         243
  C:2772H         LINE#         244
  C:2786H         LINE#         245
  C:2786H         LINE#         246
  C:2786H         LINE#         247
  C:2789H         LINE#         248
  C:2789H         LINE#         249
  C:278BH         LINE#         250
  C:278BH         LINE#         251
  C:278BH         LINE#         252
  C:278DH         LINE#         253
  C:278DH         LINE#         254
  C:278DH         LINE#         255
  C:278FH         LINE#         256
  C:278FH         LINE#         257
  C:2792H         LINE#         258
  C:2798H         LINE#         259
  C:2799H         LINE#         260
  C:2799H         LINE#         261
  C:279FH         LINE#         262
  C:27A2H         LINE#         263
  C:27A2H         LINE#         264
  C:27A2H         LINE#         265
  C:27A2H         LINE#         266
BL51 BANKED LINKER/LOCATER V6.22                                                      10/05/2018  16:42:23  PAGE 19


  C:27A2H         LINE#         267
  C:27A2H         LINE#         268
  -------         ENDPROC       BLUEMODE_HANDLE
  -------         ENDMOD        BT_MODE

  -------         MODULE        FLASH
  C:0000H         SYMBOL        _ICE_DUMMY_
  C:339BH         PUBLIC        _eeprom_wr_flag_endable
  D:00A8H         PUBLIC        IE
  C:2A55H         PUBLIC        _eeprom_page_write_data
  C:3552H         PUBLIC        _eeprom_byte_read_data
  C:34F7H         PUBLIC        eeprom_init
  D:00FDH         PUBLIC        FIDR
  D:00FEH         PUBLIC        FMCR
  D:00FAH         PUBLIC        FSADRH
  D:00FCH         PUBLIC        FSADRL
  D:00FBH         PUBLIC        FSADRM
  C:3582H         PUBLIC        Program_Reset
  C:2EFBH         PUBLIC        _EpromEraseCMD
  C:354AH         PUBLIC        EpromResetCMD
  X:0272H         PUBLIC        eeprom_write_enable
  C:3276H         PUBLIC        _EpromWriteCMD
  -------         PROC          EEPROM_INIT
  C:34F7H         LINE#         6
  C:34F7H         LINE#         7
  C:34F7H         LINE#         8
  C:34FAH         LINE#         9
  C:34FCH         LINE#         10
  C:34FEH         LINE#         11
  C:3501H         LINE#         12
  C:3503H         LINE#         13
  -------         ENDPROC       EEPROM_INIT
  -------         PROC          PROGRAM_RESET
  C:3582H         LINE#         14
  C:3582H         LINE#         15
  C:3582H         LINE#         16
  -------         ENDPROC       PROGRAM_RESET
  -------         PROC          _EEPROM_WR_FLAG_ENDABLE
  D:0007H         SYMBOL        enable
  -------         DO            
  D:0006H         SYMBOL        i
  D:0005H         SYMBOL        ret
  -------         ENDDO         
  C:339BH         LINE#         18
  C:339BH         LINE#         19
  C:339BH         LINE#         20
  C:339DH         LINE#         21
  C:339FH         LINE#         22
  C:339FH         LINE#         23
  C:339FH         LINE#         24
  C:33A2H         LINE#         25
  C:33B0H         LINE#         27
  C:33BCH         LINE#         28
  C:33BDH         LINE#         29
  C:33C2H         LINE#         30
  -------         ENDPROC       _EEPROM_WR_FLAG_ENDABLE
  -------         PROC          EPROMRESETCMD
BL51 BANKED LINKER/LOCATER V6.22                                                      10/05/2018  16:42:23  PAGE 20


  C:354AH         LINE#         31
  C:354AH         LINE#         32
  C:354AH         LINE#         33
  C:354DH         LINE#         34
  C:354EH         LINE#         35
  C:354FH         LINE#         36
  C:3550H         LINE#         37
  C:3551H         LINE#         38
  -------         ENDPROC       EPROMRESETCMD
  -------         PROC          _EPROMWRITECMD
  D:0006H         SYMBOL        ptr_addr
  -------         DO            
  D:0004H         SYMBOL        tmp
  -------         ENDDO         
  C:3276H         LINE#         39
  C:3276H         LINE#         40
  C:3276H         LINE#         41
  C:327AH         LINE#         42
  C:327DH         LINE#         43
  C:3280H         LINE#         44
  C:3284H         LINE#         45
  C:3287H         LINE#         46
  C:329EH         LINE#         47
  C:329EH         LINE#         48
  C:32A1H         LINE#         49
  C:32A2H         LINE#         50
  C:32A3H         LINE#         51
  C:32A4H         LINE#         52
  C:32A5H         LINE#         53
  C:32A7H         LINE#         55
  C:32A7H         LINE#         56
  C:32AAH         LINE#         57
  C:32AAH         LINE#         58
  -------         ENDPROC       _EPROMWRITECMD
  -------         PROC          _EPROMERASECMD
  D:0006H         SYMBOL        ptr_addr
  -------         DO            
  D:0003H         SYMBOL        i
  D:0004H         SYMBOL        tmp
  D:0006H         SYMBOL        ImageDat
  -------         ENDDO         
  C:2EFBH         LINE#         60
  C:2EFBH         LINE#         61
  C:2EFBH         LINE#         63
  C:2EFFH         LINE#         64
  C:2F03H         LINE#         65
  C:2F06H         LINE#         66
  C:2F08H         LINE#         67
  C:2F17H         LINE#         68
  C:2F1AH         LINE#         69
  C:2F1DH         LINE#         70
  C:2F21H         LINE#         71
  C:2F24H         LINE#         72
  C:2F3BH         LINE#         73
  C:2F3BH         LINE#         74
  C:2F3EH         LINE#         75
  C:2F3FH         LINE#         76
BL51 BANKED LINKER/LOCATER V6.22                                                      10/05/2018  16:42:23  PAGE 21


  C:2F40H         LINE#         77
  C:2F41H         LINE#         78
  C:2F42H         LINE#         79
  C:2F44H         LINE#         81
  C:2F44H         LINE#         82
  C:2F47H         LINE#         83
  C:2F47H         LINE#         84
  -------         ENDPROC       _EPROMERASECMD
  -------         PROC          _EEPROM_PAGE_WRITE_DATA
  D:0006H         SYMBOL        eep_address
  X:024BH         SYMBOL        dat
  -------         DO            
  X:024EH         SYMBOL        i
  X:024FH         SYMBOL        j
  X:0250H         SYMBOL        ImageDat
  X:0252H         SYMBOL        ROMadr
  -------         ENDDO         
  C:2A55H         LINE#         86
  C:2A60H         LINE#         87
  C:2A60H         LINE#         89
  C:2A65H         LINE#         90
  C:2A6CH         LINE#         91
  C:2A72H         LINE#         92
  C:2A75H         LINE#         93
  C:2A7AH         LINE#         94
  C:2A85H         LINE#         95
  C:2A88H         LINE#         96
  C:2A8DH         LINE#         97
  C:2AC7H         LINE#         98
  C:2AD2H         LINE#         99
  C:2AD7H         LINE#         100
  C:2AE5H         LINE#         101
  C:2AE8H         LINE#         102
  C:2AE8H         LINE#         103
  -------         ENDPROC       _EEPROM_PAGE_WRITE_DATA
  -------         PROC          _EEPROM_BYTE_READ_DATA
  D:0006H         SYMBOL        eep_address
  -------         DO            
  D:0082H         SYMBOL        p
  -------         ENDDO         
  C:3552H         LINE#         104
  C:3552H         LINE#         105
  C:3552H         LINE#         106
  C:3556H         LINE#         107
  C:3559H         LINE#         108
  -------         ENDPROC       _EEPROM_BYTE_READ_DATA
  -------         ENDMOD        FLASH

  -------         MODULE        KEY
  C:0000H         SYMBOL        _ICE_DUMMY_
  D:0088H         PUBLIC        P1
  D:00A0H         PUBLIC        P4
  X:0266H         PUBLIC        gbKeyPress
  X:0267H         PUBLIC        gbKeyNone
  X:0268H         PUBLIC        AdcValue
  X:026AH         PUBLIC        cntKeyLoop
  X:026BH         PUBLIC        cntKeylong
BL51 BANKED LINKER/LOCATER V6.22                                                      10/05/2018  16:42:23  PAGE 22


  X:026CH         PUBLIC        KeyValue
  B:0023H.4       PUBLIC        Flas_Anhydrous
  X:026DH         PUBLIC        KeyEvent
  C:3578H         PUBLIC        KeyScan
  X:026EH         PUBLIC        KeyLastValue
  C:2079H         PUBLIC        _KeyEventPorc
  C:286BH         PUBLIC        GetKeyValue
  X:026FH         PUBLIC        AtomizationMode1
  X:0270H         PUBLIC        KeyCurValue
  C:2BC0H         PUBLIC        ADKEY_TAB1
  C:2BD2H         PUBLIC        ADKEY_TAB2
  X:0271H         PUBLIC        KeyCurValueBK
  C:1903H         PUBLIC        KeyComMsg
  -------         PROC          GETKEYVALUE
  -------         DO            
  D:0007H         SYMBOL        i
  X:023BH         SYMBOL        KeyNum
  -------         ENDDO         
  C:286BH         LINE#         55
  C:286BH         LINE#         56
  C:286BH         LINE#         58
  C:2870H         LINE#         59
  C:287BH         LINE#         60
  C:2883H         LINE#         61
  C:2883H         LINE#         62
  C:2885H         LINE#         63
  C:2885H         LINE#         64
  C:28C0H         LINE#         65
  C:28C0H         LINE#         66
  C:28C6H         LINE#         67
  C:28C8H         LINE#         68
  C:28C8H         LINE#         69
  C:28CDH         LINE#         70
  C:28CDH         LINE#         71
  C:28D2H         LINE#         72
  C:28DFH         LINE#         73
  C:28E4H         LINE#         74
  C:28EDH         LINE#         75
  C:28F5H         LINE#         76
  C:28FEH         LINE#         77
  C:2906H         LINE#         78
  C:290BH         LINE#         79
  C:2911H         LINE#         81
  C:2916H         LINE#         82
  C:291AH         LINE#         84
  C:291CH         LINE#         85
  C:2921H         LINE#         86
  -------         ENDPROC       GETKEYVALUE
  -------         PROC          _KEYEVENTPORC
  D:0007H         SYMBOL        KeyTmp
  C:2079H         LINE#         94
  C:2079H         LINE#         95
  C:2079H         LINE#         96
  C:207EH         LINE#         97
  C:2086H         LINE#         98
  C:2086H         LINE#         99
  C:208BH         LINE#         100
BL51 BANKED LINKER/LOCATER V6.22                                                      10/05/2018  16:42:23  PAGE 23


  C:208EH         LINE#         102
  C:2094H         LINE#         104
  C:2094H         LINE#         105
  C:209FH         LINE#         106
  C:209FH         LINE#         107
  C:20AEH         LINE#         109
  C:20B9H         LINE#         110
  C:20B9H         LINE#         111
  C:20C1H         LINE#         112
  C:20C7H         LINE#         113
  C:20CCH         LINE#         114
  C:20E0H         LINE#         115
  C:20E0H         LINE#         116
  C:20E0H         LINE#         117
  C:20E6H         LINE#         118
  C:20EDH         LINE#         119
  C:20F3H         LINE#         120
  C:20F4H         LINE#         121
  C:20F4H         LINE#         122
  C:20FAH         LINE#         123
  C:2101H         LINE#         124
  C:2107H         LINE#         125
  C:2108H         LINE#         126
  C:2108H         LINE#         127
  C:2108H         LINE#         128
  C:210EH         LINE#         129
  C:2115H         LINE#         130
  C:211BH         LINE#         131
  C:2122H         LINE#         132
  C:2125H         LINE#         133
  C:2126H         LINE#         134
  C:2126H         LINE#         135
  C:2126H         LINE#         136
  C:2126H         LINE#         138
  C:2126H         LINE#         139
  C:212CH         LINE#         140
  C:212CH         LINE#         141
  C:2130H         LINE#         142
  C:2136H         LINE#         143
  C:213BH         LINE#         144
  C:214AH         LINE#         145
  C:214AH         LINE#         146
  C:2153H         LINE#         147
  C:2155H         LINE#         148
  C:215CH         LINE#         149
  C:215CH         LINE#         150
  C:2161H         LINE#         151
  C:2163H         LINE#         153
  C:2163H         LINE#         154
  C:2168H         LINE#         155
  C:216CH         LINE#         156
  C:216CH         LINE#         157
  C:2172H         LINE#         158
  C:217AH         LINE#         159
  C:217AH         LINE#         160
  -------         ENDPROC       _KEYEVENTPORC
  -------         PROC          KEYSCAN
BL51 BANKED LINKER/LOCATER V6.22                                                      10/05/2018  16:42:23  PAGE 24


  C:3578H         LINE#         168
  C:3578H         LINE#         169
  C:3578H         LINE#         170
  -------         ENDPROC       KEYSCAN
  -------         PROC          KEYCOMMSG
  C:1903H         LINE#         179
  C:1903H         LINE#         180
  C:1903H         LINE#         181
  C:190CH         LINE#         182
  C:190CH         LINE#         195
  C:1950H         LINE#         196
  C:1950H         LINE#         197
  C:1950H         LINE#         198
  C:1950H         LINE#         199
  C:1950H         LINE#         200
  C:1950H         LINE#         201
  C:195CH         LINE#         202
  C:195CH         LINE#         203
  C:1960H         LINE#         204
  C:1966H         LINE#         205
  C:1966H         LINE#         206
  C:1969H         LINE#         207
  C:1969H         LINE#         209
  C:196CH         LINE#         211
  C:196CH         LINE#         212
  C:196CH         LINE#         213
  C:196CH         LINE#         214
  C:196CH         LINE#         215
  C:1972H         LINE#         216
  C:1972H         LINE#         217
  C:197DH         LINE#         218
  C:197DH         LINE#         219
  C:1981H         LINE#         220
  C:1987H         LINE#         221
  C:1987H         LINE#         222
  C:198AH         LINE#         223
  C:198AH         LINE#         224
  C:198AH         LINE#         230
  C:1993H         LINE#         231
  C:1993H         LINE#         232
  C:1993H         LINE#         233
  C:1993H         LINE#         234
  C:19A0H         LINE#         235
  C:19A0H         LINE#         236
  C:19A2H         LINE#         237
  C:19A4H         LINE#         238
  C:19AAH         LINE#         239
  C:19B3H         LINE#         240
  C:19B3H         LINE#         241
  C:19B5H         LINE#         242
  C:19B5H         LINE#         243
  C:19B6H         LINE#         244
  C:19C1H         LINE#         245
  C:19C1H         LINE#         246
  C:19C3H         LINE#         247
  C:19C6H         LINE#         248
  C:19C6H         LINE#         249
BL51 BANKED LINKER/LOCATER V6.22                                                      10/05/2018  16:42:23  PAGE 25


  C:19C8H         LINE#         250
  C:19CCH         LINE#         252
  C:19CCH         LINE#         253
  C:19CEH         LINE#         254
  C:19D4H         LINE#         264
  C:19DDH         LINE#         265
  C:19DDH         LINE#         266
  C:19DFH         LINE#         267
  C:19DFH         LINE#         268
  C:19DFH         LINE#         269
  C:19E0H         LINE#         270
  C:19E0H         LINE#         271
  C:19E0H         LINE#         272
  C:19E0H         LINE#         273
  C:19EBH         LINE#         274
  C:19EBH         LINE#         275
  C:19EDH         LINE#         276
  C:19F0H         LINE#         277
  C:19F0H         LINE#         278
  C:19F2H         LINE#         279
  C:19F6H         LINE#         280
  C:19F7H         LINE#         282
  C:19F7H         LINE#         283
  C:19FBH         LINE#         284
  C:19FBH         LINE#         285
  C:19FBH         LINE#         286
  C:19FCH         LINE#         287
  C:19FCH         LINE#         288
  C:19FCH         LINE#         289
  C:19FCH         LINE#         290
  C:19FCH         LINE#         291
  C:1A08H         LINE#         292
  C:1A08H         LINE#         293
  C:1A0FH         LINE#         294
  C:1A10H         LINE#         295
  C:1A12H         LINE#         296
  C:1A12H         LINE#         297
  C:1A13H         LINE#         298
  C:1A13H         LINE#         299
  C:1A13H         LINE#         300
  C:1A13H         LINE#         301
  C:1A13H         LINE#         302
  C:1A1FH         LINE#         303
  C:1A1FH         LINE#         304
  C:1A27H         LINE#         305
  C:1A28H         LINE#         306
  C:1A2AH         LINE#         307
  C:1A2AH         LINE#         308
  C:1A2BH         LINE#         309
  C:1A2BH         LINE#         310
  C:1A2BH         LINE#         311
  C:1A2BH         LINE#         312
  C:1A3DH         LINE#         313
  C:1A3DH         LINE#         314
  C:1A44H         LINE#         315
  C:1A4CH         LINE#         316
  C:1A50H         LINE#         317
BL51 BANKED LINKER/LOCATER V6.22                                                      10/05/2018  16:42:23  PAGE 26


  C:1A5BH         LINE#         318
  C:1A5FH         LINE#         319
  C:1A6AH         LINE#         321
  C:1A72H         LINE#         322
  C:1A72H         LINE#         323
  C:1A73H         LINE#         324
  C:1A73H         LINE#         325
  C:1A73H         LINE#         326
  C:1A73H         LINE#         327
  C:1A7CH         LINE#         328
  C:1A7CH         LINE#         329
  C:1A83H         LINE#         330
  C:1A85H         LINE#         331
  C:1A8BH         LINE#         332
  C:1A8FH         LINE#         333
  C:1A9AH         LINE#         334
  C:1A9DH         LINE#         335
  C:1AA8H         LINE#         336
  C:1AA8H         LINE#         337
  C:1AACH         LINE#         338
  C:1AB0H         LINE#         339
  C:1AB4H         LINE#         340
  C:1AB8H         LINE#         341
  C:1AB8H         LINE#         342
  C:1AB8H         LINE#         343
  C:1AB9H         LINE#         344
  C:1AB9H         LINE#         345
  C:1AB9H         LINE#         346
  C:1AB9H         LINE#         347
  C:1AC2H         LINE#         348
  C:1AD0H         LINE#         349
  C:1AD2H         LINE#         350
  C:1AD3H         LINE#         351
  C:1AD3H         LINE#         352
  C:1AD3H         LINE#         353
  C:1AD3H         LINE#         354
  C:1ADEH         LINE#         355
  C:1ADEH         LINE#         356
  C:1ADEH         LINE#         357
  C:1ADEH         LINE#         358
  C:1AE0H         LINE#         359
  C:1AE0H         LINE#         360
  C:1AE0H         LINE#         361
  C:1AE0H         LINE#         362
  C:1AEBH         LINE#         363
  C:1AEFH         LINE#         364
  C:1AF0H         LINE#         365
  C:1AF0H         LINE#         366
  C:1AF0H         LINE#         367
  C:1AF0H         LINE#         368
  C:1AF0H         LINE#         369
  C:1AF7H         LINE#         370
  C:1AFBH         LINE#         371
  C:1AFFH         LINE#         372
  C:1B06H         LINE#         373
  C:1B0AH         LINE#         374
  C:1B11H         LINE#         375
BL51 BANKED LINKER/LOCATER V6.22                                                      10/05/2018  16:42:23  PAGE 27


  C:1B16H         LINE#         376
  C:1B1AH         LINE#         377
  C:1B1BH         LINE#         378
  C:1B1BH         LINE#         379
  C:1B1BH         LINE#         380
  C:1B1BH         LINE#         381
  C:1B23H         LINE#         382
  C:1B23H         LINE#         383
  C:1B27H         LINE#         384
  C:1B2BH         LINE#         385
  C:1B2DH         LINE#         386
  C:1B32H         LINE#         388
  C:1B36H         LINE#         389
  C:1B3FH         LINE#         390
  C:1B44H         LINE#         391
  C:1B44H         LINE#         392
  C:1B44H         LINE#         393
  C:1B44H         LINE#         394
  C:1B44H         LINE#         395
  C:1B44H         LINE#         396
  C:1B4CH         LINE#         397
  C:1B4CH         LINE#         398
  C:1B4EH         LINE#         399
  C:1B52H         LINE#         400
  C:1B56H         LINE#         401
  C:1B5AH         LINE#         402
  C:1B60H         LINE#         403
  C:1B60H         LINE#         404
  C:1B62H         LINE#         405
  C:1B62H         LINE#         406
  C:1B62H         LINE#         407
  C:1B62H         LINE#         408
  C:1B69H         LINE#         409
  C:1B69H         LINE#         410
  C:1B6BH         LINE#         411
  C:1B70H         LINE#         412
  C:1B74H         LINE#         413
  C:1B78H         LINE#         414
  C:1B81H         LINE#         415
  C:1B81H         LINE#         416
  C:1B81H         LINE#         417
  C:1B81H         LINE#         418
  C:1B81H         LINE#         419
  C:1B81H         LINE#         420
  C:1B81H         LINE#         421
  C:1B81H         LINE#         422
  C:1B81H         LINE#         423
  -------         ENDPROC       KEYCOMMSG
  -------         ENDMOD        KEY

  -------         MODULE        MAIN
  C:0000H         SYMBOL        _ICE_DUMMY_
  D:0080H         PUBLIC        P0
  C:323BH         PUBLIC        INT_Timer0
  D:0088H         PUBLIC        P1
  D:0090H         PUBLIC        P2
  C:3585H         PUBLIC        INT_Timer2
BL51 BANKED LINKER/LOCATER V6.22                                                      10/05/2018  16:42:23  PAGE 28


  D:0098H         PUBLIC        P3
  C:31BFH         PUBLIC        INT_Timer3
  D:00A0H         PUBLIC        P4
  C:2F98H         PUBLIC        INT_Timer4
  C:3487H         PUBLIC        UART0_init
  D:00B0H         PUBLIC        P5
  C:341AH         PUBLIC        UART1_init
  D:008DH         PUBLIC        WDTCR
  C:351EH         PUBLIC        WDT_init
  D:008EH         PUBLIC        WDTDR
  D:00DEH         PUBLIC        P0DB
  D:00A8H         PUBLIC        IE
  D:0091H         PUBLIC        P0OD
  D:0092H         PUBLIC        P1OD
  D:0093H         PUBLIC        P2OD
  C:3473H         PUBLIC        UART1_def_init
  D:0094H         PUBLIC        P4OD
  D:00A1H         PUBLIC        P0IO
  C:2E4DH         PUBLIC        INT_USI0_Rx
  D:00B2H         PUBLIC        T0CR
  D:00B1H         PUBLIC        P1IO
  C:2BE4H         PUBLIC        INT_USI1_Rx
  D:00B4H         PUBLIC        T0DR
  D:00B9H         PUBLIC        P2IO
  C:30F6H         PUBLIC        INT_USI0_Tx
  D:00C1H         PUBLIC        P3IO
  C:30B2H         PUBLIC        INT_USI1_Tx
  X:1000H         PUBLIC        T3CR
  D:00C9H         PUBLIC        P4IO
  X:1002H         PUBLIC        T4CR
  X:1001H         PUBLIC        T3DR
  D:00D1H         PUBLIC        P5IO
  X:1013H         PUBLIC        T4DR
  X:1003H         PUBLIC        T4PCR1
  X:1004H         PUBLIC        T4PCR2
  X:1005H         PUBLIC        T4PCR3
  B:0023H.5       PUBLIC        enUart1
  C:33FFH         PUBLIC        clock_init
  D:00ACH         PUBLIC        P0PU
  C:0500H         PUBLIC        main
  D:009DH         PUBLIC        ADCCRH
  D:00C5H         PUBLIC        T2ADRH
  D:00ADH         PUBLIC        P1PU
  D:009FH         PUBLIC        ADCDRH
  D:00C7H         PUBLIC        T2BDRH
  D:00AEH         PUBLIC        P2PU
  D:00E3H         PUBLIC        USI0BD
  X:100BH         PUBLIC        T4ADRH
  D:00AFH         PUBLIC        P3PU
  D:00F3H         PUBLIC        USI1BD
  X:100DH         PUBLIC        T4BDRH
  D:00A3H         PUBLIC        P4PU
  D:009CH         PUBLIC        ADCCRL
  X:100FH         PUBLIC        T4CDRH
  D:00C4H         PUBLIC        T2ADRL
  D:0095H         PUBLIC        P5PU
  D:009EH         PUBLIC        ADCDRL
BL51 BANKED LINKER/LOCATER V6.22                                                      10/05/2018  16:42:23  PAGE 29


  D:00C6H         PUBLIC        T2BDRL
  D:008AH         PUBLIC        SCCR
  D:009BH         PUBLIC        LCDCCR
  X:100AH         PUBLIC        T4ADRL
  X:100CH         PUBLIC        T4BDRL
  X:100EH         PUBLIC        T4CDRL
  X:1014H         PUBLIC        T4CAPR
  D:009AH         PUBLIC        LCDCRH
  X:1010H         PUBLIC        T4DLYA
  X:1011H         PUBLIC        T4DLYB
  D:00D3H         PUBLIC        P0FSRH
  D:0099H         PUBLIC        LCDCRL
  X:1012H         PUBLIC        T4DLYC
  D:00D5H         PUBLIC        P1FSRH
  D:00D7H         PUBLIC        P2FSRH
  D:00E5H         PUBLIC        USI0DR
  D:00D2H         PUBLIC        P0FSRL
  D:00F5H         PUBLIC        USI1DR
  D:00D4H         PUBLIC        P1FSRL
  D:00D6H         PUBLIC        P2FSRL
  D:00DFH         PUBLIC        P15DB
  D:00A9H         PUBLIC        IE1
  D:00AAH         PUBLIC        IE2
  D:00ABH         PUBLIC        IE3
  D:0096H         PUBLIC        WTCR
  C:3511H         PUBLIC        WT_init
  D:0089H         PUBLIC        WTDR
  X:1009H         PUBLIC        T4PPRH
  C:3541H         PUBLIC        ADC_read
  X:1008H         PUBLIC        T4PPRL
  C:3504H         PUBLIC        Timer0_init
  C:3432H         PUBLIC        Timer2_init
  C:345EH         PUBLIC        Timer3_init
  C:2F4AH         PUBLIC        Timer4_init
  C:357EH         PUBLIC        WDT_clear
  C:34CBH         PUBLIC        _ADC_start
  C:2EA8H         PUBLIC        port_init
  C:3571H         PUBLIC        ADC_init
  D:00C3H         PUBLIC        T2CRH
  X:1038H         PUBLIC        XTFLSR
  D:00C2H         PUBLIC        T2CRL
  D:00D9H         PUBLIC        USI0CR1
  C:355AH         PUBLIC        LCD_init
  D:00E9H         PUBLIC        USI1CR1
  D:00DAH         PUBLIC        USI0CR2
  D:00EAH         PUBLIC        USI1CR2
  D:00DBH         PUBLIC        USI0CR3
  D:00EBH         PUBLIC        USI1CR3
  X:1015H         PUBLIC        T4CNT
  D:00EEH         PUBLIC        P3FSR
  D:00EFH         PUBLIC        P4FSR
  D:00FFH         PUBLIC        P5FSR
  X:1007H         PUBLIC        T4MSK
  D:008BH         PUBLIC        BITCR
  C:3028H         PUBLIC        INT_WT
  X:1006H         PUBLIC        T4ISR
  D:00E1H         PUBLIC        USI0ST1
BL51 BANKED LINKER/LOCATER V6.22                                                      10/05/2018  16:42:23  PAGE 30


  D:00C8H         PUBLIC        OSCCR
  D:00F1H         PUBLIC        USI1ST1
  -------         PROC          MAIN
  C:0500H         LINE#         21
  C:0500H         LINE#         22
  C:0500H         LINE#         23
  C:0500H         LINE#         24
  C:0500H         LINE#         25
  C:0503H         LINE#         26
  C:0506H         LINE#         27
  C:0509H         LINE#         28
  C:050CH         LINE#         29
  C:050FH         LINE#         30
  C:0512H         LINE#         31
  C:0515H         LINE#         32
  C:0518H         LINE#         33
  C:051BH         LINE#         34
  C:051EH         LINE#         35
  C:0521H         LINE#         36
  C:0524H         LINE#         37
  C:0527H         LINE#         38
  C:052AH         LINE#         39
  C:052DH         LINE#         40
  -------         ENDPROC       MAIN
  -------         PROC          INT_USI1_RX
  -------         DO            
  D:0007H         SYMBOL        tmp
  -------         ENDDO         
  C:2BE4H         LINE#         49
  C:2BF3H         LINE#         52
  C:2BF5H         LINE#         53
  C:2BF8H         LINE#         54
  C:2BFCH         LINE#         55
  C:2BFFH         LINE#         56
  C:2BFFH         LINE#         57
  C:2C07H         LINE#         58
  C:2C14H         LINE#         59
  C:2C19H         LINE#         60
  C:2C19H         LINE#         61
  C:2C1CH         LINE#         62
  C:2C1EH         LINE#         63
  C:2C20H         LINE#         64
  C:2C20H         LINE#         65
  C:2C22H         LINE#         67
  C:2C22H         LINE#         68
  C:2C2AH         LINE#         69
  C:2C37H         LINE#         70
  C:2C3BH         LINE#         71
  C:2C3BH         LINE#         72
  C:2C3FH         LINE#         73
  C:2C41H         LINE#         74
  C:2C43H         LINE#         75
  C:2C43H         LINE#         76
  C:2C43H         LINE#         77
  -------         ENDPROC       INT_USI1_RX
  -------         PROC          INT_USI1_TX
  C:30B2H         LINE#         85
BL51 BANKED LINKER/LOCATER V6.22                                                      10/05/2018  16:42:23  PAGE 31


  C:30BFH         LINE#         87
  C:30C2H         LINE#         88
  C:30C7H         LINE#         89
  C:30C7H         LINE#         90
  C:30CBH         LINE#         91
  C:30DBH         LINE#         92
  C:30E8H         LINE#         93
  C:30EBH         LINE#         94
  C:30EBH         LINE#         95
  -------         ENDPROC       INT_USI1_TX
  -------         PROC          INT_USI0_RX
  -------         DO            
  D:0007H         SYMBOL        tmp
  -------         ENDDO         
  C:2E4DH         LINE#         103
  C:2E62H         LINE#         106
  C:2E64H         LINE#         107
  C:2E67H         LINE#         108
  C:2E79H         LINE#         109
  C:2E8EH         LINE#         110
  C:2E95H         LINE#         111
  -------         ENDPROC       INT_USI0_RX
  -------         PROC          INT_USI0_TX
  C:30F6H         LINE#         119
  C:3103H         LINE#         121
  C:3106H         LINE#         122
  C:310BH         LINE#         123
  C:310BH         LINE#         124
  C:310FH         LINE#         125
  C:311FH         LINE#         126
  C:312CH         LINE#         127
  C:312FH         LINE#         128
  C:312FH         LINE#         129
  -------         ENDPROC       INT_USI0_TX
  -------         PROC          INT_TIMER0
  C:323BH         LINE#         137
  C:3258H         LINE#         139
  C:325BH         LINE#         140
  -------         ENDPROC       INT_TIMER0
  -------         PROC          INT_TIMER2
  C:3585H         LINE#         148
  C:3585H         LINE#         152
  -------         ENDPROC       INT_TIMER2
  -------         PROC          INT_TIMER3
  C:31BFH         LINE#         160
  C:31DCH         LINE#         162
  C:31DFH         LINE#         163
  C:31E2H         LINE#         164
  -------         ENDPROC       INT_TIMER3
  -------         PROC          INT_TIMER4
  C:2F98H         LINE#         172
  C:2FA5H         LINE#         176
  C:2FACH         LINE#         177
  C:2FAFH         LINE#         178
  C:2FB6H         LINE#         179
  C:2FB9H         LINE#         180
  C:2FC0H         LINE#         181
BL51 BANKED LINKER/LOCATER V6.22                                                      10/05/2018  16:42:23  PAGE 32


  C:2FC3H         LINE#         182
  C:2FCAH         LINE#         183
  C:2FCDH         LINE#         184
  C:2FD4H         LINE#         185
  C:2FD7H         LINE#         186
  -------         ENDPROC       INT_TIMER4
  -------         PROC          INT_WT
  C:3028H         LINE#         194
  C:3033H         LINE#         196
  C:3035H         LINE#         197
  C:3038H         LINE#         198
  C:3038H         LINE#         199
  C:3041H         LINE#         200
  C:3041H         LINE#         201
  C:3043H         LINE#         202
  C:304CH         LINE#         203
  C:304CH         LINE#         204
  C:304EH         LINE#         205
  C:3057H         LINE#         206
  C:3057H         LINE#         207
  C:3059H         LINE#         208
  C:3060H         LINE#         209
  C:3063H         LINE#         210
  C:3065H         LINE#         211
  C:3065H         LINE#         212
  C:3065H         LINE#         213
  C:3065H         LINE#         225
  C:3065H         LINE#         226
  -------         ENDPROC       INT_WT
  -------         PROC          ADC_READ
  -------         DO            
  D:0006H         SYMBOL        adcVal
  -------         ENDDO         
  C:3541H         LINE#         234
  C:3541H         LINE#         235
  C:3541H         LINE#         237
  C:3549H         LINE#         238
  C:3549H         LINE#         239
  -------         ENDPROC       ADC_READ
  -------         PROC          ADC_INIT
  C:3571H         LINE#         247
  C:3571H         LINE#         248
  C:3571H         LINE#         250
  C:3574H         LINE#         251
  C:3577H         LINE#         252
  -------         ENDPROC       ADC_INIT
  -------         PROC          _ADC_START
  D:0007H         SYMBOL        ch
  C:34CBH         LINE#         260
  C:34CBH         LINE#         261
  C:34CBH         LINE#         263
  C:34D6H         LINE#         264
  C:34D9H         LINE#         265
  -------         ENDPROC       _ADC_START
  -------         PROC          LCD_INIT
  C:355AH         LINE#         273
  C:355AH         LINE#         274
BL51 BANKED LINKER/LOCATER V6.22                                                      10/05/2018  16:42:23  PAGE 33


  C:355AH         LINE#         277
  C:355DH         LINE#         278
  C:355FH         LINE#         279
  C:3561H         LINE#         280
  -------         ENDPROC       LCD_INIT
  -------         PROC          TIMER2_INIT
  C:3432H         LINE#         288
  C:3432H         LINE#         289
  C:3432H         LINE#         293
  C:3435H         LINE#         295
  C:3438H         LINE#         296
  C:343BH         LINE#         297
  C:343EH         LINE#         298
  C:3441H         LINE#         299
  C:3444H         LINE#         300
  C:3447H         LINE#         303
  -------         ENDPROC       TIMER2_INIT
  -------         PROC          TIMER4_INIT
  C:2F4AH         LINE#         311
  C:2F4AH         LINE#         312
  C:2F4AH         LINE#         318
  C:2F50H         LINE#         319
  C:2F54H         LINE#         320
  C:2F5AH         LINE#         321
  C:2F5EH         LINE#         322
  C:2F62H         LINE#         323
  C:2F66H         LINE#         324
  C:2F6AH         LINE#         325
  C:2F6EH         LINE#         326
  C:2F72H         LINE#         327
  C:2F76H         LINE#         328
  C:2F7CH         LINE#         330
  C:2F7FH         LINE#         331
  C:2F83H         LINE#         332
  C:2F85H         LINE#         333
  C:2F87H         LINE#         334
  C:2F8DH         LINE#         335
  C:2F90H         LINE#         336
  C:2F97H         LINE#         337
  -------         ENDPROC       TIMER4_INIT
  -------         PROC          WDT_CLEAR
  C:357EH         LINE#         345
  C:357EH         LINE#         346
  C:357EH         LINE#         347
  C:3581H         LINE#         348
  -------         ENDPROC       WDT_CLEAR
  -------         PROC          WDT_INIT
  C:351EH         LINE#         356
  C:351EH         LINE#         357
  C:351EH         LINE#         359
  C:3521H         LINE#         360
  C:3524H         LINE#         361
  C:3527H         LINE#         362
  -------         ENDPROC       WDT_INIT
  -------         PROC          TIMER0_INIT
  C:3504H         LINE#         371
  C:3504H         LINE#         372
BL51 BANKED LINKER/LOCATER V6.22                                                      10/05/2018  16:42:23  PAGE 34


  C:3504H         LINE#         375
  C:3507H         LINE#         376
  C:350AH         LINE#         377
  C:350DH         LINE#         378
  C:3510H         LINE#         379
  -------         ENDPROC       TIMER0_INIT
  -------         PROC          TIMER3_INIT
  C:345EH         LINE#         387
  C:345EH         LINE#         388
  C:345EH         LINE#         391
  C:3464H         LINE#         392
  C:3468H         LINE#         393
  C:346BH         LINE#         394
  C:3472H         LINE#         395
  -------         ENDPROC       TIMER3_INIT
  -------         PROC          UART0_INIT
  C:3487H         LINE#         403
  C:3487H         LINE#         404
  C:3487H         LINE#         407
  C:348AH         LINE#         408
  C:348DH         LINE#         409
  C:3490H         LINE#         410
  C:3493H         LINE#         411
  C:3496H         LINE#         412
  C:3499H         LINE#         413
  -------         ENDPROC       UART0_INIT
  -------         PROC          UART1_INIT
  C:341AH         LINE#         422
  C:341AH         LINE#         423
  C:341AH         LINE#         425
  C:341DH         LINE#         426
  C:341DH         LINE#         427
  C:3420H         LINE#         428
  C:3423H         LINE#         429
  C:3426H         LINE#         430
  C:3429H         LINE#         431
  C:342CH         LINE#         432
  C:342FH         LINE#         433
  C:342FH         LINE#         434
  C:3431H         LINE#         435
  -------         ENDPROC       UART1_INIT
  -------         PROC          UART1_DEF_INIT
  C:3473H         LINE#         443
  C:3473H         LINE#         444
  C:3473H         LINE#         446
  C:3476H         LINE#         447
  C:3476H         LINE#         448
  C:3479H         LINE#         449
  C:347BH         LINE#         450
  C:347DH         LINE#         451
  C:347FH         LINE#         452
  C:3481H         LINE#         453
  C:3484H         LINE#         454
  C:3484H         LINE#         455
  C:3486H         LINE#         456
  -------         ENDPROC       UART1_DEF_INIT
  -------         PROC          WT_INIT
BL51 BANKED LINKER/LOCATER V6.22                                                      10/05/2018  16:42:23  PAGE 35


  C:3511H         LINE#         464
  C:3511H         LINE#         465
[...]
  C:2444H         LINE#         99
  C:2448H         LINE#         100
  C:244EH         LINE#         101
  C:2452H         LINE#         103
  C:2457H         LINE#         104
  -------         ENDPROC       _HEX_TO_CHAR
  -------         PROC          _HEX_TO_CHAR_3BIT
  D:0001H         SYMBOL        p
  D:0005H         SYMBOL        indata
  -------         DO            
  D:0007H         SYMBOL        tmp
  -------         ENDDO         
  C:317EH         LINE#         112
  C:317EH         LINE#         113
  C:317EH         LINE#         115
  C:3180H         LINE#         116
  C:3187H         LINE#         117
  C:318BH         LINE#         119
  C:3190H         LINE#         120
  C:3197H         LINE#         121
  C:319CH         LINE#         122
BL51 BANKED LINKER/LOCATER V6.22                                                      10/05/2018  16:42:23  PAGE 53


  C:31A2H         LINE#         123
  C:31A6H         LINE#         125
  C:31ABH         LINE#         126
  C:31AFH         LINE#         127
  C:31B5H         LINE#         128
  C:31B9H         LINE#         130
  C:31BEH         LINE#         131
  -------         ENDPROC       _HEX_TO_CHAR_3BIT
  -------         PROC          GP389_ON
  C:32ADH         LINE#         140
  C:32ADH         LINE#         141
  C:32ADH         LINE#         142
  C:32B3H         LINE#         143
  C:32C4H         LINE#         144
  C:32CAH         LINE#         145
  C:32D1H         LINE#         147
  C:32DDH         LINE#         149
  C:32E1H         LINE#         150
  -------         ENDPROC       GP389_ON
  -------         PROC          GP389_ON_APP
  C:33E1H         LINE#         159
  C:33E1H         LINE#         160
  C:33E1H         LINE#         161
  C:33E7H         LINE#         162
  C:33EDH         LINE#         164
  C:33FAH         LINE#         165
  C:33FEH         LINE#         166
  -------         ENDPROC       GP389_ON_APP
  -------         PROC          GP389_OFF
  C:32E2H         LINE#         174
  C:32E2H         LINE#         175
  C:32E2H         LINE#         176
  C:32E9H         LINE#         177
  C:32EBH         LINE#         178
  C:32F1H         LINE#         179
  C:32F8H         LINE#         180
  C:32FAH         LINE#         181
  C:32FEH         LINE#         182
  C:3305H         LINE#         183
  C:3310H         LINE#         184
  C:3314H         LINE#         185
  -------         ENDPROC       GP389_OFF
  -------         PROC          _APPLICATIONGP389_ONOFF
  X:0242H         SYMBOL        onoff
  -------         DO            
  D:0007H         SYMBOL        i
  C:1574H         SYMBOL        respGP389_AllSta
  -------         ENDDO         
  C:1F06H         LINE#         212
  C:1F0BH         LINE#         213
  C:1F0BH         LINE#         246
  C:1F13H         LINE#         247
  C:1F16H         LINE#         249
  C:1F16H         LINE#         250
  C:1F20H         LINE#         252
  C:1F22H         LINE#         253
  C:1F46H         LINE#         254
BL51 BANKED LINKER/LOCATER V6.22                                                      10/05/2018  16:42:23  PAGE 54


  C:1F54H         LINE#         255
  C:1F6CH         LINE#         256
  C:1F80H         LINE#         257
  C:1F96H         LINE#         258
  C:1FA4H         LINE#         259
  C:1FB0H         LINE#         260
  C:1FBCH         LINE#         261
  C:1FC8H         LINE#         262
  C:1FD3H         LINE#         263
  C:1FDFH         LINE#         264
  C:1FEBH         LINE#         265
  C:1FF4H         LINE#         266
  C:1FFBH         LINE#         267
  C:2002H         LINE#         268
  C:2009H         LINE#         269
  C:2010H         LINE#         270
  C:2017H         LINE#         271
  C:201EH         LINE#         272
  C:2025H         LINE#         273
  C:202CH         LINE#         274
  C:2033H         LINE#         275
  C:203AH         LINE#         276
  C:2041H         LINE#         277
  C:2048H         LINE#         278
  C:204FH         LINE#         279
  C:2053H         LINE#         280
  C:2057H         LINE#         281
  C:205BH         LINE#         282
  C:205FH         LINE#         283
  C:206FH         LINE#         284
  C:2075H         LINE#         285
  C:2078H         LINE#         286
  -------         ENDPROC       _APPLICATIONGP389_ONOFF
  -------         PROC          _WIFI_COMMANDDEAL
  X:023BH         SYMBOL        Uart0_Receive
  -------         DO            
  X:023EH         SYMBOL        i
  D:0007H         SYMBOL        temp_time
  X:023FH         SYMBOL        WIFI_CMD
  -------         DO            
  C:15CBH         SYMBOL        respNorGpSta
  C:1600H         SYMBOL        respNorGpSta
  -------         ENDDO         
  -------         DO            
  C:1600H         SYMBOL        respNorGpSta
  -------         ENDDO         
  -------         ENDDO         
  C:052FH         LINE#         294
  C:053AH         LINE#         295
  C:053AH         LINE#         299
  C:054BH         LINE#         373
  C:055FH         LINE#         374
  C:055FH         LINE#         375
  C:056DH         LINE#         376
  C:0576H         LINE#         377
  C:0576H         LINE#         378
  C:0579H         LINE#         381
BL51 BANKED LINKER/LOCATER V6.22                                                      10/05/2018  16:42:23  PAGE 55


  C:0579H         LINE#         382
  C:0579H         LINE#         383
  C:058BH         LINE#         384
  C:058BH         LINE#         385
  C:0599H         LINE#         386
  C:059FH         LINE#         387
  C:05A2H         LINE#         393
  C:05A9H         LINE#         394
  C:05ABH         LINE#         395
  C:05ADH         LINE#         396
  C:05BCH         LINE#         398
  C:05BCH         LINE#         399
  C:05CFH         LINE#         400
  C:05CFH         LINE#         401
  C:05DDH         LINE#         402
  C:05E3H         LINE#         403
  C:05E6H         LINE#         409
  C:05ECH         LINE#         410
  C:05F1H         LINE#         411
  C:05F5H         LINE#         412
  C:05F9H         LINE#         413
  C:05FDH         LINE#         414
  C:060BH         LINE#         416
  C:060BH         LINE#         417
  C:061EH         LINE#         418
  C:061EH         LINE#         419
  C:062CH         LINE#         420
  C:0632H         LINE#         421
  C:0635H         LINE#         427
  C:063DH         LINE#         428
  C:0659H         LINE#         429
  C:0676H         LINE#         430
  C:067CH         LINE#         431
  C:068DH         LINE#         433
  C:068DH         LINE#         434
  C:06A0H         LINE#         435
  C:06A0H         LINE#         436
  C:06AEH         LINE#         437
  C:06B4H         LINE#         438
  C:06B7H         LINE#         444
  C:06B9H         LINE#         445
  C:06BBH         LINE#         446
  C:06C1H         LINE#         447
  C:06D9H         LINE#         448
  C:06DFH         LINE#         449
  C:06E3H         LINE#         450
  C:06E7H         LINE#         451
  C:06EAH         LINE#         453
  C:06EAH         LINE#         454
  C:06FDH         LINE#         455
  C:06FDH         LINE#         457
  C:0703H         LINE#         458
  C:0706H         LINE#         464
  C:070CH         LINE#         465
  C:070EH         LINE#         466
  C:0710H         LINE#         467
  C:0716H         LINE#         468
BL51 BANKED LINKER/LOCATER V6.22                                                      10/05/2018  16:42:23  PAGE 56


  C:0719H         LINE#         470
  C:071EH         LINE#         479
  C:071EH         LINE#         480
  C:0734H         LINE#         481
  C:0734H         LINE#         482
  C:0742H         LINE#         483
  C:0748H         LINE#         484
  C:074BH         LINE#         490
  C:0753H         LINE#         491
  C:075BH         LINE#         492
  C:0763H         LINE#         493
  C:076BH         LINE#         494
  C:0773H         LINE#         495
  C:077BH         LINE#         496
  C:0782H         LINE#         497
  C:0788H         LINE#         498
  C:0790H         LINE#         499
  C:079FH         LINE#         500
  C:07ACH         LINE#         501
  C:07B5H         LINE#         503
  C:07B5H         LINE#         504
  C:07C8H         LINE#         505
  C:07C8H         LINE#         506
  C:07D6H         LINE#         507
  C:07DCH         LINE#         508
  C:07DFH         LINE#         514
  C:07E8H         LINE#         515
  C:07ECH         LINE#         517
  C:07ECH         LINE#         518
  C:07FFH         LINE#         519
  C:07FFH         LINE#         520
  C:080DH         LINE#         521
  C:0813H         LINE#         522
  C:0816H         LINE#         528
  C:081CH         LINE#         530
  C:081CH         LINE#         557
  C:082FH         LINE#         558
  C:0830H         LINE#         560
  C:0830H         LINE#         561
  C:0836H         LINE#         562
  C:0836H         LINE#         563
  C:0839H         LINE#         565
  C:0839H         LINE#         566
  C:084CH         LINE#         567
  C:084CH         LINE#         568
  C:084FH         LINE#         569
  C:0854H         LINE#         571
  C:0854H         LINE#         580
  C:085DH         LINE#         581
  C:085DH         LINE#         582
  C:0870H         LINE#         583
  C:0870H         LINE#         584
  C:0873H         LINE#         585
  C:087AH         LINE#         586
  C:0896H         LINE#         587
  C:08B2H         LINE#         588
  C:08C8H         LINE#         589
BL51 BANKED LINKER/LOCATER V6.22                                                      10/05/2018  16:42:23  PAGE 57


  C:08CEH         LINE#         590
  C:08D1H         LINE#         591
  C:08D7H         LINE#         593
  C:08D7H         LINE#         594
  C:08EAH         LINE#         595
  C:08EAH         LINE#         599
  C:08F8H         LINE#         606
  C:08FCH         LINE#         607
  C:08FFH         LINE#         610
  C:08FFH         LINE#         611
  C:0912H         LINE#         612
  C:0912H         LINE#         613
  C:0918H         LINE#         614
  C:091BH         LINE#         615
  C:092EH         LINE#         616
  C:092EH         LINE#         617
  C:0932H         LINE#         618
  C:0942H         LINE#         619
  C:0942H         LINE#         621
  C:0945H         LINE#         622
  C:0947H         LINE#         624
  C:094AH         LINE#         625
  C:094AH         LINE#         626
  C:0950H         LINE#         627
  C:0952H         LINE#         628
  C:0955H         LINE#         629
  C:0955H         LINE#         630
  C:0957H         LINE#         631
  C:095BH         LINE#         632
  C:095BH         LINE#         633
  C:095BH         LINE#         634
  C:095DH         LINE#         636
  C:095DH         LINE#         637
  C:0970H         LINE#         638
  C:0970H         LINE#         639
  C:0974H         LINE#         640
  C:0983H         LINE#         641
  C:0983H         LINE#         642
  C:0986H         LINE#         643
  C:0988H         LINE#         644
  C:098BH         LINE#         645
  C:098BH         LINE#         646
  C:098DH         LINE#         647
  C:098FH         LINE#         648
  C:098FH         LINE#         649
  C:0991H         LINE#         651
  C:0995H         LINE#         652
  C:099AH         LINE#         653
  C:09AFH         LINE#         655
  C:09AFH         LINE#         656
  C:09C2H         LINE#         657
  C:09C2H         LINE#         658
  C:09CDH         LINE#         659
  C:09CDH         LINE#         660
  C:09CFH         LINE#         661
  C:09D3H         LINE#         662
  C:09D4H         LINE#         671
BL51 BANKED LINKER/LOCATER V6.22                                                      10/05/2018  16:42:23  PAGE 58


  C:09D4H         LINE#         672
  C:09E7H         LINE#         673
  C:09E8H         LINE#         675
  C:09E8H         LINE#         676
  C:09FBH         LINE#         677
  C:09FBH         LINE#         683
  C:0A12H         LINE#         684
  C:0A12H         LINE#         685
  C:0A14H         LINE#         686
  C:0A27H         LINE#         687
  C:0A27H         LINE#         693
  C:0A45H         LINE#         694
  C:0A45H         LINE#         695
  C:0A47H         LINE#         696
  C:0A5AH         LINE#         697
  C:0A5AH         LINE#         703
  C:0A7CH         LINE#         704
  C:0A7EH         LINE#         705
  C:0A81H         LINE#         706
  C:0A94H         LINE#         707
  C:0A94H         LINE#         708
  C:0A97H         LINE#         710
  C:0A97H         LINE#         711
  C:0AAAH         LINE#         712
  C:0AAAH         LINE#         713
  C:0AADH         LINE#         715
  C:0AADH         LINE#         716
  C:0AC0H         LINE#         717
  C:0AC0H         LINE#         723
  C:0AD7H         LINE#         724
  C:0AF4H         LINE#         725
  C:0AF6H         LINE#         726
  C:0B09H         LINE#         727
  C:0B09H         LINE#         733
  C:0B10H         LINE#         734
  C:0B13H         LINE#         735
  C:0B26H         LINE#         736
  C:0B26H         LINE#         742
  C:0B2AH         LINE#         743
  C:0B2DH         LINE#         744
  C:0B40H         LINE#         745
  C:0B40H         LINE#         751
  C:0B4CH         LINE#         752
  C:0B4FH         LINE#         753
  C:0B52H         LINE#         754
  C:0B65H         LINE#         755
  C:0B65H         LINE#         761
  C:0B71H         LINE#         762
  C:0B74H         LINE#         763
  C:0B77H         LINE#         764
  C:0B8AH         LINE#         765
  C:0B8AH         LINE#         771
  C:0BA7H         LINE#         772
  C:0BAAH         LINE#         773
  C:0BBDH         LINE#         774
  C:0BBDH         LINE#         780
  C:0BDAH         LINE#         781
BL51 BANKED LINKER/LOCATER V6.22                                                      10/05/2018  16:42:23  PAGE 59


  C:0BDDH         LINE#         830
  C:0BF3H         LINE#         831
  C:0BF3H         LINE#         834
  C:0C01H         LINE#         835
  C:0C1DH         LINE#         836
  C:0C22H         LINE#         837
  C:0C4AH         LINE#         838
  C:0C5FH         LINE#         839
  C:0C83H         LINE#         840
  C:0CA1H         LINE#         841
  C:0CBEH         LINE#         842
  C:0CBEH         LINE#         843
  C:0CBEH         LINE#         844
  C:0CBEH         LINE#         845
  C:0CBEH         LINE#         846
  C:0CBEH         LINE#         847
  C:0CBEH         LINE#         848
  C:0CBEH         LINE#         849
  C:0CC1H         LINE#         850
  C:0CC5H         LINE#         851
  C:0CC8H         LINE#         852
  C:0CDEH         LINE#         853
  C:0CDEH         LINE#         854
  C:0D27H         LINE#         855
  C:0D70H         LINE#         856
  C:0D73H         LINE#         857
  C:0D76H         LINE#         858
  C:0D89H         LINE#         859
  C:0D89H         LINE#         860
  C:0D8DH         LINE#         862
  C:0D8DH         LINE#         863
  C:0D93H         LINE#         864
  C:0D93H         LINE#         865
  C:0D9CH         LINE#         867
  C:0D9CH         LINE#         868
  C:0DAFH         LINE#         869
  C:0DAFH         LINE#         870
  C:0DB2H         LINE#         871
  C:0DB6H         LINE#         872
  C:0DBAH         LINE#         873
  C:0DBCH         LINE#         874
  C:0DC1H         LINE#         875
  C:0DC6H         LINE#         877
  C:0DC6H         LINE#         878
  C:0DD1H         LINE#         881
  C:0DD4H         LINE#         883
  C:0DD4H         LINE#         884
  C:0DEAH         LINE#         885
  C:0DEAH         LINE#         888
  C:0DF8H         LINE#         889
  C:0E14H         LINE#         890
  C:0E19H         LINE#         891
  C:0E41H         LINE#         892
  C:0E56H         LINE#         893
  C:0E7AH         LINE#         894
  C:0E98H         LINE#         895
  C:0EB5H         LINE#         896
BL51 BANKED LINKER/LOCATER V6.22                                                      10/05/2018  16:42:23  PAGE 60


  C:0EB5H         LINE#         897
  C:0EB5H         LINE#         898
  C:0EB5H         LINE#         899
  C:0EB5H         LINE#         900
  C:0EB5H         LINE#         901
  C:0EB5H         LINE#         902
  C:0EB5H         LINE#         903
  C:0EB8H         LINE#         904
  C:0EBCH         LINE#         905
  C:0EBCH         LINE#         906
  C:0ECAH         LINE#         907
  C:0ECAH         LINE#         908
  -------         ENDPROC       _WIFI_COMMANDDEAL
  -------         ENDMOD        WIFI_MODE

  -------         MODULE        PWM
  C:0000H         SYMBOL        _ICE_DUMMY_
  D:00A0H         PUBLIC        P4
  C:2D8CH         PUBLIC        PWM_DutyCycle_Change
  C:349AH         PUBLIC        PWM_Shutdown
  C:3562H         PUBLIC        PWM_Open
  -------         PROC          PWM_OPEN
  C:3562H         LINE#         20
  C:3562H         LINE#         21
  C:3562H         LINE#         22
  C:3569H         LINE#         23
  -------         ENDPROC       PWM_OPEN
  -------         PROC          PWM_SHUTDOWN
  C:349AH         LINE#         31
  C:349AH         LINE#         32
  C:349AH         LINE#         33
  C:34A0H         LINE#         34
  C:34A4H         LINE#         35
  C:34ABH         LINE#         36
  -------         ENDPROC       PWM_SHUTDOWN
  -------         PROC          PWM_DUTYCYCLE_CHANGE
  C:2D8CH         LINE#         54
  C:2D8CH         LINE#         55
  C:2D8CH         LINE#         56
  C:2D96H         LINE#         57
  C:2D96H         LINE#         58
  C:2D9BH         LINE#         59
  C:2DA1H         LINE#         60
  C:2DA5H         LINE#         61
  C:2DADH         LINE#         63
  C:2DADH         LINE#         64
  C:2DB1H         LINE#         65
  C:2DB1H         LINE#         66
  C:2DB6H         LINE#         67
  C:2DBAH         LINE#         68
  C:2DBCH         LINE#         69
  C:2DC4H         LINE#         70
  C:2DC4H         LINE#         71
  C:2DCAH         LINE#         72
  C:2DD0H         LINE#         73
  C:2DD2H         LINE#         74
  C:2DD6H         LINE#         75
BL51 BANKED LINKER/LOCATER V6.22                                                      10/05/2018  16:42:23  PAGE 61


  C:2DD6H         LINE#         76
  C:2DDCH         LINE#         77
  C:2DE2H         LINE#         78
  C:2DE2H         LINE#         79
  C:2DEFH         LINE#         81
  -------         ENDPROC       PWM_DUTYCYCLE_CHANGE
  -------         ENDMOD        PWM

  -------         MODULE        ?C?CLDPTR
  C:260EH         PUBLIC        ?C?CLDPTR
  -------         ENDMOD        ?C?CLDPTR

  -------         MODULE        ?C?CLDOPTR
  C:2627H         PUBLIC        ?C?CLDOPTR
  -------         ENDMOD        ?C?CLDOPTR

  -------         MODULE        ?C?CSTPTR
  C:2654H         PUBLIC        ?C?CSTPTR
  -------         ENDMOD        ?C?CSTPTR

  -------         MODULE        ?C?CSTOPTR
  C:2666H         PUBLIC        ?C?CSTOPTR
  -------         ENDMOD        ?C?CSTOPTR

  -------         MODULE        ?C?IILDX
  C:2688H         PUBLIC        ?C?IILDX
  -------         ENDMOD        ?C?IILDX

  -------         MODULE        ?C?ILDIX
  C:269EH         PUBLIC        ?C?ILDIX
  -------         ENDMOD        ?C?ILDIX

  -------         MODULE        ?C?CCASE
  C:26B4H         PUBLIC        ?C?CCASE
  -------         ENDMOD        ?C?CCASE

*** WARNING L16: UNCALLED SEGMENT, IGNORED FOR OVERLAY PROCESS
    SEGMENT: ?PR?_SET_VOICE_VOL?VOICE_IC

*** WARNING L16: UNCALLED SEGMENT, IGNORED FOR OVERLAY PROCESS
    SEGMENT: ?PR?PWM_OPEN?PWM

*** WARNING L16: UNCALLED SEGMENT, IGNORED FOR OVERLAY PROCESS
    SEGMENT: ?PR?PWM_SHUTDOWN?PWM

Program Size: data=62.6 xdata=658 code=13094
LINK/LOCATE RUN COMPLETE.  3 WARNING(S),  0 ERROR(S)
