BL51 BANKED LINKER/LOCATER V6.22                                                        08/23/2018  10:55:38  PAGE 1


BL51 BANKED LINKER/LOCATER V6.22, INVOKED BY:
C:\PROGRAMFILES2\KEIL_V5\C51\BIN\BL51.EXE .\Objects\STARTUP.obj, .\Objects\app_main.obj, .\Objects\boot.obj, .\Objects\b
>> t_mode.obj, .\Objects\Flash.obj, .\Objects\key.obj, .\Objects\main.obj, .\Objects\rgb.obj, .\Objects\uart.obj, .\Obje
>> cts\update.obj, .\Objects\voice_ic.obj, .\Objects\wifi_mode.obj, .\Objects\PWM.obj TO .\Objects\GP389 PRINT (.\Listin
>> gs\GP389.m51) RAMSIZE (256) CODE (0X0500-0X3FFF, ?PR?BOOTLOADER_HANDLE?BOOT (0X0100), ?PR?MAIN?MAIN (0X0500)) XDATA (
>> 0X0000-0X2FF)


MEMORY MODEL: LARGE


INPUT MODULES INCLUDED:
  .\Objects\STARTUP.obj (?C_STARTUP)
  .\Objects\app_main.obj (APP_MAIN)
  .\Objects\boot.obj (BOOT)
  .\Objects\bt_mode.obj (BT_MODE)
  .\Objects\Flash.obj (FLASH)
  .\Objects\key.obj (KEY)
  .\Objects\main.obj (MAIN)
  .\Objects\rgb.obj (RGB)
  .\Objects\uart.obj (UART)
  .\Objects\update.obj (UPDATE)
  .\Objects\voice_ic.obj (VOICE_IC)
  .\Objects\wifi_mode.obj (WIFI_MODE)
  .\Objects\PWM.obj (PWM)
  C:\PROGRAMFILES2\KEIL_V5\C51\LIB\C51L.LIB (?C_INIT)
  C:\PROGRAMFILES2\KEIL_V5\C51\LIB\C51L.LIB (?C?CLDPTR)
  C:\PROGRAMFILES2\KEIL_V5\C51\LIB\C51L.LIB (?C?CLDOPTR)
  C:\PROGRAMFILES2\KEIL_V5\C51\LIB\C51L.LIB (?C?CSTPTR)
  C:\PROGRAMFILES2\KEIL_V5\C51\LIB\C51L.LIB (?C?CSTOPTR)
  C:\PROGRAMFILES2\KEIL_V5\C51\LIB\C51L.LIB (?C?IILDX)
  C:\PROGRAMFILES2\KEIL_V5\C51\LIB\C51L.LIB (?C?ILDIX)
  C:\PROGRAMFILES2\KEIL_V5\C51\LIB\C51L.LIB (?C?CCASE)


LINK MAP OF MODULE:  .\Objects\GP389 (?C_STARTUP)


            TYPE    BASE      LENGTH    RELOCATION   SEGMENT NAME
            -----------------------------------------------------

            * * * * * * *   D A T A   M E M O R Y   * * * * * * *
            REG     0000H     0008H     ABSOLUTE     "REG BANK 0"
            IDATA   0008H     000DH     UNIT         ?ID?APP_MAIN
            IDATA   0015H     000BH     UNIT         ?ID?UPDATE
            BIT     0020H.0   0002H.2   UNIT         ?BI?APP_MAIN
            BIT     0022H.2   0000H.7   UNIT         ?BI?BT_MODE
            BIT     0023H.1   0000H.3   UNIT         ?BI?VOICE_IC
            BIT     0023H.4   0000H.1   UNIT         ?BI?KEY
            BIT     0023H.5   0000H.1   UNIT         ?BI?MAIN
                    0023H.6   0000H.2                *** GAP ***
            IDATA   0024H     0008H     UNIT         ?ID?BT_MODE
            IDATA   002CH     0008H     UNIT         ?ID?VOICE_IC
            IDATA   0034H     0007H     UNIT         ?ID?UART
            IDATA   003BH     0001H     UNIT         ?STACK

            * * * * * * *  X D A T A   M E M O R Y  * * * * * * *
            XDATA   0000H     01F9H     UNIT         ?XD?UART
BL51 BANKED LINKER/LOCATER V6.22                                                      08/23/2018  10:55:38  PAGE 2


            XDATA   01F9H     0029H     UNIT         ?XD?APP_MAIN
            XDATA   0222H     0019H     UNIT         ?XD?BT_MODE
            XDATA   023BH     0019H     UNIT         _XDATA_GROUP_
            XDATA   0254H     0012H     UNIT         ?XD?RGB
            XDATA   0266H     000CH     UNIT         ?XD?KEY
            XDATA   0272H     0004H     UNIT         ?XD?FLASH
            XDATA   0276H     0003H     UNIT         ?XD?VOICE_IC
            XDATA   0279H     0002H     UNIT         ?XD?UPDATE
                    027BH     0D85H                  *** GAP ***
            XDATA   1000H     0001H     ABSOLUTE     
            XDATA   1001H     0001H     ABSOLUTE     
            XDATA   1002H     0001H     ABSOLUTE     
            XDATA   1003H     0001H     ABSOLUTE     
            XDATA   1004H     0001H     ABSOLUTE     
            XDATA   1005H     0001H     ABSOLUTE     
            XDATA   1006H     0001H     ABSOLUTE     
            XDATA   1007H     0001H     ABSOLUTE     
            XDATA   1008H     0001H     ABSOLUTE     
            XDATA   1009H     0001H     ABSOLUTE     
            XDATA   100AH     0001H     ABSOLUTE     
            XDATA   100BH     0001H     ABSOLUTE     
            XDATA   100CH     0001H     ABSOLUTE     
            XDATA   100DH     0001H     ABSOLUTE     
            XDATA   100EH     0001H     ABSOLUTE     
            XDATA   100FH     0001H     ABSOLUTE     
            XDATA   1010H     0001H     ABSOLUTE     
            XDATA   1011H     0001H     ABSOLUTE     
            XDATA   1012H     0001H     ABSOLUTE     
            XDATA   1013H     0001H     ABSOLUTE     
            XDATA   1014H     0001H     ABSOLUTE     
            XDATA   1015H     0001H     ABSOLUTE     
                    1016H     0022H                  *** GAP ***
            XDATA   1038H     0001H     ABSOLUTE     

            * * * * * * *   C O D E   M E M O R Y   * * * * * * *
            CODE    0000H     0003H     ABSOLUTE     
                    0003H     0018H                  *** GAP ***
            CODE    001BH     0003H     ABSOLUTE     
                    001EH     0005H                  *** GAP ***
            CODE    0023H     0003H     ABSOLUTE     
                    0026H     0025H                  *** GAP ***
            CODE    004BH     0003H     ABSOLUTE     
                    004EH     0005H                  *** GAP ***
            CODE    0053H     0003H     ABSOLUTE     
                    0056H     0015H                  *** GAP ***
            CODE    006BH     0003H     ABSOLUTE     
                    006EH     000DH                  *** GAP ***
            CODE    007BH     0003H     ABSOLUTE     
                    007EH     0005H                  *** GAP ***
            CODE    0083H     0003H     ABSOLUTE     
                    0086H     0005H                  *** GAP ***
            CODE    008BH     0003H     ABSOLUTE     
                    008EH     0015H                  *** GAP ***
            CODE    00A3H     0003H     ABSOLUTE     
                    00A6H     005AH                  *** GAP ***
            CODE    0100H     0282H     UNIT         ?PR?BOOTLOADER_HANDLE?BOOT
                    0382H     017EH                  *** GAP ***
BL51 BANKED LINKER/LOCATER V6.22                                                      08/23/2018  10:55:38  PAGE 3


            CODE    0500H     002FH     UNIT         ?PR?MAIN?MAIN
            CODE    052FH     09A0H     UNIT         ?PR?_WIFI_COMMANDDEAL?WIFI_MODE
            CODE    0ECFH     0418H     UNIT         ?PR?UPDATE_HANDLE?UPDATE
            CODE    12E7H     0336H     UNIT         ?CO?WIFI_MODE
            CODE    161DH     02CEH     UNIT         ?PR?LED_RGB_PLAY?RGB
            CODE    18EBH     0273H     UNIT         ?PR?KEYCOMMSG?KEY
            CODE    1B5EH     01C7H     UNIT         ?PR?RGB_HANDLE?RGB
            CODE    1D25H     01B7H     UNIT         ?PR?DEALWITH_VOICE?VOICE_IC
            CODE    1EDCH     010AH     UNIT         ?PR?_APPLICATIONGP389_ONOFF?WIFI_MODE
            CODE    1FE6H     0102H     UNIT         ?PR?_KEYEVENTPORC?KEY
            CODE    20E8H     00FCH     UNIT         ?PR?BLUEMODE_RECEIVE?BT_MODE
            CODE    21E4H     00F4H     UNIT         ?CO?BT_MODE
            CODE    22D8H     00E5H     UNIT         ?PR?SETLED_HANDLE?APP_MAIN
            CODE    23BDH     00D5H     UNIT         ?PR?_HEX_TO_CHAR?WIFI_MODE
            CODE    2492H     00D1H     UNIT         ?PR?LED_RGB_DRIVE?RGB
            CODE    2563H     00CCH     UNIT         ?C?LIB_CODE
            CODE    262FH     00C9H     UNIT         ?PR?BLUEMODE_HANDLE?BT_MODE
            CODE    26F8H     00B7H     UNIT         ?PR?GETKEYVALUE?KEY
            CODE    27AFH     00B2H     UNIT         ?PR?VOICE_IN_TIMER?VOICE_IC
            CODE    2861H     009AH     UNIT         ?C_C51STARTUP
            CODE    28FBH     0099H     UNIT         ?PR?COMPARE_1MINUTEPORC?APP_MAIN
            CODE    2994H     0094H     UNIT         ?PR?_EEPROM_PAGE_WRITE_DATA?FLASH
            CODE    2A28H     008FH     UNIT         ?PR?UART0_RECEIVE_PARSE?UART
            CODE    2AB7H     006CH     UNIT         ?CO?KEY
            CODE    2B23H     006CH     UNIT         ?PR?INT_USI1_RX?MAIN
            CODE    2B8FH     006CH     UNIT         ?PR?UART0TRANSMIT_SENDSTRING_3STEP?UART
            CODE    2BFBH     0069H     UNIT         ?PR?_UART0TRANSMIT_SENDSTRING?UART
            CODE    2C64H     0067H     UNIT         ?PR?_CHAR_COMPARE?WIFI_MODE
            CODE    2CCBH     0064H     UNIT         ?PR?PWM_DUTYCYCLE_CHANGE?PWM
            CODE    2D2FH     005DH     UNIT         ?PR?SYS_TICK?APP_MAIN
            CODE    2D8CH     005BH     UNIT         ?PR?INT_USI0_RX?MAIN
            CODE    2DE7H     0053H     UNIT         ?PR?PORT_INIT?MAIN
            CODE    2E3AH     004FH     UNIT         ?PR?_EPROMERASECMD?FLASH
            CODE    2E89H     004EH     UNIT         ?PR?TIMER4_INIT?MAIN
            CODE    2ED7H     004AH     UNIT         ?PR?INT_TIMER4?MAIN
            CODE    2F21H     0046H     UNIT         ?PR?_UART1TRANSMIT_SENDSTRING?BT_MODE
            CODE    2F67H     0046H     UNIT         ?PR?INT_WT?MAIN
            CODE    2FADH     0044H     UNIT         ?PR?APP_MAIN?APP_MAIN
            CODE    2FF1H     0044H     UNIT         ?PR?INT_USI1_TX?MAIN
            CODE    3035H     0044H     UNIT         ?PR?INT_USI0_TX?MAIN
            CODE    3079H     0044H     UNIT         ?PR?_CHAR_TO_HEX?WIFI_MODE
            CODE    30BDH     003EH     UNIT         ?PR?INT_TIMER3?MAIN
            CODE    30FBH     003EH     UNIT         ?PR?_PUTSTRING?UPDATE
            CODE    3139H     003BH     UNIT         ?PR?INT_TIMER0?MAIN
            CODE    3174H     0037H     UNIT         ?PR?_EPROMWRITECMD?FLASH
            CODE    31ABH     0035H     UNIT         ?PR?GP389_ON?WIFI_MODE
            CODE    31E0H     0031H     UNIT         ?PR?_CHAR_TO_BCD?WIFI_MODE
            CODE    3211H     002FH     UNIT         ?PR?GP389_OFF?WIFI_MODE
            CODE    3240H     002BH     UNIT         ?PR?_BT_SEND_CMD?BT_MODE
            CODE    326BH     002AH     UNIT         ?PR?POWERON_RESET?APP_MAIN
            CODE    3295H     0028H     UNIT         ?PR?_EEPROM_WR_FLAG_ENDABLE?FLASH
            CODE    32BDH     001EH     UNIT         ?PR?GP389_ON_APP?WIFI_MODE
            CODE    32DBH     001BH     UNIT         ?PR?CLOCK_INIT?MAIN
            CODE    32F6H     0019H     UNIT         ?PR?_VOICE_SEND?VOICE_IC
            CODE    330FH     0018H     UNIT         ?PR?UART1_INIT?MAIN
            CODE    3327H     0016H     UNIT         ?PR?TIMER2_INIT?MAIN
            CODE    333DH     0016H     UNIT         ?CO?UPDATE
BL51 BANKED LINKER/LOCATER V6.22                                                      08/23/2018  10:55:38  PAGE 4


            CODE    3353H     0015H     UNIT         ?PR?TIMER3_INIT?MAIN
            CODE    3368H     0014H     UNIT         ?PR?UART1_DEF_INIT?MAIN
            CODE    337CH     0013H     UNIT         ?PR?UART0_INIT?MAIN
            CODE    338FH     0010H     UNIT         ?PR?_RGBCOLORSET?RGB
            CODE    339FH     000FH     UNIT         ?CO?APP_MAIN
            CODE    33AEH     000FH     UNIT         ?PR?_ADC_START?MAIN
            CODE    33BDH     000FH     UNIT         ?CO?UART
            CODE    33CCH     000EH     UNIT         ?PR?_SET_VOICE_VOL?VOICE_IC
            CODE    33DAH     000DH     UNIT         ?PR?EEPROM_INIT?FLASH
            CODE    33E7H     000DH     UNIT         ?PR?TIMER0_INIT?MAIN
            CODE    33F4H     000DH     UNIT         ?PR?WT_INIT?MAIN
            CODE    3401H     000CH     UNIT         ?PR?WDT_INIT?MAIN
            CODE    340DH     000CH     UNIT         ?PR?_PUTCHAR?UPDATE
            CODE    3419H     000BH     UNIT         ?CO?VOICE_IC
            CODE    3424H     0009H     UNIT         ?PR?ADC_READ?MAIN
            CODE    342DH     0008H     UNIT         ?PR?EPROMRESETCMD?FLASH
            CODE    3435H     0008H     UNIT         ?PR?_EEPROM_BYTE_READ_DATA?FLASH
            CODE    343DH     0008H     UNIT         ?PR?LCD_INIT?MAIN
            CODE    3445H     0008H     UNIT         ?PR?PWM_OPEN?PWM
            CODE    344DH     0008H     UNIT         ?PR?PWM_SHUTDOWN?PWM
            CODE    3455H     0007H     UNIT         ?C_INITSEG
            CODE    345CH     0007H     UNIT         ?PR?ADC_INIT?MAIN
            CODE    3463H     0006H     UNIT         ?PR?KEYSCAN?KEY
            CODE    3469H     0004H     UNIT         ?PR?WDT_CLEAR?MAIN
            CODE    346DH     0003H     UNIT         ?PR?PROGRAM_RESET?FLASH
            CODE    3470H     0001H     UNIT         ?PR?INT_TIMER2?MAIN



OVERLAY MAP OF MODULE:   .\Objects\GP389 (?C_STARTUP)


SEGMENT                                           XDATA_GROUP
  +--> CALLED SEGMENT                           START    LENGTH
---------------------------------------------------------------
?C_C51STARTUP                                   -----    -----
  +--> ?PR?MAIN?MAIN
  +--> ?C_INITSEG

?PR?MAIN?MAIN                                   -----    -----
  +--> ?PR?PORT_INIT?MAIN
  +--> ?PR?CLOCK_INIT?MAIN
  +--> ?PR?ADC_INIT?MAIN
  +--> ?PR?LCD_INIT?MAIN
  +--> ?PR?TIMER0_INIT?MAIN
  +--> ?PR?TIMER2_INIT?MAIN
  +--> ?PR?TIMER3_INIT?MAIN
  +--> ?PR?TIMER4_INIT?MAIN
  +--> ?PR?UART0_INIT?MAIN
  +--> ?PR?WT_INIT?MAIN
  +--> ?PR?WDT_INIT?MAIN
  +--> ?PR?APP_MAIN?APP_MAIN
  +--> ?PR?BOOTLOADER_HANDLE?BOOT

?PR?WDT_INIT?MAIN                               -----    -----
  +--> ?PR?WDT_CLEAR?MAIN

BL51 BANKED LINKER/LOCATER V6.22                                                      08/23/2018  10:55:38  PAGE 5


?PR?APP_MAIN?APP_MAIN                           -----    -----
  +--> ?PR?POWERON_RESET?APP_MAIN
  +--> ?PR?UART0_RECEIVE_PARSE?UART
  +--> ?PR?KEYSCAN?KEY
  +--> ?PR?KEYCOMMSG?KEY
  +--> ?PR?PWM_DUTYCYCLE_CHANGE?PWM
  +--> ?PR?BLUEMODE_HANDLE?BT_MODE
  +--> ?PR?DEALWITH_VOICE?VOICE_IC
  +--> ?PR?RGB_HANDLE?RGB
  +--> ?PR?SETLED_HANDLE?APP_MAIN
  +--> ?PR?UART0TRANSMIT_SENDSTRING_3STEP?UART
  +--> ?PR?COMPARE_1MINUTEPORC?APP_MAIN
  +--> ?PR?WDT_CLEAR?MAIN

?PR?POWERON_RESET?APP_MAIN                      -----    -----
  +--> ?PR?_APPLICATIONGP389_ONOFF?WIFI_MODE

?PR?_APPLICATIONGP389_ONOFF?WIFI_MODE           0242H    0001H
  +--> ?PR?WDT_CLEAR?MAIN
  +--> ?CO?WIFI_MODE
  +--> ?PR?_HEX_TO_CHAR?WIFI_MODE

?PR?UART0_RECEIVE_PARSE?UART                    -----    -----
  +--> ?PR?WDT_CLEAR?MAIN
  +--> ?PR?_WIFI_COMMANDDEAL?WIFI_MODE

?PR?_WIFI_COMMANDDEAL?WIFI_MODE                 023BH    0007H
  +--> ?CO?WIFI_MODE
  +--> ?PR?_CHAR_COMPARE?WIFI_MODE
  +--> ?PR?_UART0TRANSMIT_SENDSTRING?UART
  +--> ?PR?GP389_ON?WIFI_MODE
  +--> ?PR?GP389_ON_APP?WIFI_MODE
  +--> ?PR?_CHAR_TO_HEX?WIFI_MODE
  +--> ?PR?GP389_OFF?WIFI_MODE
  +--> ?PR?_CHAR_TO_BCD?WIFI_MODE
  +--> ?PR?_HEX_TO_CHAR?WIFI_MODE
  +--> ?PR?UPDATE_HANDLE?UPDATE
  +--> ?PR?_BT_SEND_CMD?BT_MODE

?PR?_CHAR_COMPARE?WIFI_MODE                     0242H    0006H
  +--> ?CO?WIFI_MODE

?PR?_UART0TRANSMIT_SENDSTRING?UART              0242H    0003H
  +--> ?PR?WDT_CLEAR?MAIN

?PR?GP389_ON?WIFI_MODE                          -----    -----
  +--> ?PR?_APPLICATIONGP389_ONOFF?WIFI_MODE

?PR?GP389_ON_APP?WIFI_MODE                      -----    -----
  +--> ?PR?_APPLICATIONGP389_ONOFF?WIFI_MODE

?PR?GP389_OFF?WIFI_MODE                         -----    -----
  +--> ?PR?_APPLICATIONGP389_ONOFF?WIFI_MODE

?PR?UPDATE_HANDLE?UPDATE                        0242H    0009H
  +--> ?PR?_PUTCHAR?UPDATE
  +--> ?PR?WDT_CLEAR?MAIN
BL51 BANKED LINKER/LOCATER V6.22                                                      08/23/2018  10:55:38  PAGE 6


  +--> ?CO?UPDATE
  +--> ?PR?_PUTSTRING?UPDATE
  +--> ?PR?_EEPROM_PAGE_WRITE_DATA?FLASH
  +--> ?PR?_EEPROM_BYTE_READ_DATA?FLASH

?PR?_PUTSTRING?UPDATE                           024BH    0003H

?PR?_EEPROM_PAGE_WRITE_DATA?FLASH               024BH    0009H
  +--> ?PR?_EEPROM_WR_FLAG_ENDABLE?FLASH
  +--> ?PR?_EPROMERASECMD?FLASH
  +--> ?PR?EPROMRESETCMD?FLASH
  +--> ?PR?_EPROMWRITECMD?FLASH

?PR?_EPROMERASECMD?FLASH                        -----    -----
  +--> ?PR?EPROMRESETCMD?FLASH
  +--> ?PR?PROGRAM_RESET?FLASH
  +--> ?PR?EEPROM_INIT?FLASH

?PR?_EPROMWRITECMD?FLASH                        -----    -----
  +--> ?PR?PROGRAM_RESET?FLASH
  +--> ?PR?EEPROM_INIT?FLASH

?PR?_BT_SEND_CMD?BT_MODE                        -----    -----
  +--> ?CO?BT_MODE
  +--> ?PR?_UART1TRANSMIT_SENDSTRING?BT_MODE

?PR?KEYSCAN?KEY                                 -----    -----
  +--> ?PR?GETKEYVALUE?KEY
  +--> ?PR?_KEYEVENTPORC?KEY

?PR?GETKEYVALUE?KEY                             023BH    0001H
  +--> ?PR?ADC_READ?MAIN
  +--> ?CO?KEY
  +--> ?PR?_ADC_START?MAIN

?PR?KEYCOMMSG?KEY                               -----    -----
  +--> ?PR?GP389_OFF?WIFI_MODE
  +--> ?PR?GP389_ON?WIFI_MODE
  +--> ?CO?KEY
  +--> ?PR?_UART0TRANSMIT_SENDSTRING?UART
  +--> ?PR?_BT_SEND_CMD?BT_MODE

?PR?BLUEMODE_HANDLE?BT_MODE                     -----    -----
  +--> ?PR?BLUEMODE_RECEIVE?BT_MODE
  +--> ?PR?UART1_DEF_INIT?MAIN
  +--> ?PR?UART1_INIT?MAIN
  +--> ?PR?_BT_SEND_CMD?BT_MODE

?PR?BLUEMODE_RECEIVE?BT_MODE                    023BH    0003H
  +--> ?CO?BT_MODE

?PR?DEALWITH_VOICE?VOICE_IC                     -----    -----
  +--> ?PR?UART1_INIT?MAIN
  +--> ?CO?WIFI_MODE
  +--> ?PR?_UART0TRANSMIT_SENDSTRING?UART
  +--> ?PR?_VOICE_SEND?VOICE_IC
  +--> ?PR?_SET_VOICE_VOL?VOICE_IC
BL51 BANKED LINKER/LOCATER V6.22                                                      08/23/2018  10:55:38  PAGE 7



?PR?_SET_VOICE_VOL?VOICE_IC                     -----    -----
  +--> ?CO?VOICE_IC
  +--> ?PR?_VOICE_SEND?VOICE_IC

?PR?RGB_HANDLE?RGB                              -----    -----
  +--> ?PR?_RGBCOLORSET?RGB
  +--> ?PR?LED_RGB_PLAY?RGB

?PR?UART0TRANSMIT_SENDSTRING_3STEP?UART         -----    -----
  +--> ?PR?WDT_CLEAR?MAIN
  +--> ?CO?UART
  +--> ?PR?_UART0TRANSMIT_SENDSTRING?UART
  +--> ?PR?_APPLICATIONGP389_ONOFF?WIFI_MODE

?PR?COMPARE_1MINUTEPORC?APP_MAIN                -----    -----
  +--> ?CO?APP_MAIN
  +--> ?PR?_UART0TRANSMIT_SENDSTRING?UART
  +--> ?PR?GP389_OFF?WIFI_MODE
  +--> ?PR?_APPLICATIONGP389_ONOFF?WIFI_MODE

?PR?BOOTLOADER_HANDLE?BOOT                      023BH    0009H

*** NEW ROOT ***************************************************

?PR?INT_TIMER0?MAIN                             -----    -----
  +--> ?PR?SYS_TICK?APP_MAIN

*** NEW ROOT ***************************************************

?PR?INT_TIMER3?MAIN                             -----    -----
  +--> ?PR?LED_RGB_DRIVE?RGB
  +--> ?PR?VOICE_IN_TIMER?VOICE_IC



SYMBOL TABLE OF MODULE:  .\Objects\GP389 (?C_STARTUP)

  VALUE           TYPE          NAME
  ----------------------------------

  -------         MODULE        ?C_STARTUP
  C:2861H         SEGMENT       ?C_C51STARTUP
  I:003BH         SEGMENT       ?STACK
  C:0000H         PUBLIC        ?C_STARTUP
  D:00E0H         SYMBOL        ACC
  D:00F0H         SYMBOL        B
  D:0083H         SYMBOL        DPH
  D:0082H         SYMBOL        DPL
  N:0000H         SYMBOL        IBPSTACK
  N:0100H         SYMBOL        IBPSTACKTOP
  N:0100H         SYMBOL        IDATALEN
  C:2864H         SYMBOL        IDATALOOP
  N:0000H         SYMBOL        PBPSTACK
  N:0000H         SYMBOL        PBPSTACKTOP
  N:0000H         SYMBOL        PDATALEN
  N:0000H         SYMBOL        PDATASTART
BL51 BANKED LINKER/LOCATER V6.22                                                      08/23/2018  10:55:38  PAGE 8


  N:0000H         SYMBOL        PPAGE
  N:0000H         SYMBOL        PPAGEENABLE
  D:00A0H         SYMBOL        PPAGE_SFR
  D:0081H         SYMBOL        SP
  C:2861H         SYMBOL        STARTUP1
  N:0000H         SYMBOL        XBPSTACK
  N:0000H         SYMBOL        XBPSTACKTOP
  N:0300H         SYMBOL        XDATALEN
  C:286FH         SYMBOL        XDATALOOP
  N:0000H         SYMBOL        XDATASTART
  C:0000H         LINE#         94
  C:2861H         LINE#         101
  C:2863H         LINE#         102
  C:2864H         LINE#         103
  C:2865H         LINE#         104
  C:2867H         LINE#         108
  C:286AH         LINE#         109
  C:286CH         LINE#         113
  C:286EH         LINE#         115
  C:286FH         LINE#         116
  C:2870H         LINE#         117
  C:2871H         LINE#         118
  C:2873H         LINE#         119
  C:2875H         LINE#         153
  C:2878H         LINE#         157
  -------         ENDMOD        ?C_STARTUP

  -------         MODULE        APP_MAIN
  C:0000H         SYMBOL        _ICE_DUMMY_
  D:0080H         PUBLIC        P0
  I:0008H         PUBLIC        gRTC_Hour_bk
  D:0090H         PUBLIC        P2
  B:0020H.0       PUBLIC        Flag_TestMode
  B:0020H.1       PUBLIC        enableMute
  I:0009H         PUBLIC        sys_volume_bk
  X:01F9H         PUBLIC        TimerMode
  C:326BH         PUBLIC        PowerON_Reset
  C:22D8H         PUBLIC        setLed_Handle
  B:0020H.2       PUBLIC        Flag_alarm_wake_only
  X:01FAH         PUBLIC        PlayMode
  B:0020H.3       PUBLIC        Flag_data_bk
  B:0020H.4       PUBLIC        gbHalfSecond
  I:000AH         PUBLIC        gRTC_Minute
  B:0020H.5       PUBLIC        setFactory
  B:0020H.6       PUBLIC        Flag_alarm_say_to_IOT
  B:0020H.7       PUBLIC        Flag_time_sync
  X:01FBH         PUBLIC        program1
  X:0206H         PUBLIC        program2
  X:0211H         PUBLIC        program3
  B:0021H.0       PUBLIC        enableMute_bk
  X:021CH         PUBLIC        cntFlash
  I:000BH         PUBLIC        gRTC_Week
  B:0021H.1       PUBLIC        AppTick1ms
  X:021DH         PUBLIC        gRTC_Hour_bk_24
  C:2FADH         PUBLIC        app_main
  B:0021H.2       PUBLIC        Flag_Demo_Mode
  I:000CH         PUBLIC        cntTimer
BL51 BANKED LINKER/LOCATER V6.22                                                      08/23/2018  10:55:38  PAGE 9


  I:000DH         PUBLIC        PlayMode_bk
  I:000EH         PUBLIC        gRTC_Sec
  I:000FH         PUBLIC        gRTC_Hour
  B:0021H.3       PUBLIC        setReset
  I:0010H         PUBLIC        gRTC_Minute_bk
  I:0011H         PUBLIC        color_mode_bk
  I:0012H         PUBLIC        sys_volume
  B:0021H.4       PUBLIC        AppTick0
  B:0021H.5       PUBLIC        AppTick1
  B:0021H.6       PUBLIC        AppTick2
  B:0021H.7       PUBLIC        AppTick3
  B:0022H.0       PUBLIC        AppTick4
  B:0022H.1       PUBLIC        AppTick5
  X:021EH         PUBLIC        Led_Flash
  X:021FH         PUBLIC        timeSync_PowerON_Cnt
  C:28FBH         PUBLIC        Compare_1MinutePorc
  C:2D2FH         PUBLIC        sys_tick
  X:0220H         PUBLIC        Falg_TimeSync_Allow
  I:0013H         PUBLIC        cntAppTick
  I:0014H         PUBLIC        gRTC_Sec_bk
  X:0221H         PUBLIC        cntFlag_ON_OFF
  -------         PROC          SYS_TICK
  C:2D2FH         LINE#         81
  C:2D2FH         LINE#         82
  C:2D2FH         LINE#         83
  C:2D31H         LINE#         84
  C:2D37H         LINE#         85
  C:2D39H         LINE#         86
  C:2D3DH         LINE#         87
  C:2D3FH         LINE#         88
  C:2D43H         LINE#         89
  C:2D45H         LINE#         90
  C:2D49H         LINE#         91
  C:2D4BH         LINE#         92
  C:2D4FH         LINE#         93
  C:2D51H         LINE#         94
  C:2D55H         LINE#         95
  C:2D57H         LINE#         96
  C:2D5CH         LINE#         97
  C:2D5CH         LINE#         98
  C:2D62H         LINE#         99
  C:2D65H         LINE#         100
  C:2D6BH         LINE#         101
  C:2D6EH         LINE#         102
  C:2D74H         LINE#         103
  C:2D77H         LINE#         104
  C:2D7DH         LINE#         105
  C:2D80H         LINE#         106
  C:2D80H         LINE#         107
  C:2D89H         LINE#         108
  C:2D8BH         LINE#         109
  -------         ENDPROC       SYS_TICK
  -------         PROC          COMPARE_1MINUTEPORC
  C:28FBH         LINE#         117
  C:28FBH         LINE#         118
  C:28FBH         LINE#         120
  C:2907H         LINE#         121
BL51 BANKED LINKER/LOCATER V6.22                                                      08/23/2018  10:55:38  PAGE 10


  C:2907H         LINE#         122
  C:2909H         LINE#         133
  C:2910H         LINE#         134
  C:2910H         LINE#         136
  C:2916H         LINE#         137
  C:291CH         LINE#         138
  C:291CH         LINE#         139
  C:291EH         LINE#         140
  C:2922H         LINE#         141
  C:292BH         LINE#         142
  C:2931H         LINE#         143
  C:2931H         LINE#         144
  C:2931H         LINE#         198
  C:293AH         LINE#         199
  C:293AH         LINE#         200
  C:293CH         LINE#         201
  C:2945H         LINE#         202
  C:2945H         LINE#         203
  C:2948H         LINE#         207
  C:294CH         LINE#         208
  C:295BH         LINE#         209
  C:295BH         LINE#         246
  C:2962H         LINE#         247
  C:2962H         LINE#         248
  C:2968H         LINE#         249
  C:296EH         LINE#         250
  C:296EH         LINE#         251
  C:2970H         LINE#         252
  C:2972H         LINE#         253
  C:2972H         LINE#         254
  C:2972H         LINE#         256
  C:297BH         LINE#         257
  C:297BH         LINE#         258
  C:297DH         LINE#         259
  C:2983H         LINE#         260
  C:2989H         LINE#         261
  C:2989H         LINE#         262
  C:298BH         LINE#         263
  C:2991H         LINE#         264
  C:2993H         LINE#         265
  C:2993H         LINE#         266
  C:2993H         LINE#         267
  C:2993H         LINE#         268
  C:2993H         LINE#         269
  -------         ENDPROC       COMPARE_1MINUTEPORC
  -------         PROC          SETLED_HANDLE
  C:22D8H         LINE#         277
  C:22D8H         LINE#         278
  C:22D8H         LINE#         279
  C:22DBH         LINE#         280
  C:22DBH         LINE#         281
  C:22E6H         LINE#         282
  C:22E6H         LINE#         283
  C:22E8H         LINE#         284
  C:22F3H         LINE#         285
  C:22F5H         LINE#         286
  C:22F5H         LINE#         287
BL51 BANKED LINKER/LOCATER V6.22                                                      08/23/2018  10:55:38  PAGE 11


  C:2305H         LINE#         288
  C:2311H         LINE#         289
  C:2318H         LINE#         291
  C:231BH         LINE#         292
  C:231BH         LINE#         296
  C:2326H         LINE#         297
  C:2326H         LINE#         298
  C:2328H         LINE#         299
  C:2333H         LINE#         300
  C:2333H         LINE#         301
  C:2335H         LINE#         306
  C:2338H         LINE#         307
  C:2338H         LINE#         309
  C:2338H         LINE#         310
  C:233BH         LINE#         311
  C:233EH         LINE#         312
  C:2340H         LINE#         313
  C:2340H         LINE#         314
  C:2343H         LINE#         315
  C:2343H         LINE#         316
  C:234EH         LINE#         317
  C:234EH         LINE#         318
  C:2350H         LINE#         319
  C:235BH         LINE#         320
  C:235DH         LINE#         321
  C:235DH         LINE#         324
  C:2366H         LINE#         325
  C:2368H         LINE#         326
  C:2377H         LINE#         327
  C:2377H         LINE#         328
  C:237AH         LINE#         329
  C:237DH         LINE#         330
  C:2380H         LINE#         331
  C:2388H         LINE#         332
  C:2389H         LINE#         333
  C:2391H         LINE#         334
  C:2391H         LINE#         335
  C:2394H         LINE#         336
  C:2397H         LINE#         337
  C:2397H         LINE#         338
  C:2399H         LINE#         339
  C:239DH         LINE#         340
  C:239DH         LINE#         341
  C:23A0H         LINE#         342
  C:23A3H         LINE#         343
  C:23A3H         LINE#         344
  C:23A5H         LINE#         345
  C:23A9H         LINE#         346
  C:23A9H         LINE#         347
  C:23ACH         LINE#         348
  C:23AFH         LINE#         349
  C:23B3H         LINE#         350
  C:23B3H         LINE#         352
  C:23B3H         LINE#         353
  C:23B6H         LINE#         354
  C:23B9H         LINE#         355
  C:23BCH         LINE#         356
BL51 BANKED LINKER/LOCATER V6.22                                                      08/23/2018  10:55:38  PAGE 12


  C:23BCH         LINE#         357
  -------         ENDPROC       SETLED_HANDLE
  -------         PROC          POWERON_RESET
  C:326BH         LINE#         365
  C:326BH         LINE#         366
  C:326BH         LINE#         369
  C:326FH         LINE#         370
  C:3275H         LINE#         371
  C:3279H         LINE#         372
  C:327BH         LINE#         373
  C:327EH         LINE#         374
  C:3282H         LINE#         375
  C:328EH         LINE#         376
  C:3294H         LINE#         423
  -------         ENDPROC       POWERON_RESET
  -------         PROC          APP_MAIN
  C:2FADH         LINE#         431
  C:2FADH         LINE#         432
  C:2FADH         LINE#         433
  C:2FB0H         LINE#         477
  C:2FB0H         LINE#         478
  C:2FB0H         LINE#         479
  C:2FB3H         LINE#         480
  C:2FB6H         LINE#         481
  C:2FB6H         LINE#         482
  C:2FB8H         LINE#         483
  C:2FB8H         LINE#         484
  C:2FBBH         LINE#         485
  C:2FBBH         LINE#         486
  C:2FBDH         LINE#         487
  C:2FC0H         LINE#         488
  C:2FC3H         LINE#         489
  C:2FC3H         LINE#         490
  C:2FC6H         LINE#         491
  C:2FC6H         LINE#         492
  C:2FC8H         LINE#         493
  C:2FCBH         LINE#         494
  C:2FCEH         LINE#         495
  C:2FCEH         LINE#         496
  C:2FD1H         LINE#         497
  C:2FD1H         LINE#         498
  C:2FD3H         LINE#         499
  C:2FD6H         LINE#         500
  C:2FD6H         LINE#         501
  C:2FD9H         LINE#         502
  C:2FD9H         LINE#         503
  C:2FDBH         LINE#         504
  C:2FDEH         LINE#         505
  C:2FDEH         LINE#         506
  C:2FE1H         LINE#         507
  C:2FE1H         LINE#         508
  C:2FE3H         LINE#         509
  C:2FE6H         LINE#         510
  C:2FE9H         LINE#         511
  C:2FECH         LINE#         512
  C:2FECH         LINE#         513
  C:2FEFH         LINE#         514
BL51 BANKED LINKER/LOCATER V6.22                                                      08/23/2018  10:55:38  PAGE 13


  -------         ENDPROC       APP_MAIN
  -------         ENDMOD        APP_MAIN

  -------         MODULE        BOOT
  C:0000H         SYMBOL        _ICE_DUMMY_
  D:008DH         PUBLIC        WDTCR
  D:00A8H         PUBLIC        IE
  D:00FDH         PUBLIC        FIDR
  D:00FEH         PUBLIC        FMCR
  D:00FAH         PUBLIC        FSADRH
  D:00FCH         PUBLIC        FSADRL
  D:00FBH         PUBLIC        FSADRM
  C:0100H         PUBLIC        BootLoader_handle
  -------         PROC          BOOTLOADER_HANDLE
  -------         DO            
  X:023BH         SYMBOL        i
  D:0004H         SYMBOL        addr
  X:023CH         SYMBOL        dat
  X:023EH         SYMBOL        ImageDat
  X:0240H         SYMBOL        APP_ROMadr
  X:0242H         SYMBOL        EEP_ROMadr
  -------         ENDDO         
  C:0100H         LINE#         3
  C:0100H         LINE#         4
  C:0100H         LINE#         7
  C:010AH         LINE#         8
  C:0111H         LINE#         12
  C:011FH         LINE#         13
  C:0138H         LINE#         14
  C:014FH         LINE#         15
  C:014FH         LINE#         16
  C:016DH         LINE#         17
  C:017BH         LINE#         18
  C:0183H         LINE#         19
  C:01C7H         LINE#         20
  C:01C7H         LINE#         21
  C:01CAH         LINE#         22
  C:01D0H         LINE#         23
  C:01D6H         LINE#         24
  C:01D6H         LINE#         25
  C:01D6H         LINE#         26
  C:01D9H         LINE#         27
  C:01E3H         LINE#         28
  C:01F5H         LINE#         29
  C:01F5H         LINE#         30
  C:021BH         LINE#         31
  C:021BH         LINE#         32
  C:0239H         LINE#         33
  C:0247H         LINE#         34
  C:0255H         LINE#         35
  C:0257H         LINE#         37
  C:026AH         LINE#         38
  C:0273H         LINE#         39
  C:0276H         LINE#         40
  C:0277H         LINE#         41
  C:0278H         LINE#         42
  C:0279H         LINE#         43
BL51 BANKED LINKER/LOCATER V6.22                                                      08/23/2018  10:55:38  PAGE 14


  C:027AH         LINE#         44
  C:0289H         LINE#         45
  C:02A4H         LINE#         46
  C:02A7H         LINE#         47
  C:02AAH         LINE#         48
  C:02ACH         LINE#         49
  C:02AFH         LINE#         50
  C:02B0H         LINE#         51
  C:02B1H         LINE#         52
  C:02B2H         LINE#         53
  C:02B3H         LINE#         54
  C:02B6H         LINE#         55
  C:02B7H         LINE#         56
  C:02B8H         LINE#         57
  C:02B9H         LINE#         58
  C:02BAH         LINE#         59
  C:02BDH         LINE#         60
  C:02BFH         LINE#         61
  C:02C1H         LINE#         62
  C:02C4H         LINE#         63
  C:02C6H         LINE#         64
  C:02C9H         LINE#         65
  C:02CAH         LINE#         66
  C:02CBH         LINE#         67
  C:02CCH         LINE#         68
  C:02CDH         LINE#         69
  C:02FEH         LINE#         70
  C:0301H         LINE#         71
  C:0304H         LINE#         72
  C:0308H         LINE#         73
  C:030BH         LINE#         74
  C:030CH         LINE#         75
  C:030DH         LINE#         76
  C:030EH         LINE#         77
  C:030FH         LINE#         78
  C:0312H         LINE#         79
  C:0313H         LINE#         80
  C:0314H         LINE#         81
  C:0315H         LINE#         82
  C:0316H         LINE#         83
  C:0319H         LINE#         84
  C:031BH         LINE#         85
  C:031DH         LINE#         86
  C:0320H         LINE#         87
  C:0322H         LINE#         88
  C:0339H         LINE#         89
  C:0339H         LINE#         90
  C:033CH         LINE#         91
  C:033FH         LINE#         92
  C:033FH         LINE#         93
  C:034DH         LINE#         94
  C:034DH         LINE#         95
  C:0356H         LINE#         96
  C:035DH         LINE#         97
  C:035DH         LINE#         98
  C:036FH         LINE#         99
  C:036FH         LINE#         100
BL51 BANKED LINKER/LOCATER V6.22                                                      08/23/2018  10:55:38  PAGE 15


  C:0378H         LINE#         101
  C:0378H         LINE#         102
  C:037BH         LINE#         103
  C:037BH         LINE#         104
  C:037EH         LINE#         105
  C:0381H         LINE#         106
  -------         ENDPROC       BOOTLOADER_HANDLE
  -------         ENDMOD        BOOT

  -------         MODULE        BT_MODE
  C:0000H         SYMBOL        _ICE_DUMMY_
  D:0088H         PUBLIC        P1
  D:0090H         PUBLIC        P2
  I:0024H         PUBLIC        Uart1_EnableSend
  C:2F21H         PUBLIC        _Uart1Transmit_SendString
  X:0222H         PUBLIC        BT_Step
  B:0022H.2       PUBLIC        Uart1_ReceiveBuffer_A_B
  B:0022H.3       PUBLIC        BT_Work
  I:0025H         PUBLIC        Uart1_Rx_TimeOut
  I:0026H         PUBLIC        Uart1_Tx_TimeOut
  C:20E8H         PUBLIC        BlueMode_Receive
  D:00F5H         PUBLIC        USI1DR
  B:0022H.4       PUBLIC        Uart1_RX_Finish_A
  I:0027H         PUBLIC        Uart1_Rx_Pointer
  C:262FH         PUBLIC        BlueMode_Handle
  B:0022H.5       PUBLIC        Uart1_RX_Finish_B
  I:0028H         PUBLIC        Uart1_Tx_Pointer
  C:21E4H         PUBLIC        BT_Command_tab
  I:0029H         PUBLIC        bt_volume
  B:0022H.6       PUBLIC        flag_bt_pause
  B:0022H.7       PUBLIC        flag_bt_conn
  X:0223H         PUBLIC        Uart1_TransmitBuffer
  B:0023H.0       PUBLIC        flag_bt_play
  I:002AH         PUBLIC        bt_cmd
  X:022BH         PUBLIC        Uart1_ReceiveBuffer_A
  X:0233H         PUBLIC        Uart1_ReceiveBuffer_B
  C:3240H         PUBLIC        _bt_send_cmd
  I:002BH         PUBLIC        cntMuteBT
  -------         PROC          _UART1TRANSMIT_SENDSTRING
  D:0001H         SYMBOL        str
  -------         DO            
  D:0007H         SYMBOL        i
  -------         ENDDO         
  C:2F21H         LINE#         67
  C:2F21H         LINE#         68
  C:2F21H         LINE#         70
  C:2F26H         LINE#         71
  C:2F26H         LINE#         72
  C:2F30H         LINE#         73
  C:2F38H         LINE#         74
  C:2F38H         LINE#         75
  C:2F44H         LINE#         76
  C:2F4BH         LINE#         77
  C:2F4EH         LINE#         78
  C:2F52H         LINE#         79
  C:2F56H         LINE#         80
  C:2F66H         LINE#         81
BL51 BANKED LINKER/LOCATER V6.22                                                      08/23/2018  10:55:38  PAGE 16


  -------         ENDPROC       _UART1TRANSMIT_SENDSTRING
  -------         PROC          _BT_SEND_CMD
  D:0007H         SYMBOL        cmd
  -------         DO            
  C:22BCH         SYMBOL        bt_vol_send_tab
  -------         ENDDO         
  C:3240H         LINE#         89
  C:3240H         LINE#         90
  C:3240H         LINE#         92
  C:3246H         LINE#         93
  C:3252H         LINE#         95
  C:326AH         LINE#         96
  -------         ENDPROC       _BT_SEND_CMD
  -------         PROC          BLUEMODE_RECEIVE
  -------         DO            
  D:0007H         SYMBOL        i
  X:023BH         SYMBOL        BT_CMD
  -------         DO            
  C:22C7H         SYMBOL        bt_vol_resp_tab
  -------         ENDDO         
  -------         ENDDO         
  C:20E8H         LINE#         104
  C:20E8H         LINE#         105
  C:20E8H         LINE#         108
  C:20F1H         LINE#         109
  C:20F1H         LINE#         110
  C:20F4H         LINE#         111
  C:20F4H         LINE#         112
  C:20F6H         LINE#         113
  C:2104H         LINE#         114
  C:2106H         LINE#         116
  C:2106H         LINE#         117
  C:2108H         LINE#         118
  C:2116H         LINE#         119
  C:2116H         LINE#         120
  C:2128H         LINE#         121
  C:2128H         LINE#         122
  C:2132H         LINE#         123
  C:2134H         LINE#         124
  C:2138H         LINE#         125
  C:213AH         LINE#         126
  C:2142H         LINE#         127
  C:2144H         LINE#         128
  C:2147H         LINE#         129
  C:214BH         LINE#         130
  C:214BH         LINE#         131
  C:2155H         LINE#         132
  C:2157H         LINE#         133
  C:215CH         LINE#         134
  C:215CH         LINE#         135
  C:215EH         LINE#         136
  C:2165H         LINE#         137
  C:2165H         LINE#         138
  C:2167H         LINE#         139
  C:216EH         LINE#         140
  C:216EH         LINE#         141
  C:2178H         LINE#         142
BL51 BANKED LINKER/LOCATER V6.22                                                      08/23/2018  10:55:38  PAGE 17


  C:2178H         LINE#         143
  C:217EH         LINE#         144
  C:217EH         LINE#         145
  C:217EH         LINE#         146
  C:2180H         LINE#         147
  C:2185H         LINE#         148
  C:2185H         LINE#         149
  C:218DH         LINE#         150
  C:218DH         LINE#         152
  C:219BH         LINE#         153
  C:21A0H         LINE#         155
  C:21B6H         LINE#         156
  C:21BEH         LINE#         157
  C:21C0H         LINE#         158
  C:21C8H         LINE#         159
  C:21C8H         LINE#         160
  C:21C8H         LINE#         161
  C:21CAH         LINE#         162
  C:21E3H         LINE#         163
  C:21E3H         LINE#         164
  -------         ENDPROC       BLUEMODE_RECEIVE
  -------         PROC          BLUEMODE_HANDLE
  C:262FH         LINE#         172
  C:262FH         LINE#         173
  C:262FH         LINE#         174
  C:2632H         LINE#         175
  C:263DH         LINE#         176
  C:263DH         LINE#         177
  C:2640H         LINE#         178
  C:2640H         LINE#         179
  C:2643H         LINE#         180
  C:2645H         LINE#         181
  C:2647H         LINE#         182
  C:264EH         LINE#         183
  C:2653H         LINE#         184
  C:2653H         LINE#         185
  C:2655H         LINE#         186
  C:2669H         LINE#         187
  C:2669H         LINE#         188
  C:2669H         LINE#         189
  C:266CH         LINE#         190
  C:266FH         LINE#         191
  C:266FH         LINE#         192
  C:2671H         LINE#         193
  C:2671H         LINE#         194
  C:2674H         LINE#         195
  C:2677H         LINE#         196
  C:2677H         LINE#         197
  C:2679H         LINE#         198
  C:2679H         LINE#         199
  C:2679H         LINE#         200
  C:267BH         LINE#         201
  C:267BH         LINE#         202
  C:267BH         LINE#         203
  C:267BH         LINE#         204
  C:267DH         LINE#         205
  C:267DH         LINE#         206
BL51 BANKED LINKER/LOCATER V6.22                                                      08/23/2018  10:55:38  PAGE 18


  C:2680H         LINE#         207
  C:2680H         LINE#         208
  C:2682H         LINE#         209
  C:2682H         LINE#         210
  C:268BH         LINE#         211
  C:268BH         LINE#         212
  C:268DH         LINE#         213
  C:2692H         LINE#         214
  C:2694H         LINE#         215
  C:269AH         LINE#         216
  C:269AH         LINE#         217
  C:269DH         LINE#         218
  C:26A1H         LINE#         219
  C:26A1H         LINE#         220
  C:26A6H         LINE#         221
  C:26A6H         LINE#         222
  C:26AEH         LINE#         223
  C:26AEH         LINE#         224
  C:26B1H         LINE#         225
  C:26B2H         LINE#         227
  C:26B5H         LINE#         228
  C:26B6H         LINE#         230
  C:26B6H         LINE#         231
  C:26B9H         LINE#         232
  C:26B9H         LINE#         233
  C:26BAH         LINE#         234
  C:26BAH         LINE#         235
  C:26BAH         LINE#         237
  C:26BAH         LINE#         238
  C:26BDH         LINE#         239
  C:26BDH         LINE#         240
  C:26C1H         LINE#         241
  C:26C5H         LINE#         242
  C:26C5H         LINE#         243
  C:26C7H         LINE#         244
  C:26DBH         LINE#         245
  C:26DBH         LINE#         246
  C:26DBH         LINE#         247
  C:26DEH         LINE#         248
  C:26DEH         LINE#         249
  C:26E0H         LINE#         250
  C:26E0H         LINE#         251
  C:26E0H         LINE#         252
  C:26E2H         LINE#         253
  C:26E2H         LINE#         254
  C:26E2H         LINE#         255
  C:26E4H         LINE#         256
  C:26E4H         LINE#         257
  C:26E7H         LINE#         258
  C:26EDH         LINE#         259
  C:26EEH         LINE#         260
  C:26EEH         LINE#         261
  C:26F4H         LINE#         262
  C:26F7H         LINE#         263
  C:26F7H         LINE#         264
  C:26F7H         LINE#         265
  C:26F7H         LINE#         266
BL51 BANKED LINKER/LOCATER V6.22                                                      08/23/2018  10:55:38  PAGE 19


  C:26F7H         LINE#         267
  C:26F7H         LINE#         268
  -------         ENDPROC       BLUEMODE_HANDLE
  -------         ENDMOD        BT_MODE

  -------         MODULE        FLASH
  C:0000H         SYMBOL        _ICE_DUMMY_
  C:3295H         PUBLIC        _eeprom_wr_flag_endable
  D:00A8H         PUBLIC        IE
  C:2994H         PUBLIC        _eeprom_page_write_data
  C:3435H         PUBLIC        _eeprom_byte_read_data
  C:33DAH         PUBLIC        eeprom_init
  D:00FDH         PUBLIC        FIDR
  D:00FEH         PUBLIC        FMCR
  D:00FAH         PUBLIC        FSADRH
  D:00FCH         PUBLIC        FSADRL
  D:00FBH         PUBLIC        FSADRM
  C:346DH         PUBLIC        Program_Reset
  C:2E3AH         PUBLIC        _EpromEraseCMD
  C:342DH         PUBLIC        EpromResetCMD
  X:0272H         PUBLIC        eeprom_write_enable
  C:3174H         PUBLIC        _EpromWriteCMD
  -------         PROC          EEPROM_INIT
  C:33DAH         LINE#         6
  C:33DAH         LINE#         7
  C:33DAH         LINE#         8
  C:33DDH         LINE#         9
  C:33DFH         LINE#         10
  C:33E1H         LINE#         11
  C:33E4H         LINE#         12
  C:33E6H         LINE#         13
  -------         ENDPROC       EEPROM_INIT
  -------         PROC          PROGRAM_RESET
  C:346DH         LINE#         14
  C:346DH         LINE#         15
  C:346DH         LINE#         16
  -------         ENDPROC       PROGRAM_RESET
  -------         PROC          _EEPROM_WR_FLAG_ENDABLE
  D:0007H         SYMBOL        enable
  -------         DO            
  D:0006H         SYMBOL        i
  D:0005H         SYMBOL        ret
  -------         ENDDO         
  C:3295H         LINE#         18
  C:3295H         LINE#         19
  C:3295H         LINE#         20
  C:3297H         LINE#         21
  C:3299H         LINE#         22
  C:3299H         LINE#         23
  C:3299H         LINE#         24
  C:329CH         LINE#         25
  C:32AAH         LINE#         27
  C:32B6H         LINE#         28
  C:32B7H         LINE#         29
  C:32BCH         LINE#         30
  -------         ENDPROC       _EEPROM_WR_FLAG_ENDABLE
  -------         PROC          EPROMRESETCMD
BL51 BANKED LINKER/LOCATER V6.22                                                      08/23/2018  10:55:38  PAGE 20


  C:342DH         LINE#         31
  C:342DH         LINE#         32
  C:342DH         LINE#         33
  C:3430H         LINE#         34
  C:3431H         LINE#         35
  C:3432H         LINE#         36
  C:3433H         LINE#         37
  C:3434H         LINE#         38
  -------         ENDPROC       EPROMRESETCMD
  -------         PROC          _EPROMWRITECMD
  D:0006H         SYMBOL        ptr_addr
  -------         DO            
  D:0004H         SYMBOL        tmp
  -------         ENDDO         
  C:3174H         LINE#         39
  C:3174H         LINE#         40
  C:3174H         LINE#         41
  C:3178H         LINE#         42
  C:317BH         LINE#         43
  C:317EH         LINE#         44
  C:3182H         LINE#         45
  C:3185H         LINE#         46
  C:319CH         LINE#         47
  C:319CH         LINE#         48
  C:319FH         LINE#         49
  C:31A0H         LINE#         50
  C:31A1H         LINE#         51
  C:31A2H         LINE#         52
  C:31A3H         LINE#         53
  C:31A5H         LINE#         55
  C:31A5H         LINE#         56
  C:31A8H         LINE#         57
  C:31A8H         LINE#         58
  -------         ENDPROC       _EPROMWRITECMD
  -------         PROC          _EPROMERASECMD
  D:0006H         SYMBOL        ptr_addr
  -------         DO            
  D:0003H         SYMBOL        i
  D:0004H         SYMBOL        tmp
  D:0006H         SYMBOL        ImageDat
  -------         ENDDO         
  C:2E3AH         LINE#         60
  C:2E3AH         LINE#         61
  C:2E3AH         LINE#         63
  C:2E3EH         LINE#         64
  C:2E42H         LINE#         65
  C:2E45H         LINE#         66
  C:2E47H         LINE#         67
  C:2E56H         LINE#         68
  C:2E59H         LINE#         69
  C:2E5CH         LINE#         70
  C:2E60H         LINE#         71
  C:2E63H         LINE#         72
  C:2E7AH         LINE#         73
  C:2E7AH         LINE#         74
  C:2E7DH         LINE#         75
  C:2E7EH         LINE#         76
BL51 BANKED LINKER/LOCATER V6.22                                                      08/23/2018  10:55:38  PAGE 21


  C:2E7FH         LINE#         77
  C:2E80H         LINE#         78
  C:2E81H         LINE#         79
  C:2E83H         LINE#         81
  C:2E83H         LINE#         82
  C:2E86H         LINE#         83
  C:2E86H         LINE#         84
  -------         ENDPROC       _EPROMERASECMD
  -------         PROC          _EEPROM_PAGE_WRITE_DATA
  D:0006H         SYMBOL        eep_address
  X:024BH         SYMBOL        dat
  -------         DO            
  X:024EH         SYMBOL        i
  X:024FH         SYMBOL        j
  X:0250H         SYMBOL        ImageDat
  X:0252H         SYMBOL        ROMadr
  -------         ENDDO         
  C:2994H         LINE#         86
  C:299FH         LINE#         87
  C:299FH         LINE#         89
  C:29A4H         LINE#         90
  C:29ABH         LINE#         91
  C:29B1H         LINE#         92
  C:29B4H         LINE#         93
  C:29B9H         LINE#         94
  C:29C4H         LINE#         95
  C:29C7H         LINE#         96
  C:29CCH         LINE#         97
  C:2A06H         LINE#         98
  C:2A11H         LINE#         99
  C:2A16H         LINE#         100
  C:2A24H         LINE#         101
  C:2A27H         LINE#         102
  C:2A27H         LINE#         103
  -------         ENDPROC       _EEPROM_PAGE_WRITE_DATA
  -------         PROC          _EEPROM_BYTE_READ_DATA
  D:0006H         SYMBOL        eep_address
  -------         DO            
  D:0082H         SYMBOL        p
  -------         ENDDO         
  C:3435H         LINE#         104
  C:3435H         LINE#         105
  C:3435H         LINE#         106
  C:3439H         LINE#         107
  C:343CH         LINE#         108
  -------         ENDPROC       _EEPROM_BYTE_READ_DATA
  -------         ENDMOD        FLASH

  -------         MODULE        KEY
  C:0000H         SYMBOL        _ICE_DUMMY_
  D:0088H         PUBLIC        P1
  D:00A0H         PUBLIC        P4
  X:0266H         PUBLIC        gbKeyPress
  X:0267H         PUBLIC        gbKeyNone
  X:0268H         PUBLIC        AdcValue
  X:026AH         PUBLIC        cntKeyLoop
  X:026BH         PUBLIC        cntKeylong
BL51 BANKED LINKER/LOCATER V6.22                                                      08/23/2018  10:55:38  PAGE 22


  X:026CH         PUBLIC        KeyValue
  B:0023H.4       PUBLIC        Flas_Anhydrous
  X:026DH         PUBLIC        KeyEvent
  C:3463H         PUBLIC        KeyScan
  X:026EH         PUBLIC        KeyLastValue
  C:1FE6H         PUBLIC        _KeyEventPorc
  C:26F8H         PUBLIC        GetKeyValue
  X:026FH         PUBLIC        AtomizationMode1
  X:0270H         PUBLIC        KeyCurValue
  C:2AFFH         PUBLIC        ADKEY_TAB1
  C:2B11H         PUBLIC        ADKEY_TAB2
  X:0271H         PUBLIC        KeyCurValueBK
  C:18EBH         PUBLIC        KeyComMsg
  -------         PROC          GETKEYVALUE
  -------         DO            
  D:0007H         SYMBOL        i
  X:023BH         SYMBOL        KeyNum
  -------         ENDDO         
  C:26F8H         LINE#         55
  C:26F8H         LINE#         56
  C:26F8H         LINE#         58
  C:26FDH         LINE#         59
  C:2708H         LINE#         60
  C:2710H         LINE#         61
  C:2710H         LINE#         62
  C:2712H         LINE#         63
  C:2712H         LINE#         64
  C:274DH         LINE#         65
  C:274DH         LINE#         66
  C:2753H         LINE#         67
  C:2755H         LINE#         68
  C:2755H         LINE#         69
  C:275AH         LINE#         70
  C:275AH         LINE#         71
  C:275FH         LINE#         72
  C:276CH         LINE#         73
  C:2771H         LINE#         74
  C:277AH         LINE#         75
  C:2782H         LINE#         76
  C:278BH         LINE#         77
  C:2793H         LINE#         78
  C:2798H         LINE#         79
  C:279EH         LINE#         81
  C:27A3H         LINE#         82
  C:27A7H         LINE#         84
  C:27A9H         LINE#         85
  C:27AEH         LINE#         86
  -------         ENDPROC       GETKEYVALUE
  -------         PROC          _KEYEVENTPORC
  D:0007H         SYMBOL        KeyTmp
  C:1FE6H         LINE#         94
  C:1FE6H         LINE#         95
  C:1FE6H         LINE#         96
  C:1FEBH         LINE#         97
  C:1FF3H         LINE#         98
  C:1FF3H         LINE#         99
  C:1FF8H         LINE#         100
BL51 BANKED LINKER/LOCATER V6.22                                                      08/23/2018  10:55:38  PAGE 23


  C:1FFBH         LINE#         102
  C:2001H         LINE#         104
  C:2001H         LINE#         105
  C:200CH         LINE#         106
  C:200CH         LINE#         107
  C:201BH         LINE#         109
  C:2026H         LINE#         110
  C:2026H         LINE#         111
  C:202EH         LINE#         112
  C:2034H         LINE#         113
  C:2039H         LINE#         114
  C:204DH         LINE#         115
  C:204DH         LINE#         116
  C:204DH         LINE#         117
  C:2053H         LINE#         118
  C:205AH         LINE#         119
  C:2060H         LINE#         120
  C:2061H         LINE#         121
  C:2061H         LINE#         122
  C:2067H         LINE#         123
  C:206EH         LINE#         124
  C:2074H         LINE#         125
  C:2075H         LINE#         126
  C:2075H         LINE#         127
  C:2075H         LINE#         128
  C:207BH         LINE#         129
  C:2082H         LINE#         130
  C:2088H         LINE#         131
  C:208FH         LINE#         132
  C:2092H         LINE#         133
  C:2093H         LINE#         134
  C:2093H         LINE#         135
  C:2093H         LINE#         136
  C:2093H         LINE#         138
  C:2093H         LINE#         139
  C:2099H         LINE#         140
  C:2099H         LINE#         141
  C:209DH         LINE#         142
  C:20A3H         LINE#         143
  C:20A8H         LINE#         144
  C:20B7H         LINE#         145
  C:20B7H         LINE#         146
  C:20C0H         LINE#         147
  C:20C2H         LINE#         148
  C:20C9H         LINE#         149
  C:20C9H         LINE#         150
  C:20CEH         LINE#         151
  C:20D0H         LINE#         153
  C:20D0H         LINE#         154
  C:20D5H         LINE#         155
  C:20D9H         LINE#         156
  C:20D9H         LINE#         157
  C:20DFH         LINE#         158
  C:20E7H         LINE#         159
  C:20E7H         LINE#         160
  -------         ENDPROC       _KEYEVENTPORC
  -------         PROC          KEYSCAN
BL51 BANKED LINKER/LOCATER V6.22                                                      08/23/2018  10:55:38  PAGE 24


  C:3463H         LINE#         168
  C:3463H         LINE#         169
  C:3463H         LINE#         170
  -------         ENDPROC       KEYSCAN
  -------         PROC          KEYCOMMSG
  C:18EBH         LINE#         179
  C:18EBH         LINE#         180
  C:18EBH         LINE#         181
  C:18F4H         LINE#         182
  C:18F4H         LINE#         195
  C:1938H         LINE#         196
  C:1938H         LINE#         197
  C:1938H         LINE#         198
  C:1938H         LINE#         199
  C:1938H         LINE#         200
  C:1938H         LINE#         201
  C:1944H         LINE#         202
  C:1944H         LINE#         203
  C:1948H         LINE#         204
  C:194EH         LINE#         205
  C:194EH         LINE#         206
  C:1951H         LINE#         207
  C:1951H         LINE#         209
  C:1954H         LINE#         211
  C:1954H         LINE#         212
  C:1954H         LINE#         213
  C:1954H         LINE#         214
  C:1954H         LINE#         215
  C:195AH         LINE#         216
  C:195AH         LINE#         217
  C:1965H         LINE#         218
  C:1965H         LINE#         219
  C:1969H         LINE#         220
  C:196FH         LINE#         221
  C:196FH         LINE#         222
  C:1972H         LINE#         223
  C:1972H         LINE#         224
  C:1972H         LINE#         225
  C:197BH         LINE#         226
  C:197BH         LINE#         227
  C:197BH         LINE#         228
  C:197BH         LINE#         229
  C:1988H         LINE#         230
  C:1988H         LINE#         231
  C:198AH         LINE#         232
  C:198CH         LINE#         233
  C:1992H         LINE#         234
  C:199BH         LINE#         235
  C:199BH         LINE#         236
  C:199DH         LINE#         237
  C:199DH         LINE#         238
  C:199EH         LINE#         239
  C:19A9H         LINE#         240
  C:19A9H         LINE#         241
  C:19ABH         LINE#         242
  C:19AEH         LINE#         243
  C:19AEH         LINE#         244
BL51 BANKED LINKER/LOCATER V6.22                                                      08/23/2018  10:55:38  PAGE 25


  C:19B0H         LINE#         245
  C:19B0H         LINE#         246
  C:19B2H         LINE#         247
  C:19B2H         LINE#         248
  C:19B4H         LINE#         249
  C:19C2H         LINE#         250
  C:19C2H         LINE#         251
  C:19C4H         LINE#         257
  C:19C4H         LINE#         258
  C:19C4H         LINE#         259
  C:19C5H         LINE#         260
  C:19C5H         LINE#         261
  C:19C5H         LINE#         262
  C:19C5H         LINE#         263
  C:19D0H         LINE#         264
  C:19D0H         LINE#         265
  C:19D2H         LINE#         266
  C:19D5H         LINE#         267
  C:19D5H         LINE#         268
  C:19D7H         LINE#         269
  C:19DBH         LINE#         270
  C:19DCH         LINE#         272
  C:19DCH         LINE#         273
  C:19E0H         LINE#         274
  C:19E0H         LINE#         275
  C:19E0H         LINE#         276
  C:19E1H         LINE#         277
  C:19E1H         LINE#         278
  C:19E1H         LINE#         279
  C:19E1H         LINE#         280
  C:19E1H         LINE#         281
  C:19EDH         LINE#         282
  C:19EDH         LINE#         283
  C:19F4H         LINE#         284
  C:19F5H         LINE#         285
  C:19F7H         LINE#         286
  C:19F7H         LINE#         287
  C:19F8H         LINE#         288
  C:19F8H         LINE#         289
  C:19F8H         LINE#         290
  C:19F8H         LINE#         291
  C:19F8H         LINE#         292
  C:1A04H         LINE#         293
  C:1A04H         LINE#         294
  C:1A0CH         LINE#         295
  C:1A0DH         LINE#         296
  C:1A0FH         LINE#         297
  C:1A0FH         LINE#         298
  C:1A10H         LINE#         299
  C:1A10H         LINE#         300
  C:1A10H         LINE#         301
  C:1A10H         LINE#         302
  C:1A22H         LINE#         303
  C:1A22H         LINE#         304
  C:1A29H         LINE#         305
  C:1A31H         LINE#         306
  C:1A35H         LINE#         307
BL51 BANKED LINKER/LOCATER V6.22                                                      08/23/2018  10:55:38  PAGE 26


  C:1A40H         LINE#         308
  C:1A44H         LINE#         309
  C:1A4FH         LINE#         311
  C:1A57H         LINE#         312
  C:1A57H         LINE#         313
  C:1A58H         LINE#         314
  C:1A58H         LINE#         315
  C:1A58H         LINE#         316
  C:1A58H         LINE#         317
  C:1A5FH         LINE#         318
  C:1A61H         LINE#         319
  C:1A67H         LINE#         320
  C:1A6BH         LINE#         321
  C:1A76H         LINE#         322
  C:1A79H         LINE#         323
  C:1A84H         LINE#         324
  C:1A84H         LINE#         325
  C:1A88H         LINE#         326
  C:1A8CH         LINE#         327
  C:1A90H         LINE#         328
  C:1A94H         LINE#         329
  C:1A94H         LINE#         330
  C:1A95H         LINE#         331
  C:1A95H         LINE#         332
  C:1A95H         LINE#         333
  C:1A95H         LINE#         334
  C:1A9EH         LINE#         335
  C:1AACH         LINE#         336
  C:1AAEH         LINE#         337
  C:1AAFH         LINE#         338
  C:1AAFH         LINE#         339
  C:1AAFH         LINE#         340
  C:1AAFH         LINE#         341
  C:1ABAH         LINE#         342
  C:1ABAH         LINE#         343
  C:1ABCH         LINE#         344
  C:1ABCH         LINE#         345
  C:1ABCH         LINE#         346
  C:1ABCH         LINE#         347
  C:1AC7H         LINE#         348
  C:1ACBH         LINE#         349
  C:1ACCH         LINE#         350
  C:1ACCH         LINE#         351
  C:1ACCH         LINE#         352
  C:1ACCH         LINE#         353
  C:1ACCH         LINE#         354
  C:1AD3H         LINE#         355
  C:1AD7H         LINE#         356
  C:1ADBH         LINE#         357
  C:1AE2H         LINE#         358
  C:1AE6H         LINE#         359
  C:1AEDH         LINE#         360
  C:1AF2H         LINE#         361
  C:1AF6H         LINE#         362
  C:1AF7H         LINE#         363
  C:1AF7H         LINE#         364
  C:1AF7H         LINE#         365
BL51 BANKED LINKER/LOCATER V6.22                                                      08/23/2018  10:55:38  PAGE 27


  C:1AF7H         LINE#         366
  C:1AFFH         LINE#         367
  C:1AFFH         LINE#         368
  C:1B03H         LINE#         369
  C:1B07H         LINE#         370
  C:1B09H         LINE#         371
  C:1B0EH         LINE#         373
  C:1B12H         LINE#         374
  C:1B1BH         LINE#         375
  C:1B20H         LINE#         376
  C:1B20H         LINE#         377
  C:1B20H         LINE#         378
  C:1B20H         LINE#         379
  C:1B20H         LINE#         380
  C:1B20H         LINE#         381
  C:1B28H         LINE#         382
  C:1B28H         LINE#         383
  C:1B2AH         LINE#         384
  C:1B2EH         LINE#         385
  C:1B32H         LINE#         386
  C:1B36H         LINE#         387
  C:1B3CH         LINE#         388
  C:1B3CH         LINE#         389
  C:1B3EH         LINE#         390
  C:1B3EH         LINE#         391
  C:1B3EH         LINE#         392
  C:1B3EH         LINE#         393
  C:1B45H         LINE#         394
  C:1B45H         LINE#         395
  C:1B47H         LINE#         396
  C:1B4CH         LINE#         397
  C:1B50H         LINE#         398
  C:1B54H         LINE#         399
  C:1B5DH         LINE#         400
  C:1B5DH         LINE#         401
  C:1B5DH         LINE#         402
  C:1B5DH         LINE#         403
  C:1B5DH         LINE#         404
  C:1B5DH         LINE#         405
  C:1B5DH         LINE#         406
  C:1B5DH         LINE#         407
  C:1B5DH         LINE#         408
  -------         ENDPROC       KEYCOMMSG
  -------         ENDMOD        KEY

  -------         MODULE        MAIN
  C:0000H         SYMBOL        _ICE_DUMMY_
  D:0080H         PUBLIC        P0
  C:3139H         PUBLIC        INT_Timer0
  D:0088H         PUBLIC        P1
  D:0090H         PUBLIC        P2
  C:3470H         PUBLIC        INT_Timer2
  D:0098H         PUBLIC        P3
  C:30BDH         PUBLIC        INT_Timer3
  D:00A0H         PUBLIC        P4
  C:2ED7H         PUBLIC        INT_Timer4
  C:337CH         PUBLIC        UART0_init
BL51 BANKED LINKER/LOCATER V6.22                                                      08/23/2018  10:55:38  PAGE 28


  D:00B0H         PUBLIC        P5
  C:330FH         PUBLIC        UART1_init
  D:008DH         PUBLIC        WDTCR
  C:3401H         PUBLIC        WDT_init
  D:008EH         PUBLIC        WDTDR
  D:00DEH         PUBLIC        P0DB
  D:00A8H         PUBLIC        IE
  D:0091H         PUBLIC        P0OD
  D:0092H         PUBLIC        P1OD
  D:0093H         PUBLIC        P2OD
  C:3368H         PUBLIC        UART1_def_init
  D:0094H         PUBLIC        P4OD
  D:00A1H         PUBLIC        P0IO
  C:2D8CH         PUBLIC        INT_USI0_Rx
  D:00B2H         PUBLIC        T0CR
  D:00B1H         PUBLIC        P1IO
  C:2B23H         PUBLIC        INT_USI1_Rx
  D:00B4H         PUBLIC        T0DR
  D:00B9H         PUBLIC        P2IO
  C:3035H         PUBLIC        INT_USI0_Tx
  D:00C1H         PUBLIC        P3IO
  C:2FF1H         PUBLIC        INT_USI1_Tx
  X:1000H         PUBLIC        T3CR
  D:00C9H         PUBLIC        P4IO
  X:1002H         PUBLIC        T4CR
  X:1001H         PUBLIC        T3DR
  D:00D1H         PUBLIC        P5IO
  X:1013H         PUBLIC        T4DR
  X:1003H         PUBLIC        T4PCR1
  X:1004H         PUBLIC        T4PCR2
  X:1005H         PUBLIC        T4PCR3
  B:0023H.5       PUBLIC        enUart1
  C:32DBH         PUBLIC        clock_init
  D:00ACH         PUBLIC        P0PU
  C:0500H         PUBLIC        main
  D:009DH         PUBLIC        ADCCRH
  D:00C5H         PUBLIC        T2ADRH
  D:00ADH         PUBLIC        P1PU
  D:009FH         PUBLIC        ADCDRH
  D:00C7H         PUBLIC        T2BDRH
  D:00AEH         PUBLIC        P2PU
  D:00E3H         PUBLIC        USI0BD
  X:100BH         PUBLIC        T4ADRH
  D:00AFH         PUBLIC        P3PU
  D:00F3H         PUBLIC        USI1BD
  X:100DH         PUBLIC        T4BDRH
  D:00A3H         PUBLIC        P4PU
  D:009CH         PUBLIC        ADCCRL
  X:100FH         PUBLIC        T4CDRH
  D:00C4H         PUBLIC        T2ADRL
  D:0095H         PUBLIC        P5PU
  D:009EH         PUBLIC        ADCDRL
  D:00C6H         PUBLIC        T2BDRL
  D:008AH         PUBLIC        SCCR
  D:009BH         PUBLIC        LCDCCR
  X:100AH         PUBLIC        T4ADRL
  X:100CH         PUBLIC        T4BDRL
BL51 BANKED LINKER/LOCATER V6.22                                                      08/23/2018  10:55:38  PAGE 29


  X:100EH         PUBLIC        T4CDRL
  X:1014H         PUBLIC        T4CAPR
  D:009AH         PUBLIC        LCDCRH
  X:1010H         PUBLIC        T4DLYA
  X:1011H         PUBLIC        T4DLYB
  D:00D3H         PUBLIC        P0FSRH
  D:0099H         PUBLIC        LCDCRL
  X:1012H         PUBLIC        T4DLYC
  D:00D5H         PUBLIC        P1FSRH
  D:00D7H         PUBLIC        P2FSRH
  D:00E5H         PUBLIC        USI0DR
  D:00D2H         PUBLIC        P0FSRL
  D:00F5H         PUBLIC        USI1DR
  D:00D4H         PUBLIC        P1FSRL
  D:00D6H         PUBLIC        P2FSRL
  D:00DFH         PUBLIC        P15DB
  D:00A9H         PUBLIC        IE1
  D:00AAH         PUBLIC        IE2
  D:00ABH         PUBLIC        IE3
  D:0096H         PUBLIC        WTCR
  C:33F4H         PUBLIC        WT_init
  D:0089H         PUBLIC        WTDR
  X:1009H         PUBLIC        T4PPRH
  C:3424H         PUBLIC        ADC_read
  X:1008H         PUBLIC        T4PPRL
  C:33E7H         PUBLIC        Timer0_init
  C:3327H         PUBLIC        Timer2_init
  C:3353H         PUBLIC        Timer3_init
  C:2E89H         PUBLIC        Timer4_init
  C:3469H         PUBLIC        WDT_clear
  C:33AEH         PUBLIC        _ADC_start
  C:2DE7H         PUBLIC        port_init
  C:345CH         PUBLIC        ADC_init
  D:00C3H         PUBLIC        T2CRH
  X:1038H         PUBLIC        XTFLSR
  D:00C2H         PUBLIC        T2CRL
  D:00D9H         PUBLIC        USI0CR1
  C:343DH         PUBLIC        LCD_init
  D:00E9H         PUBLIC        USI1CR1
  D:00DAH         PUBLIC        USI0CR2
  D:00EAH         PUBLIC        USI1CR2
  D:00DBH         PUBLIC        USI0CR3
  D:00EBH         PUBLIC        USI1CR3
  X:1015H         PUBLIC        T4CNT
  D:00EEH         PUBLIC        P3FSR
  D:00EFH         PUBLIC        P4FSR
  D:00FFH         PUBLIC        P5FSR
  X:1007H         PUBLIC        T4MSK
  D:008BH         PUBLIC        BITCR
  C:2F67H         PUBLIC        INT_WT
  X:1006H         PUBLIC        T4ISR
  D:00E1H         PUBLIC        USI0ST1
  D:00C8H         PUBLIC        OSCCR
  D:00F1H         PUBLIC        USI1ST1
  -------         PROC          MAIN
  C:0500H         LINE#         21
  C:0500H         LINE#         22
BL51 BANKED LINKER/LOCATER V6.22                                                      08/23/2018  10:55:38  PAGE 30


  C:0500H         LINE#         23
  C:0500H         LINE#         24
  C:0500H         LINE#         25
  C:0503H         LINE#         26
  C:0506H         LINE#         27
  C:0509H         LINE#         28
  C:050CH         LINE#         29
  C:050FH         LINE#         30
  C:0512H         LINE#         31
  C:0515H         LINE#         32
  C:0518H         LINE#         33
  C:051BH         LINE#         34
  C:051EH         LINE#         35
  C:0521H         LINE#         36
  C:0524H         LINE#         37
  C:0527H         LINE#         38
  C:052AH         LINE#         39
  C:052DH         LINE#         40
  -------         ENDPROC       MAIN
  -------         PROC          INT_USI1_RX
  -------         DO            
  D:0007H         SYMBOL        tmp
  -------         ENDDO         
  C:2B23H         LINE#         49
  C:2B32H         LINE#         52
  C:2B34H         LINE#         53
  C:2B37H         LINE#         54
  C:2B3BH         LINE#         55
  C:2B3EH         LINE#         56
  C:2B3EH         LINE#         57
  C:2B46H         LINE#         58
  C:2B53H         LINE#         59
  C:2B58H         LINE#         60
  C:2B58H         LINE#         61
  C:2B5BH         LINE#         62
  C:2B5DH         LINE#         63
  C:2B5FH         LINE#         64
  C:2B5FH         LINE#         65
  C:2B61H         LINE#         67
  C:2B61H         LINE#         68
  C:2B69H         LINE#         69
  C:2B76H         LINE#         70
  C:2B7AH         LINE#         71
  C:2B7AH         LINE#         72
  C:2B7EH         LINE#         73
  C:2B80H         LINE#         74
  C:2B82H         LINE#         75
  C:2B82H         LINE#         76
  C:2B82H         LINE#         77
  -------         ENDPROC       INT_USI1_RX
  -------         PROC          INT_USI1_TX
  C:2FF1H         LINE#         85
  C:2FFEH         LINE#         87
  C:3001H         LINE#         88
  C:3006H         LINE#         89
  C:3006H         LINE#         90
  C:300AH         LINE#         91
BL51 BANKED LINKER/LOCATER V6.22                                                      08/23/2018  10:55:38  PAGE 31


  C:301AH         LINE#         92
  C:3027H         LINE#         93
  C:302AH         LINE#         94
  C:302AH         LINE#         95
  -------         ENDPROC       INT_USI1_TX
  -------         PROC          INT_USI0_RX
  -------         DO            
  D:0007H         SYMBOL        tmp
  -------         ENDDO         
  C:2D8CH         LINE#         103
  C:2DA1H         LINE#         106
  C:2DA3H         LINE#         107
  C:2DA6H         LINE#         108
  C:2DB8H         LINE#         109
  C:2DCDH         LINE#         110
  C:2DD4H         LINE#         111
  -------         ENDPROC       INT_USI0_RX
  -------         PROC          INT_USI0_TX
  C:3035H         LINE#         119
  C:3042H         LINE#         121
  C:3045H         LINE#         122
  C:304AH         LINE#         123
  C:304AH         LINE#         124
  C:304EH         LINE#         125
  C:305EH         LINE#         126
  C:306BH         LINE#         127
  C:306EH         LINE#         128
  C:306EH         LINE#         129
  -------         ENDPROC       INT_USI0_TX
  -------         PROC          INT_TIMER0
  C:3139H         LINE#         137
  C:3156H         LINE#         139
  C:3159H         LINE#         140
  -------         ENDPROC       INT_TIMER0
  -------         PROC          INT_TIMER2
  C:3470H         LINE#         148
  C:3470H         LINE#         152
  -------         ENDPROC       INT_TIMER2
  -------         PROC          INT_TIMER3
  C:30BDH         LINE#         160
  C:30DAH         LINE#         162
  C:30DDH         LINE#         163
  C:30E0H         LINE#         164
  -------         ENDPROC       INT_TIMER3
  -------         PROC          INT_TIMER4
  C:2ED7H         LINE#         172
  C:2EE4H         LINE#         176
  C:2EEBH         LINE#         177
  C:2EEEH         LINE#         178
  C:2EF5H         LINE#         179
  C:2EF8H         LINE#         180
  C:2EFFH         LINE#         181
  C:2F02H         LINE#         182
  C:2F09H         LINE#         183
  C:2F0CH         LINE#         184
  C:2F13H         LINE#         185
  C:2F16H         LINE#         186
BL51 BANKED LINKER/LOCATER V6.22                                                      08/23/2018  10:55:38  PAGE 32


  -------         ENDPROC       INT_TIMER4
  -------         PROC          INT_WT
  C:2F67H         LINE#         194
  C:2F72H         LINE#         196
  C:2F74H         LINE#         197
  C:2F77H         LINE#         198
  C:2F77H         LINE#         199
  C:2F80H         LINE#         200
  C:2F80H         LINE#         201
  C:2F82H         LINE#         202
  C:2F8BH         LINE#         203
  C:2F8BH         LINE#         204
  C:2F8DH         LINE#         205
  C:2F96H         LINE#         206
  C:2F96H         LINE#         207
  C:2F98H         LINE#         208
  C:2F9FH         LINE#         209
  C:2FA2H         LINE#         210
  C:2FA4H         LINE#         211
  C:2FA4H         LINE#         212
  C:2FA4H         LINE#         213
  C:2FA4H         LINE#         225
  C:2FA4H         LINE#         226
  -------         ENDPROC       INT_WT
  -------         PROC          ADC_READ
  -------         DO            
  D:0006H         SYMBOL        adcVal
  -------         ENDDO         
  C:3424H         LINE#         234
  C:3424H         LINE#         235
  C:3424H         LINE#         237
  C:342CH         LINE#         238
  C:342CH         LINE#         239
  -------         ENDPROC       ADC_READ
  -------         PROC          ADC_INIT
  C:345CH         LINE#         247
  C:345CH         LINE#         248
  C:345CH         LINE#         250
  C:345FH         LINE#         251
  C:3462H         LINE#         252
  -------         ENDPROC       ADC_INIT
  -------         PROC          _ADC_START
  D:0007H         SYMBOL        ch
  C:33AEH         LINE#         260
  C:33AEH         LINE#         261
  C:33AEH         LINE#         263
  C:33B9H         LINE#         264
  C:33BCH         LINE#         265
  -------         ENDPROC       _ADC_START
  -------         PROC          LCD_INIT
  C:343DH         LINE#         273
  C:343DH         LINE#         274
  C:343DH         LINE#         277
  C:3440H         LINE#         278
  C:3442H         LINE#         279
  C:3444H         LINE#         280
  -------         ENDPROC       LCD_INIT
BL51 BANKED LINKER/LOCATER V6.22                                                      08/23/2018  10:55:38  PAGE 33


  -------         PROC          TIMER2_INIT
  C:3327H         LINE#         288
  C:3327H         LINE#         289
  C:3327H         LINE#         293
  C:332AH         LINE#         295
  C:332DH         LINE#         296
  C:3330H         LINE#         297
  C:3333H         LINE#         298
  C:3336H         LINE#         299
  C:3339H         LINE#         300
  C:333CH         LINE#         303
  -------         ENDPROC       TIMER2_INIT
  -------         PROC          TIMER4_INIT
  C:2E89H         LINE#         311
  C:2E89H         LINE#         312
  C:2E89H         LINE#         318
  C:2E8FH         LINE#         319
  C:2E93H         LINE#         320
  C:2E99H         LINE#         321
  C:2E9DH         LINE#         322
  C:2EA1H         LINE#         323
  C:2EA5H         LINE#         324
  C:2EA9H         LINE#         325
  C:2EADH         LINE#         326
  C:2EB1H         LINE#         327
  C:2EB5H         LINE#         328
  C:2EBBH         LINE#         330
  C:2EBEH         LINE#         331
  C:2EC2H         LINE#         332
  C:2EC4H         LINE#         333
  C:2EC6H         LINE#         334
  C:2ECCH         LINE#         335
  C:2ECFH         LINE#         336
  C:2ED6H         LINE#         337
  -------         ENDPROC       TIMER4_INIT
  -------         PROC          WDT_CLEAR
  C:3469H         LINE#         345
  C:3469H         LINE#         346
  C:3469H         LINE#         347
  C:346CH         LINE#         348
  -------         ENDPROC       WDT_CLEAR
  -------         PROC          WDT_INIT
  C:3401H         LINE#         356
  C:3401H         LINE#         357
  C:3401H         LINE#         359
  C:3404H         LINE#         360
  C:3407H         LINE#         361
  C:340AH         LINE#         362
  -------         ENDPROC       WDT_INIT
  -------         PROC          TIMER0_INIT
  C:33E7H         LINE#         371
  C:33E7H         LINE#         372
  C:33E7H         LINE#         375
  C:33EAH         LINE#         376
  C:33EDH         LINE#         377
  C:33F0H         LINE#         378
  C:33F3H         LINE#         379
BL51 BANKED LINKER/LOCATER V6.22                                                      08/23/2018  10:55:38  PAGE 34


  -------         ENDPROC       TIMER0_INIT
  -------         PROC          TIMER3_INIT
  C:3353H         LINE#         387
  C:3353H         LINE#         388
  C:3353H         LINE#         391
  C:3359H         LINE#         392
  C:335DH         LINE#         393
  C:3360H         LINE#         394
  C:3367H         LINE#         395
  -------         ENDPROC       TIMER3_INIT
  -------         PROC          UART0_INIT
  C:337CH         LINE#         403
  C:337CH         LINE#         404
  C:337CH         LINE#         407
  C:337FH         LINE#         408
  C:3382H         LINE#         409
  C:3385H         LINE#         410
  C:3388H         LINE#         411
  C:338BH         LINE#         412
  C:338EH         LINE#         413
  -------         ENDPROC       UART0_INIT
  -------         PROC          UART1_INIT
  C:330FH         LINE#         422
  C:330FH         LINE#         423
  C:330FH         LINE#         425
  C:3312H         LINE#         426
  C:3312H         LINE#         427
  C:3315H         LINE#         428
  C:3318H         LINE#         429
  C:331BH         LINE#         430
  C:331EH         LINE#         431
  C:3321H         LINE#         432
  C:3324H         LINE#         433
  C:3324H         LINE#         434
  C:3326H         LINE#         435
  -------         ENDPROC       UART1_INIT
  -------         PROC          UART1_DEF_INIT
  C:3368H         LINE#         443
  C:3368H         LINE#         444
  C:3368H         LINE#         446
  C:336BH         LINE#         447
  C:336BH         LINE#         448
  C:336EH         LINE#         449
  C:3370H         LINE#         450
  C:3372H         LINE#         451
  C:3374H         LINE#         452
  C:3376H         LINE#         453
  C:3379H         LINE#         454
  C:3379H         LINE#         455
  C:337BH         LINE#         456
  -------         ENDPROC       UART1_DEF_INIT
  -------         PROC          WT_INIT
  C:33F4H         LINE#         464
  C:33F4H         LINE#         465
  C:33F4H         LINE#         467
  C:33F7H         LINE#         468
  C:33FAH         LINE#         469
BL51 BANKED LINKER/LOCATER V6.22                                                      08/23/2018  10:55:38  PAGE 35


  C:33FDH         LINE#         470
  C:3400H         LINE#         471
  -------         ENDPROC       WT_INIT
[...]
  C:2CBCH         LINE#         41
  C:2CC6H         LINE#         42
  C:2CC8H         LINE#         43
  C:2CCAH         LINE#         44
  -------         ENDPROC       _CHAR_COMPARE
  C:308DH         SYMBOL        L?0215
  C:308EH         SYMBOL        L?0216
  -------         PROC          L?0214
  -------         ENDPROC       L?0214
  C:308DH         SYMBOL        L?0215
  C:308EH         SYMBOL        L?0216
  -------         PROC          _CHAR_TO_HEX
  D:0007H         SYMBOL        indata1
  D:0005H         SYMBOL        indata2
  C:3092H         LINE#         52
  C:3092H         LINE#         53
  C:3092H         LINE#         54
  C:309AH         LINE#         55
  C:30A0H         LINE#         57
  C:30A4H         LINE#         58
  C:30ACH         LINE#         59
  C:30B2H         LINE#         61
  C:30B6H         LINE#         62
  C:30BCH         LINE#         63
  -------         ENDPROC       _CHAR_TO_HEX
  C:31E1H         SYMBOL        L?0218
  -------         PROC          L?0217
  -------         ENDPROC       L?0217
  C:31E1H         SYMBOL        L?0218
BL51 BANKED LINKER/LOCATER V6.22                                                      08/23/2018  10:55:38  PAGE 52


  -------         PROC          _CHAR_TO_BCD
  D:0007H         SYMBOL        indata1
  D:0005H         SYMBOL        indata2
  C:31E5H         LINE#         71
  C:31E5H         LINE#         72
  C:31E5H         LINE#         73
  C:31EDH         LINE#         74
  C:31F3H         LINE#         76
  C:31F7H         LINE#         77
  C:31FFH         LINE#         78
  C:3205H         LINE#         80
  C:3209H         LINE#         81
  C:3210H         LINE#         82
  -------         ENDPROC       _CHAR_TO_BCD
  C:245FH         SYMBOL        L?0213
  -------         PROC          L?0212
  -------         ENDPROC       L?0212
  C:245FH         SYMBOL        L?0213
  -------         PROC          _HEX_TO_CHAR
  D:0001H         SYMBOL        p
  D:0005H         SYMBOL        indata
  -------         DO            
  D:0007H         SYMBOL        tmp
  -------         ENDDO         
  C:2463H         LINE#         90
  C:2463H         LINE#         91
  C:2463H         LINE#         93
  C:2468H         LINE#         94
  C:246EH         LINE#         95
  C:2472H         LINE#         97
  C:2477H         LINE#         98
  C:247EH         LINE#         99
  C:2482H         LINE#         100
  C:2488H         LINE#         101
  C:248CH         LINE#         103
  C:2491H         LINE#         104
  -------         ENDPROC       _HEX_TO_CHAR
  -------         PROC          GP389_ON
  C:31ABH         LINE#         113
  C:31ABH         LINE#         114
  C:31ABH         LINE#         115
  C:31B1H         LINE#         116
  C:31C2H         LINE#         117
  C:31C8H         LINE#         118
  C:31CFH         LINE#         120
  C:31DBH         LINE#         122
  C:31DFH         LINE#         123
  -------         ENDPROC       GP389_ON
  -------         PROC          GP389_ON_APP
  C:32BDH         LINE#         132
  C:32BDH         LINE#         133
  C:32BDH         LINE#         134
  C:32C3H         LINE#         135
  C:32C9H         LINE#         137
  C:32D6H         LINE#         138
  C:32DAH         LINE#         139
  -------         ENDPROC       GP389_ON_APP
BL51 BANKED LINKER/LOCATER V6.22                                                      08/23/2018  10:55:38  PAGE 53


  -------         PROC          GP389_OFF
  C:3211H         LINE#         147
  C:3211H         LINE#         148
  C:3211H         LINE#         149
  C:3218H         LINE#         150
  C:321AH         LINE#         151
  C:3220H         LINE#         152
  C:3227H         LINE#         153
  C:3229H         LINE#         154
  C:3230H         LINE#         155
  C:323BH         LINE#         156
  C:323FH         LINE#         157
  -------         ENDPROC       GP389_OFF
  -------         PROC          _APPLICATIONGP389_ONOFF
  X:0242H         SYMBOL        onoff
  -------         DO            
  D:0007H         SYMBOL        i
  C:1577H         SYMBOL        respGP389_AllSta
  -------         ENDDO         
  C:1EDCH         LINE#         184
  C:1EE1H         LINE#         185
  C:1EE1H         LINE#         218
  C:1EE9H         LINE#         219
  C:1EECH         LINE#         221
  C:1EECH         LINE#         222
  C:1EF6H         LINE#         224
  C:1EF8H         LINE#         225
  C:1F1CH         LINE#         226
  C:1F2AH         LINE#         227
  C:1F42H         LINE#         228
  C:1F56H         LINE#         229
  C:1F6CH         LINE#         230
  C:1F7AH         LINE#         231
  C:1F86H         LINE#         232
  C:1F92H         LINE#         233
  C:1F9EH         LINE#         234
  C:1FA9H         LINE#         235
  C:1FB5H         LINE#         236
  C:1FBCH         LINE#         250
  C:1FC0H         LINE#         251
  C:1FC4H         LINE#         252
  C:1FC8H         LINE#         253
  C:1FCCH         LINE#         254
  C:1FDCH         LINE#         255
  C:1FE2H         LINE#         256
  C:1FE5H         LINE#         257
  -------         ENDPROC       _APPLICATIONGP389_ONOFF
  -------         PROC          _WIFI_COMMANDDEAL
  X:023BH         SYMBOL        Uart0_Receive
  -------         DO            
  X:023EH         SYMBOL        i
  D:0007H         SYMBOL        temp_time
  X:023FH         SYMBOL        WIFI_CMD
  -------         DO            
  C:15B7H         SYMBOL        respNorGpSta
  C:15ECH         SYMBOL        respNorGpSta
  -------         ENDDO         
BL51 BANKED LINKER/LOCATER V6.22                                                      08/23/2018  10:55:38  PAGE 54


  -------         DO            
  C:15ECH         SYMBOL        respNorGpSta
  -------         ENDDO         
  -------         ENDDO         
  C:052FH         LINE#         265
  C:053AH         LINE#         266
  C:053AH         LINE#         270
  C:054BH         LINE#         344
  C:055FH         LINE#         345
  C:055FH         LINE#         346
  C:056DH         LINE#         347
  C:0576H         LINE#         348
  C:0576H         LINE#         349
  C:0579H         LINE#         352
  C:0579H         LINE#         353
  C:0579H         LINE#         354
  C:058BH         LINE#         355
  C:058BH         LINE#         356
  C:0599H         LINE#         357
  C:059FH         LINE#         358
  C:05A2H         LINE#         364
  C:05A9H         LINE#         365
  C:05ABH         LINE#         366
  C:05ADH         LINE#         367
  C:05BCH         LINE#         369
  C:05BCH         LINE#         370
  C:05CFH         LINE#         371
  C:05CFH         LINE#         372
  C:05DDH         LINE#         373
  C:05E3H         LINE#         374
  C:05E6H         LINE#         380
  C:05ECH         LINE#         381
  C:05F1H         LINE#         382
  C:05F5H         LINE#         383
  C:05F9H         LINE#         384
  C:05FDH         LINE#         385
  C:060BH         LINE#         387
  C:060BH         LINE#         388
  C:061EH         LINE#         389
  C:061EH         LINE#         390
  C:062CH         LINE#         391
  C:0632H         LINE#         392
  C:0635H         LINE#         398
  C:063DH         LINE#         399
  C:0659H         LINE#         400
  C:0676H         LINE#         401
  C:067CH         LINE#         402
  C:068DH         LINE#         404
  C:068DH         LINE#         405
  C:06A0H         LINE#         406
  C:06A0H         LINE#         407
  C:06AEH         LINE#         408
  C:06B4H         LINE#         409
  C:06B7H         LINE#         415
  C:06B9H         LINE#         416
  C:06BBH         LINE#         417
  C:06C1H         LINE#         418
BL51 BANKED LINKER/LOCATER V6.22                                                      08/23/2018  10:55:38  PAGE 55


  C:06D9H         LINE#         419
  C:06DFH         LINE#         420
  C:06E3H         LINE#         421
  C:06E7H         LINE#         422
  C:06EAH         LINE#         424
  C:06EAH         LINE#         425
  C:06FDH         LINE#         426
  C:06FDH         LINE#         428
  C:0703H         LINE#         429
  C:0706H         LINE#         435
  C:070CH         LINE#         436
  C:070EH         LINE#         437
  C:0710H         LINE#         438
  C:0716H         LINE#         439
  C:0719H         LINE#         441
  C:071EH         LINE#         450
  C:071EH         LINE#         451
  C:0734H         LINE#         452
  C:0734H         LINE#         453
  C:0742H         LINE#         454
  C:0748H         LINE#         455
  C:074BH         LINE#         461
  C:0753H         LINE#         462
  C:075BH         LINE#         463
  C:0763H         LINE#         464
  C:076BH         LINE#         465
  C:0773H         LINE#         466
  C:077BH         LINE#         467
  C:0782H         LINE#         468
  C:0788H         LINE#         469
  C:0790H         LINE#         470
  C:079FH         LINE#         471
  C:07ACH         LINE#         472
  C:07B5H         LINE#         474
  C:07B5H         LINE#         475
  C:07C8H         LINE#         476
  C:07C8H         LINE#         477
  C:07D6H         LINE#         478
  C:07DCH         LINE#         479
  C:07DFH         LINE#         485
  C:07E8H         LINE#         486
  C:07ECH         LINE#         488
  C:07ECH         LINE#         489
  C:07FFH         LINE#         490
  C:07FFH         LINE#         491
  C:080DH         LINE#         492
  C:0813H         LINE#         493
  C:0816H         LINE#         499
  C:081CH         LINE#         501
  C:081CH         LINE#         528
  C:082FH         LINE#         529
  C:0830H         LINE#         531
  C:0830H         LINE#         532
  C:0836H         LINE#         533
  C:0836H         LINE#         534
  C:0839H         LINE#         536
  C:0839H         LINE#         537
BL51 BANKED LINKER/LOCATER V6.22                                                      08/23/2018  10:55:38  PAGE 56


  C:084CH         LINE#         538
  C:084CH         LINE#         539
  C:084FH         LINE#         540
  C:0854H         LINE#         542
  C:0854H         LINE#         551
  C:085DH         LINE#         552
  C:085DH         LINE#         553
  C:0870H         LINE#         554
  C:0870H         LINE#         555
  C:0873H         LINE#         556
  C:087AH         LINE#         557
  C:0896H         LINE#         558
  C:08B2H         LINE#         559
  C:08C8H         LINE#         560
  C:08CEH         LINE#         561
  C:08D1H         LINE#         562
  C:08D7H         LINE#         564
  C:08D7H         LINE#         565
  C:08EAH         LINE#         566
  C:08EAH         LINE#         570
  C:08F8H         LINE#         577
  C:08FCH         LINE#         578
  C:08FFH         LINE#         581
  C:08FFH         LINE#         582
  C:0912H         LINE#         583
  C:0912H         LINE#         584
  C:0918H         LINE#         585
  C:091BH         LINE#         586
  C:092EH         LINE#         587
  C:092EH         LINE#         588
  C:0932H         LINE#         589
  C:0942H         LINE#         590
  C:0947H         LINE#         592
  C:094AH         LINE#         593
  C:0950H         LINE#         594
  C:0952H         LINE#         596
  C:0952H         LINE#         597
  C:0965H         LINE#         598
  C:0965H         LINE#         599
  C:0969H         LINE#         600
  C:0978H         LINE#         601
  C:097DH         LINE#         603
  C:0981H         LINE#         604
  C:0986H         LINE#         605
  C:099BH         LINE#         607
  C:099BH         LINE#         608
  C:09AEH         LINE#         609
  C:09AEH         LINE#         610
  C:09B9H         LINE#         611
  C:09B9H         LINE#         612
  C:09BBH         LINE#         613
  C:09BFH         LINE#         614
  C:09C0H         LINE#         623
  C:09C0H         LINE#         624
  C:09D3H         LINE#         625
  C:09D4H         LINE#         627
  C:09D4H         LINE#         628
BL51 BANKED LINKER/LOCATER V6.22                                                      08/23/2018  10:55:38  PAGE 57


  C:09E7H         LINE#         629
  C:09E7H         LINE#         635
  C:09FEH         LINE#         636
  C:09FEH         LINE#         637
  C:0A00H         LINE#         638
  C:0A13H         LINE#         639
  C:0A13H         LINE#         645
  C:0A31H         LINE#         646
  C:0A31H         LINE#         647
  C:0A33H         LINE#         648
  C:0A46H         LINE#         649
  C:0A46H         LINE#         655
  C:0A68H         LINE#         656
  C:0A6AH         LINE#         657
  C:0A6DH         LINE#         658
  C:0A80H         LINE#         659
  C:0A80H         LINE#         660
  C:0A83H         LINE#         662
  C:0A83H         LINE#         663
  C:0A96H         LINE#         664
  C:0A96H         LINE#         665
  C:0A99H         LINE#         667
  C:0A99H         LINE#         668
  C:0AACH         LINE#         669
  C:0AACH         LINE#         675
  C:0AC3H         LINE#         676
  C:0AE0H         LINE#         677
  C:0AE2H         LINE#         678
  C:0AF5H         LINE#         679
  C:0AF5H         LINE#         685
  C:0AFCH         LINE#         686
  C:0AFFH         LINE#         687
  C:0B12H         LINE#         688
  C:0B12H         LINE#         694
  C:0B16H         LINE#         695
  C:0B19H         LINE#         696
  C:0B2CH         LINE#         697
  C:0B2CH         LINE#         703
  C:0B38H         LINE#         704
  C:0B3BH         LINE#         705
  C:0B3EH         LINE#         706
  C:0B51H         LINE#         707
  C:0B51H         LINE#         713
  C:0B5DH         LINE#         714
  C:0B60H         LINE#         715
  C:0B63H         LINE#         716
  C:0B76H         LINE#         717
  C:0B76H         LINE#         723
  C:0B93H         LINE#         724
  C:0B96H         LINE#         725
  C:0BA9H         LINE#         726
  C:0BA9H         LINE#         732
  C:0BC6H         LINE#         733
  C:0BC9H         LINE#         782
  C:0BDFH         LINE#         783
  C:0BDFH         LINE#         786
  C:0BEDH         LINE#         787
BL51 BANKED LINKER/LOCATER V6.22                                                      08/23/2018  10:55:38  PAGE 58


  C:0C09H         LINE#         788
  C:0C0EH         LINE#         789
  C:0C36H         LINE#         790
  C:0C4BH         LINE#         791
  C:0C6FH         LINE#         792
  C:0C8DH         LINE#         793
  C:0CAAH         LINE#         794
  C:0CAAH         LINE#         795
  C:0CAAH         LINE#         796
  C:0CAAH         LINE#         797
  C:0CAAH         LINE#         798
  C:0CAAH         LINE#         799
  C:0CAAH         LINE#         800
  C:0CADH         LINE#         801
  C:0CC5H         LINE#         802
  C:0CC9H         LINE#         803
  C:0CCCH         LINE#         804
  C:0CE2H         LINE#         805
  C:0CE2H         LINE#         806
  C:0D2BH         LINE#         807
  C:0D74H         LINE#         808
  C:0D77H         LINE#         809
  C:0D7AH         LINE#         810
  C:0D8DH         LINE#         811
  C:0D8DH         LINE#         812
  C:0D91H         LINE#         814
  C:0D91H         LINE#         815
  C:0D97H         LINE#         816
  C:0D97H         LINE#         817
  C:0DA0H         LINE#         819
  C:0DA0H         LINE#         820
  C:0DB3H         LINE#         821
  C:0DB3H         LINE#         822
  C:0DB6H         LINE#         823
  C:0DBAH         LINE#         824
  C:0DBEH         LINE#         825
  C:0DC0H         LINE#         826
  C:0DC5H         LINE#         827
  C:0DCAH         LINE#         829
  C:0DCAH         LINE#         830
  C:0DD5H         LINE#         833
  C:0DD8H         LINE#         835
  C:0DD8H         LINE#         836
  C:0DEEH         LINE#         837
  C:0DEEH         LINE#         840
  C:0DFCH         LINE#         841
  C:0E18H         LINE#         842
  C:0E1DH         LINE#         843
  C:0E45H         LINE#         844
  C:0E5AH         LINE#         845
  C:0E7EH         LINE#         846
  C:0E9CH         LINE#         847
  C:0EB9H         LINE#         848
  C:0EB9H         LINE#         849
  C:0EB9H         LINE#         850
  C:0EB9H         LINE#         851
  C:0EB9H         LINE#         852
BL51 BANKED LINKER/LOCATER V6.22                                                      08/23/2018  10:55:38  PAGE 59


  C:0EB9H         LINE#         853
  C:0EB9H         LINE#         854
  C:0EBCH         LINE#         855
  C:0EC0H         LINE#         856
  C:0EC0H         LINE#         857
  C:0ECEH         LINE#         858
  C:0ECEH         LINE#         859
  -------         ENDPROC       _WIFI_COMMANDDEAL
  -------         ENDMOD        WIFI_MODE

  -------         MODULE        PWM
  C:0000H         SYMBOL        _ICE_DUMMY_
  D:00A0H         PUBLIC        P4
  C:2CCBH         PUBLIC        PWM_DutyCycle_Change
  C:344DH         PUBLIC        PWM_Shutdown
  C:3445H         PUBLIC        PWM_Open
  -------         PROC          PWM_OPEN
  C:3445H         LINE#         20
  C:3445H         LINE#         21
  C:3445H         LINE#         22
  C:344CH         LINE#         23
  -------         ENDPROC       PWM_OPEN
  -------         PROC          PWM_SHUTDOWN
  C:344DH         LINE#         31
  C:344DH         LINE#         32
  C:344DH         LINE#         33
  C:3454H         LINE#         34
  -------         ENDPROC       PWM_SHUTDOWN
  -------         PROC          PWM_DUTYCYCLE_CHANGE
  C:2CCBH         LINE#         52
  C:2CCBH         LINE#         53
  C:2CCBH         LINE#         54
  C:2CD5H         LINE#         55
  C:2CD5H         LINE#         56
  C:2CDAH         LINE#         57
  C:2CE0H         LINE#         58
  C:2CE4H         LINE#         59
  C:2CECH         LINE#         61
  C:2CECH         LINE#         62
  C:2CF0H         LINE#         63
  C:2CF0H         LINE#         64
  C:2CF5H         LINE#         65
  C:2CF9H         LINE#         66
  C:2CFBH         LINE#         67
  C:2D03H         LINE#         68
  C:2D03H         LINE#         69
  C:2D09H         LINE#         70
  C:2D0FH         LINE#         71
  C:2D11H         LINE#         72
  C:2D15H         LINE#         73
  C:2D15H         LINE#         74
  C:2D1BH         LINE#         75
  C:2D21H         LINE#         76
  C:2D21H         LINE#         77
  C:2D2EH         LINE#         79
  -------         ENDPROC       PWM_DUTYCYCLE_CHANGE
  -------         ENDMOD        PWM
BL51 BANKED LINKER/LOCATER V6.22                                                      08/23/2018  10:55:38  PAGE 60



  -------         MODULE        ?C?CLDPTR
  C:2563H         PUBLIC        ?C?CLDPTR
  -------         ENDMOD        ?C?CLDPTR

  -------         MODULE        ?C?CLDOPTR
  C:257CH         PUBLIC        ?C?CLDOPTR
  -------         ENDMOD        ?C?CLDOPTR

  -------         MODULE        ?C?CSTPTR
  C:25A9H         PUBLIC        ?C?CSTPTR
  -------         ENDMOD        ?C?CSTPTR

  -------         MODULE        ?C?CSTOPTR
  C:25BBH         PUBLIC        ?C?CSTOPTR
  -------         ENDMOD        ?C?CSTOPTR

  -------         MODULE        ?C?IILDX
  C:25DDH         PUBLIC        ?C?IILDX
  -------         ENDMOD        ?C?IILDX

  -------         MODULE        ?C?ILDIX
  C:25F3H         PUBLIC        ?C?ILDIX
  -------         ENDMOD        ?C?ILDIX

  -------         MODULE        ?C?CCASE
  C:2609H         PUBLIC        ?C?CCASE
  -------         ENDMOD        ?C?CCASE

*** WARNING L16: UNCALLED SEGMENT, IGNORED FOR OVERLAY PROCESS
    SEGMENT: ?PR?PWM_OPEN?PWM

*** WARNING L16: UNCALLED SEGMENT, IGNORED FOR OVERLAY PROCESS
    SEGMENT: ?PR?PWM_SHUTDOWN?PWM

Program Size: data=59.6 xdata=658 code=12817
LINK/LOCATE RUN COMPLETE.  2 WARNING(S),  0 ERROR(S)
