BL51 BANKED LINKER/LOCATER V6.22                                                        10/05/2018  14:43:39  PAGE 1


BL51 BANKED LINKER/LOCATER V6.22, INVOKED BY:
D:\PROGRAMFILES\KEIL_V5\C51\BIN\BL51.EXE .\Objects\STARTUP.obj, .\Objects\app_main.obj, .\Objects\boot.obj, .\Objects\bt
>> _mode.obj, .\Objects\Flash.obj, .\Objects\key.obj, .\Objects\main.obj, .\Objects\rgb.obj, .\Objects\uart.obj, .\Objec
>> ts\update.obj, .\Objects\voice_ic.obj, .\Objects\wifi_mode.obj, .\Objects\PWM.obj TO .\Objects\GP389 PRINT (.\Listing
>> s\GP389.m51) RAMSIZE (256) CODE (0X0500-0X3FFF, ?PR?BOOTLOADER_HANDLE?BOOT (0X0100), ?PR?MAIN?MAIN (0X0500)) XDATA (0
>> X0000-0X2FF)


MEMORY MODEL: LARGE


INPUT MODULES INCLUDED:
  .\Objects\STARTUP.obj (?C_STARTUP)
  .\Objects\app_main.obj (APP_MAIN)
  .\Objects\boot.obj (BOOT)
  .\Objects\bt_mode.obj (BT_MODE)
  .\Objects\Flash.obj (FLASH)
  .\Objects\key.obj (KEY)
  .\Objects\main.obj (MAIN)
  .\Objects\rgb.obj (RGB)
  .\Objects\uart.obj (UART)
  .\Objects\update.obj (UPDATE)
  .\Objects\voice_ic.obj (VOICE_IC)
  .\Objects\wifi_mode.obj (WIFI_MODE)
  .\Objects\PWM.obj (PWM)
  D:\PROGRAMFILES\KEIL_V5\C51\LIB\C51L.LIB (?C_INIT)
  D:\PROGRAMFILES\KEIL_V5\C51\LIB\C51L.LIB (?C?CLDPTR)
  D:\PROGRAMFILES\KEIL_V5\C51\LIB\C51L.LIB (?C?CLDOPTR)
  D:\PROGRAMFILES\KEIL_V5\C51\LIB\C51L.LIB (?C?CSTPTR)
  D:\PROGRAMFILES\KEIL_V5\C51\LIB\C51L.LIB (?C?CSTOPTR)
  D:\PROGRAMFILES\KEIL_V5\C51\LIB\C51L.LIB (?C?IILDX)
  D:\PROGRAMFILES\KEIL_V5\C51\LIB\C51L.LIB (?C?ILDIX)
  D:\PROGRAMFILES\KEIL_V5\C51\LIB\C51L.LIB (?C?CCASE)


LINK MAP OF MODULE:  .\Objects\GP389 (?C_STARTUP)


            TYPE    BASE      LENGTH    RELOCATION   SEGMENT NAME
            -----------------------------------------------------

            * * * * * * *   D A T A   M E M O R Y   * * * * * * *
            REG     0000H     0008H     ABSOLUTE     "REG BANK 0"
            IDATA   0008H     000DH     UNIT         ?ID?APP_MAIN
            IDATA   0015H     000BH     UNIT         ?ID?UPDATE
            BIT     0020H.0   0002H.2   UNIT         ?BI?APP_MAIN
            BIT     0022H.2   0000H.7   UNIT         ?BI?BT_MODE
            BIT     0023H.1   0000H.3   UNIT         ?BI?VOICE_IC
            BIT     0023H.4   0000H.1   UNIT         ?BI?KEY
            BIT     0023H.5   0000H.1   UNIT         ?BI?MAIN
                    0023H.6   0000H.2                *** GAP ***
            IDATA   0024H     000BH     UNIT         ?ID?VOICE_IC
            IDATA   002FH     0008H     UNIT         ?ID?BT_MODE
            IDATA   0037H     0007H     UNIT         ?ID?UART
            IDATA   003EH     0001H     UNIT         ?STACK

            * * * * * * *  X D A T A   M E M O R Y  * * * * * * *
            XDATA   0000H     01F9H     UNIT         ?XD?UART
BL51 BANKED LINKER/LOCATER V6.22                                                      10/05/2018  14:43:39  PAGE 2


            XDATA   01F9H     0029H     UNIT         ?XD?APP_MAIN
            XDATA   0222H     0019H     UNIT         ?XD?BT_MODE
            XDATA   023BH     0019H     UNIT         _XDATA_GROUP_
            XDATA   0254H     0012H     UNIT         ?XD?RGB
            XDATA   0266H     000CH     UNIT         ?XD?KEY
            XDATA   0272H     0004H     UNIT         ?XD?FLASH
            XDATA   0276H     0003H     UNIT         ?XD?VOICE_IC
            XDATA   0279H     0002H     UNIT         ?XD?UPDATE
                    027BH     0D85H                  *** GAP ***
            XDATA   1000H     0001H     ABSOLUTE     
            XDATA   1001H     0001H     ABSOLUTE     
            XDATA   1002H     0001H     ABSOLUTE     
            XDATA   1003H     0001H     ABSOLUTE     
            XDATA   1004H     0001H     ABSOLUTE     
            XDATA   1005H     0001H     ABSOLUTE     
            XDATA   1006H     0001H     ABSOLUTE     
            XDATA   1007H     0001H     ABSOLUTE     
            XDATA   1008H     0001H     ABSOLUTE     
            XDATA   1009H     0001H     ABSOLUTE     
            XDATA   100AH     0001H     ABSOLUTE     
            XDATA   100BH     0001H     ABSOLUTE     
            XDATA   100CH     0001H     ABSOLUTE     
            XDATA   100DH     0001H     ABSOLUTE     
            XDATA   100EH     0001H     ABSOLUTE     
            XDATA   100FH     0001H     ABSOLUTE     
            XDATA   1010H     0001H     ABSOLUTE     
            XDATA   1011H     0001H     ABSOLUTE     
            XDATA   1012H     0001H     ABSOLUTE     
            XDATA   1013H     0001H     ABSOLUTE     
            XDATA   1014H     0001H     ABSOLUTE     
            XDATA   1015H     0001H     ABSOLUTE     
                    1016H     0022H                  *** GAP ***
            XDATA   1038H     0001H     ABSOLUTE     

            * * * * * * *   C O D E   M E M O R Y   * * * * * * *
            CODE    0000H     0003H     ABSOLUTE     
                    0003H     0018H                  *** GAP ***
            CODE    001BH     0003H     ABSOLUTE     
                    001EH     0005H                  *** GAP ***
            CODE    0023H     0003H     ABSOLUTE     
                    0026H     0025H                  *** GAP ***
            CODE    004BH     0003H     ABSOLUTE     
                    004EH     0005H                  *** GAP ***
            CODE    0053H     0003H     ABSOLUTE     
                    0056H     0015H                  *** GAP ***
            CODE    006BH     0003H     ABSOLUTE     
                    006EH     000DH                  *** GAP ***
            CODE    007BH     0003H     ABSOLUTE     
                    007EH     0005H                  *** GAP ***
            CODE    0083H     0003H     ABSOLUTE     
                    0086H     0005H                  *** GAP ***
            CODE    008BH     0003H     ABSOLUTE     
                    008EH     0015H                  *** GAP ***
            CODE    00A3H     0003H     ABSOLUTE     
                    00A6H     005AH                  *** GAP ***
            CODE    0100H     0282H     UNIT         ?PR?BOOTLOADER_HANDLE?BOOT
                    0382H     017EH                  *** GAP ***
BL51 BANKED LINKER/LOCATER V6.22                                                      10/05/2018  14:43:39  PAGE 3


            CODE    0500H     002FH     UNIT         ?PR?MAIN?MAIN
            CODE    052FH     099CH     UNIT         ?PR?_WIFI_COMMANDDEAL?WIFI_MODE
            CODE    0ECBH     0418H     UNIT         ?PR?UPDATE_HANDLE?UPDATE
            CODE    12E3H     0352H     UNIT         ?CO?WIFI_MODE
            CODE    1635H     02CEH     UNIT         ?PR?LED_RGB_PLAY?RGB
            CODE    1903H     0289H     UNIT         ?PR?KEYCOMMSG?KEY
            CODE    1B8CH     01C8H     UNIT         ?PR?DEALWITH_VOICE?VOICE_IC
            CODE    1D54H     01C7H     UNIT         ?PR?RGB_HANDLE?RGB
            CODE    1F1BH     0173H     UNIT         ?PR?_APPLICATIONGP389_ONOFF?WIFI_MODE
            CODE    208EH     0102H     UNIT         ?PR?_KEYEVENTPORC?KEY
            CODE    2190H     00FCH     UNIT         ?PR?BLUEMODE_RECEIVE?BT_MODE
            CODE    228CH     00F4H     UNIT         ?CO?BT_MODE
            CODE    2380H     00EDH     UNIT         ?PR?_HEX_TO_CHAR?WIFI_MODE
            CODE    246DH     00E5H     UNIT         ?PR?SETLED_HANDLE?APP_MAIN
            CODE    2552H     00D1H     UNIT         ?PR?LED_RGB_DRIVE?RGB
            CODE    2623H     00CCH     UNIT         ?C?LIB_CODE
            CODE    26EFH     00C9H     UNIT         ?PR?BLUEMODE_HANDLE?BT_MODE
            CODE    27B8H     00C8H     UNIT         ?PR?VOICE_IN_TIMER?VOICE_IC
            CODE    2880H     00B7H     UNIT         ?PR?GETKEYVALUE?KEY
            CODE    2937H     009AH     UNIT         ?C_C51STARTUP
            CODE    29D1H     0099H     UNIT         ?PR?COMPARE_1MINUTEPORC?APP_MAIN
            CODE    2A6AH     0094H     UNIT         ?PR?_EEPROM_PAGE_WRITE_DATA?FLASH
            CODE    2AFEH     008FH     UNIT         ?PR?UART0_RECEIVE_PARSE?UART
            CODE    2B8DH     006CH     UNIT         ?CO?KEY
            CODE    2BF9H     006CH     UNIT         ?PR?INT_USI1_RX?MAIN
            CODE    2C65H     006CH     UNIT         ?PR?UART0TRANSMIT_SENDSTRING_3STEP?UART
            CODE    2CD1H     0069H     UNIT         ?PR?_UART0TRANSMIT_SENDSTRING?UART
            CODE    2D3AH     0067H     UNIT         ?PR?_CHAR_COMPARE?WIFI_MODE
            CODE    2DA1H     0064H     UNIT         ?PR?PWM_DUTYCYCLE_CHANGE?PWM
            CODE    2E05H     005DH     UNIT         ?PR?SYS_TICK?APP_MAIN
            CODE    2E62H     005BH     UNIT         ?PR?INT_USI0_RX?MAIN
            CODE    2EBDH     0053H     UNIT         ?PR?PORT_INIT?MAIN
            CODE    2F10H     004FH     UNIT         ?PR?_EPROMERASECMD?FLASH
            CODE    2F5FH     004EH     UNIT         ?PR?TIMER4_INIT?MAIN
            CODE    2FADH     004AH     UNIT         ?PR?INT_TIMER4?MAIN
            CODE    2FF7H     0046H     UNIT         ?PR?_UART1TRANSMIT_SENDSTRING?BT_MODE
            CODE    303DH     0046H     UNIT         ?PR?INT_WT?MAIN
            CODE    3083H     0044H     UNIT         ?PR?APP_MAIN?APP_MAIN
            CODE    30C7H     0044H     UNIT         ?PR?INT_USI1_TX?MAIN
            CODE    310BH     0044H     UNIT         ?PR?INT_USI0_TX?MAIN
            CODE    314FH     0044H     UNIT         ?PR?_CHAR_TO_HEX?WIFI_MODE
            CODE    3193H     0041H     UNIT         ?PR?_HEX_TO_CHAR_3BIT?WIFI_MODE
            CODE    31D4H     003EH     UNIT         ?PR?INT_TIMER3?MAIN
            CODE    3212H     003EH     UNIT         ?PR?_PUTSTRING?UPDATE
            CODE    3250H     003BH     UNIT         ?PR?INT_TIMER0?MAIN
            CODE    328BH     0037H     UNIT         ?PR?_EPROMWRITECMD?FLASH
            CODE    32C2H     0035H     UNIT         ?PR?GP389_ON?WIFI_MODE
            CODE    32F7H     0033H     UNIT         ?PR?GP389_OFF?WIFI_MODE
            CODE    332AH     0031H     UNIT         ?PR?_CHAR_TO_BCD?WIFI_MODE
            CODE    335BH     002BH     UNIT         ?PR?_BT_SEND_CMD?BT_MODE
            CODE    3386H     002AH     UNIT         ?PR?POWERON_RESET?APP_MAIN
            CODE    33B0H     0028H     UNIT         ?PR?_EEPROM_WR_FLAG_ENDABLE?FLASH
            CODE    33D8H     001EH     UNIT         ?PR?_VOICE_SEND?VOICE_IC
            CODE    33F6H     001EH     UNIT         ?PR?GP389_ON_APP?WIFI_MODE
            CODE    3414H     001BH     UNIT         ?PR?CLOCK_INIT?MAIN
            CODE    342FH     0018H     UNIT         ?PR?UART1_INIT?MAIN
            CODE    3447H     0016H     UNIT         ?PR?TIMER2_INIT?MAIN
BL51 BANKED LINKER/LOCATER V6.22                                                      10/05/2018  14:43:39  PAGE 4


            CODE    345DH     0016H     UNIT         ?CO?UPDATE
            CODE    3473H     0015H     UNIT         ?PR?TIMER3_INIT?MAIN
            CODE    3488H     0014H     UNIT         ?PR?UART1_DEF_INIT?MAIN
            CODE    349CH     0013H     UNIT         ?PR?UART0_INIT?MAIN
            CODE    34AFH     0012H     UNIT         ?PR?PWM_SHUTDOWN?PWM
            CODE    34C1H     0010H     UNIT         ?PR?_RGBCOLORSET?RGB
            CODE    34D1H     000FH     UNIT         ?CO?APP_MAIN
            CODE    34E0H     000FH     UNIT         ?PR?_ADC_START?MAIN
            CODE    34EFH     000FH     UNIT         ?CO?UART
            CODE    34FEH     000EH     UNIT         ?PR?_SET_VOICE_VOL?VOICE_IC
            CODE    350CH     000DH     UNIT         ?PR?EEPROM_INIT?FLASH
            CODE    3519H     000DH     UNIT         ?PR?TIMER0_INIT?MAIN
            CODE    3526H     000DH     UNIT         ?PR?WT_INIT?MAIN
            CODE    3533H     000CH     UNIT         ?PR?WDT_INIT?MAIN
            CODE    353FH     000CH     UNIT         ?PR?_PUTCHAR?UPDATE
            CODE    354BH     000BH     UNIT         ?CO?VOICE_IC
            CODE    3556H     0009H     UNIT         ?PR?ADC_READ?MAIN
            CODE    355FH     0008H     UNIT         ?PR?EPROMRESETCMD?FLASH
            CODE    3567H     0008H     UNIT         ?PR?_EEPROM_BYTE_READ_DATA?FLASH
            CODE    356FH     0008H     UNIT         ?PR?LCD_INIT?MAIN
            CODE    3577H     0008H     UNIT         ?PR?PWM_OPEN?PWM
            CODE    357FH     0007H     UNIT         ?C_INITSEG
            CODE    3586H     0007H     UNIT         ?PR?ADC_INIT?MAIN
            CODE    358DH     0006H     UNIT         ?PR?KEYSCAN?KEY
            CODE    3593H     0004H     UNIT         ?PR?WDT_CLEAR?MAIN
            CODE    3597H     0003H     UNIT         ?PR?PROGRAM_RESET?FLASH
            CODE    359AH     0001H     UNIT         ?PR?INT_TIMER2?MAIN



OVERLAY MAP OF MODULE:   .\Objects\GP389 (?C_STARTUP)


SEGMENT                                           XDATA_GROUP
  +--> CALLED SEGMENT                           START    LENGTH
---------------------------------------------------------------
?C_C51STARTUP                                   -----    -----
  +--> ?PR?MAIN?MAIN
  +--> ?C_INITSEG

?PR?MAIN?MAIN                                   -----    -----
  +--> ?PR?PORT_INIT?MAIN
  +--> ?PR?CLOCK_INIT?MAIN
  +--> ?PR?ADC_INIT?MAIN
  +--> ?PR?LCD_INIT?MAIN
  +--> ?PR?TIMER0_INIT?MAIN
  +--> ?PR?TIMER2_INIT?MAIN
  +--> ?PR?TIMER3_INIT?MAIN
  +--> ?PR?TIMER4_INIT?MAIN
  +--> ?PR?UART0_INIT?MAIN
  +--> ?PR?WT_INIT?MAIN
  +--> ?PR?WDT_INIT?MAIN
  +--> ?PR?APP_MAIN?APP_MAIN
  +--> ?PR?BOOTLOADER_HANDLE?BOOT

?PR?WDT_INIT?MAIN                               -----    -----
  +--> ?PR?WDT_CLEAR?MAIN
BL51 BANKED LINKER/LOCATER V6.22                                                      10/05/2018  14:43:39  PAGE 5



?PR?APP_MAIN?APP_MAIN                           -----    -----
  +--> ?PR?POWERON_RESET?APP_MAIN
  +--> ?PR?UART0_RECEIVE_PARSE?UART
  +--> ?PR?KEYSCAN?KEY
  +--> ?PR?KEYCOMMSG?KEY
  +--> ?PR?PWM_DUTYCYCLE_CHANGE?PWM
  +--> ?PR?BLUEMODE_HANDLE?BT_MODE
  +--> ?PR?DEALWITH_VOICE?VOICE_IC
  +--> ?PR?RGB_HANDLE?RGB
  +--> ?PR?SETLED_HANDLE?APP_MAIN
  +--> ?PR?UART0TRANSMIT_SENDSTRING_3STEP?UART
  +--> ?PR?COMPARE_1MINUTEPORC?APP_MAIN
  +--> ?PR?WDT_CLEAR?MAIN

?PR?POWERON_RESET?APP_MAIN                      -----    -----
  +--> ?PR?_APPLICATIONGP389_ONOFF?WIFI_MODE

?PR?_APPLICATIONGP389_ONOFF?WIFI_MODE           0242H    0001H
  +--> ?PR?WDT_CLEAR?MAIN
  +--> ?CO?WIFI_MODE
  +--> ?PR?_HEX_TO_CHAR?WIFI_MODE

?PR?_HEX_TO_CHAR?WIFI_MODE                      -----    -----
  +--> ?PR?_HEX_TO_CHAR_3BIT?WIFI_MODE

?PR?UART0_RECEIVE_PARSE?UART                    -----    -----
  +--> ?PR?WDT_CLEAR?MAIN
  +--> ?PR?_WIFI_COMMANDDEAL?WIFI_MODE

?PR?_WIFI_COMMANDDEAL?WIFI_MODE                 023BH    0007H
  +--> ?CO?WIFI_MODE
  +--> ?PR?_CHAR_COMPARE?WIFI_MODE
  +--> ?PR?_UART0TRANSMIT_SENDSTRING?UART
  +--> ?PR?GP389_ON?WIFI_MODE
  +--> ?PR?GP389_ON_APP?WIFI_MODE
  +--> ?PR?_CHAR_TO_HEX?WIFI_MODE
  +--> ?PR?GP389_OFF?WIFI_MODE
  +--> ?PR?_CHAR_TO_BCD?WIFI_MODE
  +--> ?PR?_HEX_TO_CHAR?WIFI_MODE
  +--> ?PR?UPDATE_HANDLE?UPDATE
  +--> ?PR?_BT_SEND_CMD?BT_MODE

?PR?_CHAR_COMPARE?WIFI_MODE                     0242H    0006H
  +--> ?CO?WIFI_MODE

?PR?_UART0TRANSMIT_SENDSTRING?UART              0242H    0003H
  +--> ?PR?WDT_CLEAR?MAIN

?PR?GP389_ON?WIFI_MODE                          -----    -----
  +--> ?PR?_APPLICATIONGP389_ONOFF?WIFI_MODE

?PR?GP389_ON_APP?WIFI_MODE                      -----    -----
  +--> ?PR?_APPLICATIONGP389_ONOFF?WIFI_MODE

?PR?GP389_OFF?WIFI_MODE                         -----    -----
  +--> ?PR?_APPLICATIONGP389_ONOFF?WIFI_MODE
BL51 BANKED LINKER/LOCATER V6.22                                                      10/05/2018  14:43:39  PAGE 6



?PR?UPDATE_HANDLE?UPDATE                        0242H    0009H
  +--> ?PR?_PUTCHAR?UPDATE
  +--> ?PR?WDT_CLEAR?MAIN
  +--> ?CO?UPDATE
  +--> ?PR?_PUTSTRING?UPDATE
  +--> ?PR?_EEPROM_PAGE_WRITE_DATA?FLASH
  +--> ?PR?_EEPROM_BYTE_READ_DATA?FLASH

?PR?_PUTSTRING?UPDATE                           024BH    0003H

?PR?_EEPROM_PAGE_WRITE_DATA?FLASH               024BH    0009H
  +--> ?PR?_EEPROM_WR_FLAG_ENDABLE?FLASH
  +--> ?PR?_EPROMERASECMD?FLASH
  +--> ?PR?EPROMRESETCMD?FLASH
  +--> ?PR?_EPROMWRITECMD?FLASH

?PR?_EPROMERASECMD?FLASH                        -----    -----
  +--> ?PR?EPROMRESETCMD?FLASH
  +--> ?PR?PROGRAM_RESET?FLASH
  +--> ?PR?EEPROM_INIT?FLASH

?PR?_EPROMWRITECMD?FLASH                        -----    -----
  +--> ?PR?PROGRAM_RESET?FLASH
  +--> ?PR?EEPROM_INIT?FLASH

?PR?_BT_SEND_CMD?BT_MODE                        -----    -----
  +--> ?CO?BT_MODE
  +--> ?PR?_UART1TRANSMIT_SENDSTRING?BT_MODE

?PR?KEYSCAN?KEY                                 -----    -----
  +--> ?PR?GETKEYVALUE?KEY
  +--> ?PR?_KEYEVENTPORC?KEY

?PR?GETKEYVALUE?KEY                             023BH    0001H
  +--> ?PR?ADC_READ?MAIN
  +--> ?CO?KEY
  +--> ?PR?_ADC_START?MAIN

?PR?KEYCOMMSG?KEY                               -----    -----
  +--> ?PR?GP389_OFF?WIFI_MODE
  +--> ?PR?GP389_ON?WIFI_MODE
  +--> ?CO?KEY
  +--> ?PR?_UART0TRANSMIT_SENDSTRING?UART
  +--> ?PR?_BT_SEND_CMD?BT_MODE

?PR?BLUEMODE_HANDLE?BT_MODE                     -----    -----
  +--> ?PR?BLUEMODE_RECEIVE?BT_MODE
  +--> ?PR?UART1_DEF_INIT?MAIN
  +--> ?PR?UART1_INIT?MAIN
  +--> ?PR?_BT_SEND_CMD?BT_MODE

?PR?BLUEMODE_RECEIVE?BT_MODE                    023BH    0003H
  +--> ?CO?BT_MODE

?PR?DEALWITH_VOICE?VOICE_IC                     -----    -----
  +--> ?PR?UART1_INIT?MAIN
BL51 BANKED LINKER/LOCATER V6.22                                                      10/05/2018  14:43:39  PAGE 7


  +--> ?CO?WIFI_MODE
  +--> ?PR?_UART0TRANSMIT_SENDSTRING?UART
  +--> ?PR?_VOICE_SEND?VOICE_IC
  +--> ?PR?_BT_SEND_CMD?BT_MODE

?PR?RGB_HANDLE?RGB                              -----    -----
  +--> ?PR?_RGBCOLORSET?RGB
  +--> ?PR?LED_RGB_PLAY?RGB

?PR?UART0TRANSMIT_SENDSTRING_3STEP?UART         -----    -----
  +--> ?PR?WDT_CLEAR?MAIN
  +--> ?CO?UART
  +--> ?PR?_UART0TRANSMIT_SENDSTRING?UART
  +--> ?PR?_APPLICATIONGP389_ONOFF?WIFI_MODE

?PR?COMPARE_1MINUTEPORC?APP_MAIN                -----    -----
  +--> ?CO?APP_MAIN
  +--> ?PR?_UART0TRANSMIT_SENDSTRING?UART
  +--> ?PR?GP389_OFF?WIFI_MODE
  +--> ?PR?_APPLICATIONGP389_ONOFF?WIFI_MODE

?PR?BOOTLOADER_HANDLE?BOOT                      023BH    0009H

*** NEW ROOT ***************************************************

?PR?INT_TIMER0?MAIN                             -----    -----
  +--> ?PR?SYS_TICK?APP_MAIN

*** NEW ROOT ***************************************************

?PR?INT_TIMER3?MAIN                             -----    -----
  +--> ?PR?LED_RGB_DRIVE?RGB
  +--> ?PR?VOICE_IN_TIMER?VOICE_IC



SYMBOL TABLE OF MODULE:  .\Objects\GP389 (?C_STARTUP)

  VALUE           TYPE          NAME
  ----------------------------------

  -------         MODULE        ?C_STARTUP
  C:2937H         SEGMENT       ?C_C51STARTUP
  I:003EH         SEGMENT       ?STACK
  C:0000H         PUBLIC        ?C_STARTUP
  D:00E0H         SYMBOL        ACC
  D:00F0H         SYMBOL        B
  D:0083H         SYMBOL        DPH
  D:0082H         SYMBOL        DPL
  N:0000H         SYMBOL        IBPSTACK
  N:0100H         SYMBOL        IBPSTACKTOP
  N:0100H         SYMBOL        IDATALEN
  C:293AH         SYMBOL        IDATALOOP
  N:0000H         SYMBOL        PBPSTACK
  N:0000H         SYMBOL        PBPSTACKTOP
  N:0000H         SYMBOL        PDATALEN
  N:0000H         SYMBOL        PDATASTART
BL51 BANKED LINKER/LOCATER V6.22                                                      10/05/2018  14:43:39  PAGE 8


  N:0000H         SYMBOL        PPAGE
  N:0000H         SYMBOL        PPAGEENABLE
  D:00A0H         SYMBOL        PPAGE_SFR
  D:0081H         SYMBOL        SP
  C:2937H         SYMBOL        STARTUP1
  N:0000H         SYMBOL        XBPSTACK
  N:0000H         SYMBOL        XBPSTACKTOP
  N:0300H         SYMBOL        XDATALEN
  C:2945H         SYMBOL        XDATALOOP
  N:0000H         SYMBOL        XDATASTART
  C:0000H         LINE#         94
  C:2937H         LINE#         101
  C:2939H         LINE#         102
  C:293AH         LINE#         103
  C:293BH         LINE#         104
  C:293DH         LINE#         108
  C:2940H         LINE#         109
  C:2942H         LINE#         113
  C:2944H         LINE#         115
  C:2945H         LINE#         116
  C:2946H         LINE#         117
  C:2947H         LINE#         118
  C:2949H         LINE#         119
  C:294BH         LINE#         153
  C:294EH         LINE#         157
  -------         ENDMOD        ?C_STARTUP

  -------         MODULE        APP_MAIN
  C:0000H         SYMBOL        _ICE_DUMMY_
  D:0080H         PUBLIC        P0
  I:0008H         PUBLIC        gRTC_Hour_bk
  D:0090H         PUBLIC        P2
  B:0020H.0       PUBLIC        Flag_TestMode
  B:0020H.1       PUBLIC        enableMute
  I:0009H         PUBLIC        sys_volume_bk
  X:01F9H         PUBLIC        TimerMode
  C:3386H         PUBLIC        PowerON_Reset
  C:246DH         PUBLIC        setLed_Handle
  B:0020H.2       PUBLIC        Flag_alarm_wake_only
  X:01FAH         PUBLIC        PlayMode
  B:0020H.3       PUBLIC        Flag_data_bk
  B:0020H.4       PUBLIC        gbHalfSecond
  I:000AH         PUBLIC        gRTC_Minute
  B:0020H.5       PUBLIC        setFactory
  B:0020H.6       PUBLIC        Flag_alarm_say_to_IOT
  B:0020H.7       PUBLIC        Flag_time_sync
  X:01FBH         PUBLIC        program1
  X:0206H         PUBLIC        program2
  X:0211H         PUBLIC        program3
  B:0021H.0       PUBLIC        enableMute_bk
  X:021CH         PUBLIC        cntFlash
  I:000BH         PUBLIC        gRTC_Week
  B:0021H.1       PUBLIC        AppTick1ms
  X:021DH         PUBLIC        gRTC_Hour_bk_24
  C:3083H         PUBLIC        app_main
  B:0021H.2       PUBLIC        Flag_Demo_Mode
  I:000CH         PUBLIC        cntTimer
BL51 BANKED LINKER/LOCATER V6.22                                                      10/05/2018  14:43:39  PAGE 9


  I:000DH         PUBLIC        PlayMode_bk
  I:000EH         PUBLIC        gRTC_Sec
  I:000FH         PUBLIC        gRTC_Hour
  B:0021H.3       PUBLIC        setReset
  I:0010H         PUBLIC        gRTC_Minute_bk
  I:0011H         PUBLIC        color_mode_bk
  I:0012H         PUBLIC        sys_volume
  B:0021H.4       PUBLIC        AppTick0
  B:0021H.5       PUBLIC        AppTick1
  B:0021H.6       PUBLIC        AppTick2
  B:0021H.7       PUBLIC        AppTick3
  B:0022H.0       PUBLIC        AppTick4
  B:0022H.1       PUBLIC        AppTick5
  X:021EH         PUBLIC        Led_Flash
  X:021FH         PUBLIC        timeSync_PowerON_Cnt
  C:29D1H         PUBLIC        Compare_1MinutePorc
  C:2E05H         PUBLIC        sys_tick
  X:0220H         PUBLIC        Falg_TimeSync_Allow
  I:0013H         PUBLIC        cntAppTick
  I:0014H         PUBLIC        gRTC_Sec_bk
  X:0221H         PUBLIC        cntFlag_ON_OFF
  -------         PROC          SYS_TICK
  C:2E05H         LINE#         81
  C:2E05H         LINE#         82
  C:2E05H         LINE#         83
  C:2E07H         LINE#         84
  C:2E0DH         LINE#         85
  C:2E0FH         LINE#         86
  C:2E13H         LINE#         87
  C:2E15H         LINE#         88
  C:2E19H         LINE#         89
  C:2E1BH         LINE#         90
  C:2E1FH         LINE#         91
  C:2E21H         LINE#         92
  C:2E25H         LINE#         93
  C:2E27H         LINE#         94
  C:2E2BH         LINE#         95
  C:2E2DH         LINE#         96
  C:2E32H         LINE#         97
  C:2E32H         LINE#         98
  C:2E38H         LINE#         99
  C:2E3BH         LINE#         100
  C:2E41H         LINE#         101
  C:2E44H         LINE#         102
  C:2E4AH         LINE#         103
  C:2E4DH         LINE#         104
  C:2E53H         LINE#         105
  C:2E56H         LINE#         106
  C:2E56H         LINE#         107
  C:2E5FH         LINE#         108
  C:2E61H         LINE#         109
  -------         ENDPROC       SYS_TICK
  -------         PROC          COMPARE_1MINUTEPORC
  C:29D1H         LINE#         117
  C:29D1H         LINE#         118
  C:29D1H         LINE#         120
  C:29DDH         LINE#         121
BL51 BANKED LINKER/LOCATER V6.22                                                      10/05/2018  14:43:39  PAGE 10


  C:29DDH         LINE#         122
  C:29DFH         LINE#         133
  C:29E6H         LINE#         134
  C:29E6H         LINE#         136
  C:29ECH         LINE#         137
  C:29F2H         LINE#         138
  C:29F2H         LINE#         139
  C:29F4H         LINE#         140
  C:29F8H         LINE#         141
  C:2A01H         LINE#         142
  C:2A07H         LINE#         143
  C:2A07H         LINE#         144
  C:2A07H         LINE#         198
  C:2A10H         LINE#         199
  C:2A10H         LINE#         200
  C:2A12H         LINE#         201
  C:2A1BH         LINE#         202
  C:2A1BH         LINE#         203
  C:2A1EH         LINE#         207
  C:2A22H         LINE#         208
  C:2A31H         LINE#         209
  C:2A31H         LINE#         246
  C:2A38H         LINE#         247
  C:2A38H         LINE#         248
  C:2A3EH         LINE#         249
  C:2A44H         LINE#         250
  C:2A44H         LINE#         251
  C:2A46H         LINE#         252
  C:2A48H         LINE#         253
  C:2A48H         LINE#         254
  C:2A48H         LINE#         256
  C:2A51H         LINE#         257
  C:2A51H         LINE#         258
  C:2A53H         LINE#         259
  C:2A59H         LINE#         260
  C:2A5FH         LINE#         261
  C:2A5FH         LINE#         262
  C:2A61H         LINE#         263
  C:2A67H         LINE#         264
  C:2A69H         LINE#         265
  C:2A69H         LINE#         266
  C:2A69H         LINE#         267
  C:2A69H         LINE#         268
  C:2A69H         LINE#         269
  -------         ENDPROC       COMPARE_1MINUTEPORC
  -------         PROC          SETLED_HANDLE
  C:246DH         LINE#         277
  C:246DH         LINE#         278
  C:246DH         LINE#         279
  C:2470H         LINE#         280
  C:2470H         LINE#         281
  C:247BH         LINE#         282
  C:247BH         LINE#         283
  C:247DH         LINE#         284
  C:2488H         LINE#         285
  C:248AH         LINE#         286
  C:248AH         LINE#         287
BL51 BANKED LINKER/LOCATER V6.22                                                      10/05/2018  14:43:39  PAGE 11


  C:249AH         LINE#         288
  C:24A6H         LINE#         289
  C:24ADH         LINE#         291
  C:24B0H         LINE#         292
  C:24B0H         LINE#         296
  C:24BBH         LINE#         297
  C:24BBH         LINE#         298
  C:24BDH         LINE#         299
  C:24C8H         LINE#         300
  C:24C8H         LINE#         301
  C:24CAH         LINE#         306
  C:24CDH         LINE#         307
  C:24CDH         LINE#         309
  C:24CDH         LINE#         310
  C:24D0H         LINE#         311
  C:24D3H         LINE#         312
  C:24D5H         LINE#         313
  C:24D5H         LINE#         314
  C:24D8H         LINE#         315
  C:24D8H         LINE#         316
  C:24E3H         LINE#         317
  C:24E3H         LINE#         318
  C:24E5H         LINE#         319
  C:24F0H         LINE#         320
  C:24F2H         LINE#         321
  C:24F2H         LINE#         324
  C:24FBH         LINE#         325
  C:24FDH         LINE#         326
  C:250CH         LINE#         327
  C:250CH         LINE#         328
  C:250FH         LINE#         329
  C:2512H         LINE#         330
  C:2515H         LINE#         331
  C:251DH         LINE#         332
  C:251EH         LINE#         333
  C:2526H         LINE#         334
  C:2526H         LINE#         335
  C:2529H         LINE#         336
  C:252CH         LINE#         337
  C:252CH         LINE#         338
  C:252EH         LINE#         339
  C:2532H         LINE#         340
  C:2532H         LINE#         341
  C:2535H         LINE#         342
  C:2538H         LINE#         343
  C:2538H         LINE#         344
  C:253AH         LINE#         345
  C:253EH         LINE#         346
  C:253EH         LINE#         347
  C:2541H         LINE#         348
  C:2544H         LINE#         349
  C:2548H         LINE#         350
  C:2548H         LINE#         352
  C:2548H         LINE#         353
  C:254BH         LINE#         354
  C:254EH         LINE#         355
  C:2551H         LINE#         356
BL51 BANKED LINKER/LOCATER V6.22                                                      10/05/2018  14:43:39  PAGE 12


  C:2551H         LINE#         357
  -------         ENDPROC       SETLED_HANDLE
  -------         PROC          POWERON_RESET
  C:3386H         LINE#         365
  C:3386H         LINE#         366
  C:3386H         LINE#         369
  C:338AH         LINE#         370
  C:3390H         LINE#         371
  C:3394H         LINE#         372
  C:3396H         LINE#         373
  C:3399H         LINE#         374
  C:339DH         LINE#         375
  C:33A9H         LINE#         376
  C:33AFH         LINE#         423
  -------         ENDPROC       POWERON_RESET
  -------         PROC          APP_MAIN
  C:3083H         LINE#         431
  C:3083H         LINE#         432
  C:3083H         LINE#         433
  C:3086H         LINE#         477
  C:3086H         LINE#         478
  C:3086H         LINE#         479
  C:3089H         LINE#         480
  C:308CH         LINE#         481
  C:308CH         LINE#         482
  C:308EH         LINE#         483
  C:308EH         LINE#         484
  C:3091H         LINE#         485
  C:3091H         LINE#         486
  C:3093H         LINE#         487
  C:3096H         LINE#         488
  C:3099H         LINE#         489
  C:3099H         LINE#         490
  C:309CH         LINE#         491
  C:309CH         LINE#         492
  C:309EH         LINE#         493
  C:30A1H         LINE#         494
  C:30A4H         LINE#         495
  C:30A4H         LINE#         496
  C:30A7H         LINE#         497
  C:30A7H         LINE#         498
  C:30A9H         LINE#         499
  C:30ACH         LINE#         500
  C:30ACH         LINE#         501
  C:30AFH         LINE#         502
  C:30AFH         LINE#         503
  C:30B1H         LINE#         504
  C:30B4H         LINE#         505
  C:30B4H         LINE#         506
  C:30B7H         LINE#         507
  C:30B7H         LINE#         508
  C:30B9H         LINE#         509
  C:30BCH         LINE#         510
  C:30BFH         LINE#         511
  C:30C2H         LINE#         512
  C:30C2H         LINE#         513
  C:30C5H         LINE#         514
BL51 BANKED LINKER/LOCATER V6.22                                                      10/05/2018  14:43:39  PAGE 13


  -------         ENDPROC       APP_MAIN
  -------         ENDMOD        APP_MAIN

  -------         MODULE        BOOT
  C:0000H         SYMBOL        _ICE_DUMMY_
  D:008DH         PUBLIC        WDTCR
  D:00A8H         PUBLIC        IE
  D:00FDH         PUBLIC        FIDR
  D:00FEH         PUBLIC        FMCR
  D:00FAH         PUBLIC        FSADRH
  D:00FCH         PUBLIC        FSADRL
  D:00FBH         PUBLIC        FSADRM
  C:0100H         PUBLIC        BootLoader_handle
  -------         PROC          BOOTLOADER_HANDLE
  -------         DO            
  X:023BH         SYMBOL        i
  D:0004H         SYMBOL        addr
  X:023CH         SYMBOL        dat
  X:023EH         SYMBOL        ImageDat
  X:0240H         SYMBOL        APP_ROMadr
  X:0242H         SYMBOL        EEP_ROMadr
  -------         ENDDO         
  C:0100H         LINE#         3
  C:0100H         LINE#         4
  C:0100H         LINE#         7
  C:010AH         LINE#         8
  C:0111H         LINE#         12
  C:011FH         LINE#         13
  C:0138H         LINE#         14
  C:014FH         LINE#         15
  C:014FH         LINE#         16
  C:016DH         LINE#         17
  C:017BH         LINE#         18
  C:0183H         LINE#         19
  C:01C7H         LINE#         20
  C:01C7H         LINE#         21
  C:01CAH         LINE#         22
  C:01D0H         LINE#         23
  C:01D6H         LINE#         24
  C:01D6H         LINE#         25
  C:01D6H         LINE#         26
  C:01D9H         LINE#         27
  C:01E3H         LINE#         28
  C:01F5H         LINE#         29
  C:01F5H         LINE#         30
  C:021BH         LINE#         31
  C:021BH         LINE#         32
  C:0239H         LINE#         33
  C:0247H         LINE#         34
  C:0255H         LINE#         35
  C:0257H         LINE#         37
  C:026AH         LINE#         38
  C:0273H         LINE#         39
  C:0276H         LINE#         40
  C:0277H         LINE#         41
  C:0278H         LINE#         42
  C:0279H         LINE#         43
BL51 BANKED LINKER/LOCATER V6.22                                                      10/05/2018  14:43:39  PAGE 14


  C:027AH         LINE#         44
  C:0289H         LINE#         45
  C:02A4H         LINE#         46
  C:02A7H         LINE#         47
  C:02AAH         LINE#         48
  C:02ACH         LINE#         49
  C:02AFH         LINE#         50
  C:02B0H         LINE#         51
  C:02B1H         LINE#         52
  C:02B2H         LINE#         53
  C:02B3H         LINE#         54
  C:02B6H         LINE#         55
  C:02B7H         LINE#         56
  C:02B8H         LINE#         57
  C:02B9H         LINE#         58
  C:02BAH         LINE#         59
  C:02BDH         LINE#         60
  C:02BFH         LINE#         61
  C:02C1H         LINE#         62
  C:02C4H         LINE#         63
  C:02C6H         LINE#         64
  C:02C9H         LINE#         65
  C:02CAH         LINE#         66
  C:02CBH         LINE#         67
  C:02CCH         LINE#         68
  C:02CDH         LINE#         69
  C:02FEH         LINE#         70
  C:0301H         LINE#         71
  C:0304H         LINE#         72
  C:0308H         LINE#         73
  C:030BH         LINE#         74
  C:030CH         LINE#         75
  C:030DH         LINE#         76
  C:030EH         LINE#         77
  C:030FH         LINE#         78
  C:0312H         LINE#         79
  C:0313H         LINE#         80
  C:0314H         LINE#         81
  C:0315H         LINE#         82
  C:0316H         LINE#         83
  C:0319H         LINE#         84
  C:031BH         LINE#         85
  C:031DH         LINE#         86
  C:0320H         LINE#         87
  C:0322H         LINE#         88
  C:0339H         LINE#         89
  C:0339H         LINE#         90
  C:033CH         LINE#         91
  C:033FH         LINE#         92
  C:033FH         LINE#         93
  C:034DH         LINE#         94
  C:034DH         LINE#         95
  C:0356H         LINE#         96
  C:035DH         LINE#         97
  C:035DH         LINE#         98
  C:036FH         LINE#         99
  C:036FH         LINE#         100
BL51 BANKED LINKER/LOCATER V6.22                                                      10/05/2018  14:43:39  PAGE 15


  C:0378H         LINE#         101
  C:0378H         LINE#         102
  C:037BH         LINE#         103
  C:037BH         LINE#         104
  C:037EH         LINE#         105
  C:0381H         LINE#         106
  -------         ENDPROC       BOOTLOADER_HANDLE
  -------         ENDMOD        BOOT

  -------         MODULE        BT_MODE
  C:0000H         SYMBOL        _ICE_DUMMY_
  D:0088H         PUBLIC        P1
  D:0090H         PUBLIC        P2
  I:002FH         PUBLIC        Uart1_EnableSend
  C:2FF7H         PUBLIC        _Uart1Transmit_SendString
  X:0222H         PUBLIC        BT_Step
  B:0022H.2       PUBLIC        Uart1_ReceiveBuffer_A_B
  B:0022H.3       PUBLIC        BT_Work
  I:0030H         PUBLIC        Uart1_Rx_TimeOut
  I:0031H         PUBLIC        Uart1_Tx_TimeOut
  C:2190H         PUBLIC        BlueMode_Receive
  D:00F5H         PUBLIC        USI1DR
  B:0022H.4       PUBLIC        Uart1_RX_Finish_A
  I:0032H         PUBLIC        Uart1_Rx_Pointer
  C:26EFH         PUBLIC        BlueMode_Handle
  B:0022H.5       PUBLIC        Uart1_RX_Finish_B
  I:0033H         PUBLIC        Uart1_Tx_Pointer
  C:228CH         PUBLIC        BT_Command_tab
  I:0034H         PUBLIC        bt_volume
  B:0022H.6       PUBLIC        flag_bt_pause
  B:0022H.7       PUBLIC        flag_bt_conn
  X:0223H         PUBLIC        Uart1_TransmitBuffer
  B:0023H.0       PUBLIC        flag_bt_play
  I:0035H         PUBLIC        bt_cmd
  X:022BH         PUBLIC        Uart1_ReceiveBuffer_A
  X:0233H         PUBLIC        Uart1_ReceiveBuffer_B
  C:335BH         PUBLIC        _bt_send_cmd
  I:0036H         PUBLIC        cntMuteBT
  -------         PROC          _UART1TRANSMIT_SENDSTRING
  D:0001H         SYMBOL        str
  -------         DO            
  D:0007H         SYMBOL        i
  -------         ENDDO         
  C:2FF7H         LINE#         67
  C:2FF7H         LINE#         68
  C:2FF7H         LINE#         70
  C:2FFCH         LINE#         71
  C:2FFCH         LINE#         72
  C:3006H         LINE#         73
  C:300EH         LINE#         74
  C:300EH         LINE#         75
  C:301AH         LINE#         76
  C:3021H         LINE#         77
  C:3024H         LINE#         78
  C:3028H         LINE#         79
  C:302CH         LINE#         80
  C:303CH         LINE#         81
BL51 BANKED LINKER/LOCATER V6.22                                                      10/05/2018  14:43:39  PAGE 16


  -------         ENDPROC       _UART1TRANSMIT_SENDSTRING
  -------         PROC          _BT_SEND_CMD
  D:0007H         SYMBOL        cmd
  -------         DO            
  C:2364H         SYMBOL        bt_vol_send_tab
  -------         ENDDO         
  C:335BH         LINE#         89
  C:335BH         LINE#         90
  C:335BH         LINE#         92
  C:3361H         LINE#         93
  C:336DH         LINE#         95
  C:3385H         LINE#         96
  -------         ENDPROC       _BT_SEND_CMD
  -------         PROC          BLUEMODE_RECEIVE
  -------         DO            
  D:0007H         SYMBOL        i
  X:023BH         SYMBOL        BT_CMD
  -------         DO            
  C:236FH         SYMBOL        bt_vol_resp_tab
  -------         ENDDO         
  -------         ENDDO         
  C:2190H         LINE#         104
  C:2190H         LINE#         105
  C:2190H         LINE#         108
  C:2199H         LINE#         109
  C:2199H         LINE#         110
  C:219CH         LINE#         111
  C:219CH         LINE#         112
  C:219EH         LINE#         113
  C:21ACH         LINE#         114
  C:21AEH         LINE#         116
  C:21AEH         LINE#         117
  C:21B0H         LINE#         118
  C:21BEH         LINE#         119
  C:21BEH         LINE#         120
  C:21D0H         LINE#         121
  C:21D0H         LINE#         122
  C:21DAH         LINE#         123
  C:21DCH         LINE#         124
  C:21E0H         LINE#         125
  C:21E2H         LINE#         126
  C:21EAH         LINE#         127
  C:21ECH         LINE#         128
  C:21EFH         LINE#         129
  C:21F3H         LINE#         130
  C:21F3H         LINE#         131
  C:21FDH         LINE#         132
  C:21FFH         LINE#         133
  C:2204H         LINE#         134
  C:2204H         LINE#         135
  C:2206H         LINE#         136
  C:220DH         LINE#         137
  C:220DH         LINE#         138
  C:220FH         LINE#         139
  C:2216H         LINE#         140
  C:2216H         LINE#         141
  C:2220H         LINE#         142
BL51 BANKED LINKER/LOCATER V6.22                                                      10/05/2018  14:43:39  PAGE 17


  C:2220H         LINE#         143
  C:2226H         LINE#         144
  C:2226H         LINE#         145
  C:2226H         LINE#         146
  C:2228H         LINE#         147
  C:222DH         LINE#         148
  C:222DH         LINE#         149
  C:2235H         LINE#         150
  C:2235H         LINE#         152
  C:2243H         LINE#         153
  C:2248H         LINE#         155
  C:225EH         LINE#         156
  C:2266H         LINE#         157
  C:2268H         LINE#         158
  C:2270H         LINE#         159
  C:2270H         LINE#         160
  C:2270H         LINE#         161
  C:2272H         LINE#         162
  C:228BH         LINE#         163
  C:228BH         LINE#         164
  -------         ENDPROC       BLUEMODE_RECEIVE
  -------         PROC          BLUEMODE_HANDLE
  C:26EFH         LINE#         172
  C:26EFH         LINE#         173
  C:26EFH         LINE#         174
  C:26F2H         LINE#         175
  C:26FDH         LINE#         176
  C:26FDH         LINE#         177
  C:2700H         LINE#         178
  C:2700H         LINE#         179
  C:2703H         LINE#         180
  C:2705H         LINE#         181
  C:2707H         LINE#         182
  C:270EH         LINE#         183
  C:2713H         LINE#         184
  C:2713H         LINE#         185
  C:2715H         LINE#         186
  C:2729H         LINE#         187
  C:2729H         LINE#         188
  C:2729H         LINE#         189
  C:272CH         LINE#         190
  C:272FH         LINE#         191
  C:272FH         LINE#         192
  C:2731H         LINE#         193
  C:2731H         LINE#         194
  C:2734H         LINE#         195
  C:2737H         LINE#         196
  C:2737H         LINE#         197
  C:2739H         LINE#         198
  C:2739H         LINE#         199
  C:2739H         LINE#         200
  C:273BH         LINE#         201
  C:273BH         LINE#         202
  C:273BH         LINE#         203
  C:273BH         LINE#         204
  C:273DH         LINE#         205
  C:273DH         LINE#         206
BL51 BANKED LINKER/LOCATER V6.22                                                      10/05/2018  14:43:39  PAGE 18


  C:2740H         LINE#         207
  C:2740H         LINE#         208
  C:2742H         LINE#         209
  C:2742H         LINE#         210
  C:274BH         LINE#         211
  C:274BH         LINE#         212
  C:274DH         LINE#         213
  C:2752H         LINE#         214
  C:2754H         LINE#         215
  C:275AH         LINE#         216
  C:275AH         LINE#         217
  C:275DH         LINE#         218
  C:2761H         LINE#         219
  C:2761H         LINE#         220
  C:2766H         LINE#         221
  C:2766H         LINE#         222
  C:276EH         LINE#         223
  C:276EH         LINE#         224
  C:2771H         LINE#         225
  C:2772H         LINE#         227
  C:2775H         LINE#         228
  C:2776H         LINE#         230
  C:2776H         LINE#         231
  C:2779H         LINE#         232
  C:2779H         LINE#         233
  C:277AH         LINE#         234
  C:277AH         LINE#         235
  C:277AH         LINE#         237
  C:277AH         LINE#         238
  C:277DH         LINE#         239
  C:277DH         LINE#         240
  C:2781H         LINE#         241
  C:2785H         LINE#         242
  C:2785H         LINE#         243
  C:2787H         LINE#         244
  C:279BH         LINE#         245
  C:279BH         LINE#         246
  C:279BH         LINE#         247
  C:279EH         LINE#         248
  C:279EH         LINE#         249
  C:27A0H         LINE#         250
  C:27A0H         LINE#         251
  C:27A0H         LINE#         252
  C:27A2H         LINE#         253
  C:27A2H         LINE#         254
  C:27A2H         LINE#         255
  C:27A4H         LINE#         256
  C:27A4H         LINE#         257
  C:27A7H         LINE#         258
  C:27ADH         LINE#         259
  C:27AEH         LINE#         260
  C:27AEH         LINE#         261
  C:27B4H         LINE#         262
  C:27B7H         LINE#         263
  C:27B7H         LINE#         264
  C:27B7H         LINE#         265
  C:27B7H         LINE#         266
BL51 BANKED LINKER/LOCATER V6.22                                                      10/05/2018  14:43:39  PAGE 19


  C:27B7H         LINE#         267
  C:27B7H         LINE#         268
  -------         ENDPROC       BLUEMODE_HANDLE
  -------         ENDMOD        BT_MODE

  -------         MODULE        FLASH
  C:0000H         SYMBOL        _ICE_DUMMY_
  C:33B0H         PUBLIC        _eeprom_wr_flag_endable
  D:00A8H         PUBLIC        IE
  C:2A6AH         PUBLIC        _eeprom_page_write_data
  C:3567H         PUBLIC        _eeprom_byte_read_data
  C:350CH         PUBLIC        eeprom_init
  D:00FDH         PUBLIC        FIDR
  D:00FEH         PUBLIC        FMCR
  D:00FAH         PUBLIC        FSADRH
  D:00FCH         PUBLIC        FSADRL
  D:00FBH         PUBLIC        FSADRM
  C:3597H         PUBLIC        Program_Reset
  C:2F10H         PUBLIC        _EpromEraseCMD
  C:355FH         PUBLIC        EpromResetCMD
  X:0272H         PUBLIC        eeprom_write_enable
  C:328BH         PUBLIC        _EpromWriteCMD
  -------         PROC          EEPROM_INIT
  C:350CH         LINE#         6
  C:350CH         LINE#         7
  C:350CH         LINE#         8
  C:350FH         LINE#         9
  C:3511H         LINE#         10
  C:3513H         LINE#         11
  C:3516H         LINE#         12
  C:3518H         LINE#         13
  -------         ENDPROC       EEPROM_INIT
  -------         PROC          PROGRAM_RESET
  C:3597H         LINE#         14
  C:3597H         LINE#         15
  C:3597H         LINE#         16
  -------         ENDPROC       PROGRAM_RESET
  -------         PROC          _EEPROM_WR_FLAG_ENDABLE
  D:0007H         SYMBOL        enable
  -------         DO            
  D:0006H         SYMBOL        i
  D:0005H         SYMBOL        ret
  -------         ENDDO         
  C:33B0H         LINE#         18
  C:33B0H         LINE#         19
  C:33B0H         LINE#         20
  C:33B2H         LINE#         21
  C:33B4H         LINE#         22
  C:33B4H         LINE#         23
  C:33B4H         LINE#         24
  C:33B7H         LINE#         25
  C:33C5H         LINE#         27
  C:33D1H         LINE#         28
  C:33D2H         LINE#         29
  C:33D7H         LINE#         30
  -------         ENDPROC       _EEPROM_WR_FLAG_ENDABLE
  -------         PROC          EPROMRESETCMD
BL51 BANKED LINKER/LOCATER V6.22                                                      10/05/2018  14:43:39  PAGE 20


  C:355FH         LINE#         31
  C:355FH         LINE#         32
  C:355FH         LINE#         33
  C:3562H         LINE#         34
  C:3563H         LINE#         35
  C:3564H         LINE#         36
  C:3565H         LINE#         37
  C:3566H         LINE#         38
  -------         ENDPROC       EPROMRESETCMD
  -------         PROC          _EPROMWRITECMD
  D:0006H         SYMBOL        ptr_addr
  -------         DO            
  D:0004H         SYMBOL        tmp
  -------         ENDDO         
  C:328BH         LINE#         39
  C:328BH         LINE#         40
  C:328BH         LINE#         41
  C:328FH         LINE#         42
  C:3292H         LINE#         43
  C:3295H         LINE#         44
  C:3299H         LINE#         45
  C:329CH         LINE#         46
  C:32B3H         LINE#         47
  C:32B3H         LINE#         48
  C:32B6H         LINE#         49
  C:32B7H         LINE#         50
  C:32B8H         LINE#         51
  C:32B9H         LINE#         52
  C:32BAH         LINE#         53
  C:32BCH         LINE#         55
  C:32BCH         LINE#         56
  C:32BFH         LINE#         57
  C:32BFH         LINE#         58
  -------         ENDPROC       _EPROMWRITECMD
  -------         PROC          _EPROMERASECMD
  D:0006H         SYMBOL        ptr_addr
  -------         DO            
  D:0003H         SYMBOL        i
  D:0004H         SYMBOL        tmp
  D:0006H         SYMBOL        ImageDat
  -------         ENDDO         
  C:2F10H         LINE#         60
  C:2F10H         LINE#         61
  C:2F10H         LINE#         63
  C:2F14H         LINE#         64
  C:2F18H         LINE#         65
  C:2F1BH         LINE#         66
  C:2F1DH         LINE#         67
  C:2F2CH         LINE#         68
  C:2F2FH         LINE#         69
  C:2F32H         LINE#         70
  C:2F36H         LINE#         71
  C:2F39H         LINE#         72
  C:2F50H         LINE#         73
  C:2F50H         LINE#         74
  C:2F53H         LINE#         75
  C:2F54H         LINE#         76
BL51 BANKED LINKER/LOCATER V6.22                                                      10/05/2018  14:43:39  PAGE 21


  C:2F55H         LINE#         77
  C:2F56H         LINE#         78
  C:2F57H         LINE#         79
  C:2F59H         LINE#         81
  C:2F59H         LINE#         82
  C:2F5CH         LINE#         83
  C:2F5CH         LINE#         84
  -------         ENDPROC       _EPROMERASECMD
  -------         PROC          _EEPROM_PAGE_WRITE_DATA
  D:0006H         SYMBOL        eep_address
  X:024BH         SYMBOL        dat
  -------         DO            
  X:024EH         SYMBOL        i
  X:024FH         SYMBOL        j
  X:0250H         SYMBOL        ImageDat
  X:0252H         SYMBOL        ROMadr
  -------         ENDDO         
  C:2A6AH         LINE#         86
  C:2A75H         LINE#         87
  C:2A75H         LINE#         89
  C:2A7AH         LINE#         90
  C:2A81H         LINE#         91
  C:2A87H         LINE#         92
  C:2A8AH         LINE#         93
  C:2A8FH         LINE#         94
  C:2A9AH         LINE#         95
  C:2A9DH         LINE#         96
  C:2AA2H         LINE#         97
  C:2ADCH         LINE#         98
  C:2AE7H         LINE#         99
  C:2AECH         LINE#         100
  C:2AFAH         LINE#         101
  C:2AFDH         LINE#         102
  C:2AFDH         LINE#         103
  -------         ENDPROC       _EEPROM_PAGE_WRITE_DATA
  -------         PROC          _EEPROM_BYTE_READ_DATA
  D:0006H         SYMBOL        eep_address
  -------         DO            
  D:0082H         SYMBOL        p
  -------         ENDDO         
  C:3567H         LINE#         104
  C:3567H         LINE#         105
  C:3567H         LINE#         106
  C:356BH         LINE#         107
  C:356EH         LINE#         108
  -------         ENDPROC       _EEPROM_BYTE_READ_DATA
  -------         ENDMOD        FLASH

  -------         MODULE        KEY
  C:0000H         SYMBOL        _ICE_DUMMY_
  D:0088H         PUBLIC        P1
  D:00A0H         PUBLIC        P4
  X:0266H         PUBLIC        gbKeyPress
  X:0267H         PUBLIC        gbKeyNone
  X:0268H         PUBLIC        AdcValue
  X:026AH         PUBLIC        cntKeyLoop
  X:026BH         PUBLIC        cntKeylong
BL51 BANKED LINKER/LOCATER V6.22                                                      10/05/2018  14:43:39  PAGE 22


  X:026CH         PUBLIC        KeyValue
  B:0023H.4       PUBLIC        Flas_Anhydrous
  X:026DH         PUBLIC        KeyEvent
  C:358DH         PUBLIC        KeyScan
  X:026EH         PUBLIC        KeyLastValue
  C:208EH         PUBLIC        _KeyEventPorc
  C:2880H         PUBLIC        GetKeyValue
  X:026FH         PUBLIC        AtomizationMode1
  X:0270H         PUBLIC        KeyCurValue
  C:2BD5H         PUBLIC        ADKEY_TAB1
  C:2BE7H         PUBLIC        ADKEY_TAB2
  X:0271H         PUBLIC        KeyCurValueBK
  C:1903H         PUBLIC        KeyComMsg
  -------         PROC          GETKEYVALUE
  -------         DO            
  D:0007H         SYMBOL        i
  X:023BH         SYMBOL        KeyNum
  -------         ENDDO         
  C:2880H         LINE#         55
  C:2880H         LINE#         56
  C:2880H         LINE#         58
  C:2885H         LINE#         59
  C:2890H         LINE#         60
  C:2898H         LINE#         61
  C:2898H         LINE#         62
  C:289AH         LINE#         63
  C:289AH         LINE#         64
  C:28D5H         LINE#         65
  C:28D5H         LINE#         66
  C:28DBH         LINE#         67
  C:28DDH         LINE#         68
  C:28DDH         LINE#         69
  C:28E2H         LINE#         70
  C:28E2H         LINE#         71
  C:28E7H         LINE#         72
  C:28F4H         LINE#         73
  C:28F9H         LINE#         74
  C:2902H         LINE#         75
  C:290AH         LINE#         76
  C:2913H         LINE#         77
  C:291BH         LINE#         78
  C:2920H         LINE#         79
  C:2926H         LINE#         81
  C:292BH         LINE#         82
  C:292FH         LINE#         84
  C:2931H         LINE#         85
  C:2936H         LINE#         86
  -------         ENDPROC       GETKEYVALUE
  -------         PROC          _KEYEVENTPORC
  D:0007H         SYMBOL        KeyTmp
  C:208EH         LINE#         94
  C:208EH         LINE#         95
  C:208EH         LINE#         96
  C:2093H         LINE#         97
  C:209BH         LINE#         98
  C:209BH         LINE#         99
  C:20A0H         LINE#         100
BL51 BANKED LINKER/LOCATER V6.22                                                      10/05/2018  14:43:39  PAGE 23


  C:20A3H         LINE#         102
  C:20A9H         LINE#         104
  C:20A9H         LINE#         105
  C:20B4H         LINE#         106
  C:20B4H         LINE#         107
  C:20C3H         LINE#         109
  C:20CEH         LINE#         110
  C:20CEH         LINE#         111
  C:20D6H         LINE#         112
  C:20DCH         LINE#         113
  C:20E1H         LINE#         114
  C:20F5H         LINE#         115
  C:20F5H         LINE#         116
  C:20F5H         LINE#         117
  C:20FBH         LINE#         118
  C:2102H         LINE#         119
  C:2108H         LINE#         120
  C:2109H         LINE#         121
  C:2109H         LINE#         122
  C:210FH         LINE#         123
  C:2116H         LINE#         124
  C:211CH         LINE#         125
  C:211DH         LINE#         126
  C:211DH         LINE#         127
  C:211DH         LINE#         128
  C:2123H         LINE#         129
  C:212AH         LINE#         130
  C:2130H         LINE#         131
  C:2137H         LINE#         132
  C:213AH         LINE#         133
  C:213BH         LINE#         134
  C:213BH         LINE#         135
  C:213BH         LINE#         136
  C:213BH         LINE#         138
  C:213BH         LINE#         139
  C:2141H         LINE#         140
  C:2141H         LINE#         141
  C:2145H         LINE#         142
  C:214BH         LINE#         143
  C:2150H         LINE#         144
  C:215FH         LINE#         145
  C:215FH         LINE#         146
  C:2168H         LINE#         147
  C:216AH         LINE#         148
  C:2171H         LINE#         149
  C:2171H         LINE#         150
  C:2176H         LINE#         151
  C:2178H         LINE#         153
  C:2178H         LINE#         154
  C:217DH         LINE#         155
  C:2181H         LINE#         156
  C:2181H         LINE#         157
  C:2187H         LINE#         158
  C:218FH         LINE#         159
  C:218FH         LINE#         160
  -------         ENDPROC       _KEYEVENTPORC
  -------         PROC          KEYSCAN
BL51 BANKED LINKER/LOCATER V6.22                                                      10/05/2018  14:43:39  PAGE 24


  C:358DH         LINE#         168
  C:358DH         LINE#         169
  C:358DH         LINE#         170
  -------         ENDPROC       KEYSCAN
  -------         PROC          KEYCOMMSG
  C:1903H         LINE#         179
  C:1903H         LINE#         180
  C:1903H         LINE#         181
  C:190CH         LINE#         182
  C:190CH         LINE#         195
  C:1950H         LINE#         196
  C:1950H         LINE#         197
  C:1950H         LINE#         198
  C:1950H         LINE#         199
  C:1950H         LINE#         200
  C:1950H         LINE#         201
  C:195CH         LINE#         202
  C:195CH         LINE#         203
  C:1960H         LINE#         204
  C:1966H         LINE#         205
  C:1966H         LINE#         206
  C:1969H         LINE#         207
  C:1969H         LINE#         209
  C:196CH         LINE#         211
  C:196CH         LINE#         212
  C:196CH         LINE#         213
  C:196CH         LINE#         214
  C:196CH         LINE#         215
  C:1972H         LINE#         216
  C:1972H         LINE#         217
  C:197DH         LINE#         218
  C:197DH         LINE#         219
  C:1981H         LINE#         220
  C:1987H         LINE#         221
  C:1987H         LINE#         222
  C:198AH         LINE#         223
  C:198AH         LINE#         224
  C:198AH         LINE#         230
  C:1993H         LINE#         231
  C:1993H         LINE#         232
  C:1993H         LINE#         233
  C:1993H         LINE#         234
  C:19A0H         LINE#         235
  C:19A0H         LINE#         236
  C:19A2H         LINE#         237
  C:19A4H         LINE#         238
  C:19AAH         LINE#         239
  C:19B3H         LINE#         240
  C:19B3H         LINE#         241
  C:19B5H         LINE#         242
  C:19B5H         LINE#         243
  C:19B6H         LINE#         244
  C:19C1H         LINE#         245
  C:19C1H         LINE#         246
  C:19C3H         LINE#         247
  C:19C6H         LINE#         248
  C:19C6H         LINE#         249
BL51 BANKED LINKER/LOCATER V6.22                                                      10/05/2018  14:43:39  PAGE 25


  C:19C8H         LINE#         250
  C:19CCH         LINE#         252
  C:19CCH         LINE#         253
  C:19CEH         LINE#         254
  C:19D4H         LINE#         255
  C:19D8H         LINE#         256
  C:19D8H         LINE#         257
  C:19DAH         LINE#         263
  C:19DBH         LINE#         264
  C:19E4H         LINE#         265
  C:19E4H         LINE#         266
  C:19E9H         LINE#         267
  C:19E9H         LINE#         268
  C:19E9H         LINE#         269
  C:19EAH         LINE#         270
  C:19EAH         LINE#         271
  C:19EAH         LINE#         272
  C:19EAH         LINE#         273
  C:19F5H         LINE#         274
  C:19F5H         LINE#         275
  C:19F7H         LINE#         276
  C:19FAH         LINE#         277
  C:19FAH         LINE#         278
  C:19FCH         LINE#         279
  C:1A00H         LINE#         280
  C:1A01H         LINE#         282
  C:1A01H         LINE#         283
  C:1A05H         LINE#         284
  C:1A05H         LINE#         285
  C:1A05H         LINE#         286
  C:1A06H         LINE#         287
  C:1A06H         LINE#         288
  C:1A06H         LINE#         289
  C:1A06H         LINE#         290
  C:1A06H         LINE#         291
  C:1A12H         LINE#         292
  C:1A12H         LINE#         293
  C:1A19H         LINE#         294
  C:1A1AH         LINE#         295
  C:1A1CH         LINE#         296
  C:1A1CH         LINE#         297
  C:1A1DH         LINE#         298
  C:1A1DH         LINE#         299
  C:1A1DH         LINE#         300
  C:1A1DH         LINE#         301
  C:1A1DH         LINE#         302
  C:1A29H         LINE#         303
  C:1A29H         LINE#         304
  C:1A31H         LINE#         305
  C:1A32H         LINE#         306
  C:1A34H         LINE#         307
  C:1A34H         LINE#         308
  C:1A35H         LINE#         309
  C:1A35H         LINE#         310
  C:1A35H         LINE#         311
  C:1A35H         LINE#         312
  C:1A47H         LINE#         313
BL51 BANKED LINKER/LOCATER V6.22                                                      10/05/2018  14:43:39  PAGE 26


  C:1A47H         LINE#         314
  C:1A4EH         LINE#         315
  C:1A56H         LINE#         316
  C:1A5AH         LINE#         317
  C:1A65H         LINE#         318
  C:1A69H         LINE#         319
  C:1A74H         LINE#         321
  C:1A7CH         LINE#         322
  C:1A7CH         LINE#         323
  C:1A7DH         LINE#         324
  C:1A7DH         LINE#         325
  C:1A7DH         LINE#         326
  C:1A7DH         LINE#         327
  C:1A86H         LINE#         328
  C:1A86H         LINE#         329
  C:1A8DH         LINE#         330
  C:1A8FH         LINE#         331
  C:1A95H         LINE#         332
  C:1A99H         LINE#         333
  C:1AA4H         LINE#         334
  C:1AA7H         LINE#         335
  C:1AB2H         LINE#         336
  C:1AB2H         LINE#         337
  C:1AB6H         LINE#         338
  C:1ABAH         LINE#         339
  C:1ABEH         LINE#         340
  C:1AC2H         LINE#         341
  C:1AC2H         LINE#         342
  C:1AC2H         LINE#         343
  C:1AC3H         LINE#         344
  C:1AC3H         LINE#         345
  C:1AC3H         LINE#         346
  C:1AC3H         LINE#         347
  C:1ACCH         LINE#         348
  C:1ADAH         LINE#         349
  C:1ADCH         LINE#         350
  C:1ADDH         LINE#         351
  C:1ADDH         LINE#         352
  C:1ADDH         LINE#         353
  C:1ADDH         LINE#         354
  C:1AE8H         LINE#         355
  C:1AE8H         LINE#         356
  C:1AE8H         LINE#         357
  C:1AE8H         LINE#         358
  C:1AEAH         LINE#         359
  C:1AEAH         LINE#         360
  C:1AEAH         LINE#         361
  C:1AEAH         LINE#         362
  C:1AF5H         LINE#         363
  C:1AF9H         LINE#         364
  C:1AFAH         LINE#         365
  C:1AFAH         LINE#         366
  C:1AFAH         LINE#         367
  C:1AFAH         LINE#         368
  C:1AFAH         LINE#         369
  C:1B01H         LINE#         370
  C:1B05H         LINE#         371
BL51 BANKED LINKER/LOCATER V6.22                                                      10/05/2018  14:43:39  PAGE 27


  C:1B09H         LINE#         372
  C:1B10H         LINE#         373
  C:1B14H         LINE#         374
  C:1B1BH         LINE#         375
  C:1B20H         LINE#         376
  C:1B24H         LINE#         377
  C:1B25H         LINE#         378
  C:1B25H         LINE#         379
  C:1B25H         LINE#         380
  C:1B25H         LINE#         381
  C:1B2DH         LINE#         382
  C:1B2DH         LINE#         383
  C:1B31H         LINE#         384
  C:1B35H         LINE#         385
  C:1B37H         LINE#         386
  C:1B3CH         LINE#         388
  C:1B40H         LINE#         389
  C:1B49H         LINE#         390
  C:1B4EH         LINE#         391
  C:1B4EH         LINE#         392
  C:1B4EH         LINE#         393
  C:1B4EH         LINE#         394
  C:1B4EH         LINE#         395
  C:1B4EH         LINE#         396
  C:1B56H         LINE#         397
  C:1B56H         LINE#         398
  C:1B58H         LINE#         399
  C:1B5CH         LINE#         400
  C:1B60H         LINE#         401
  C:1B64H         LINE#         402
  C:1B6AH         LINE#         403
  C:1B6AH         LINE#         404
  C:1B6CH         LINE#         405
  C:1B6CH         LINE#         406
  C:1B6CH         LINE#         407
  C:1B6CH         LINE#         408
  C:1B73H         LINE#         409
  C:1B73H         LINE#         410
  C:1B75H         LINE#         411
  C:1B7AH         LINE#         412
  C:1B7EH         LINE#         413
  C:1B82H         LINE#         414
  C:1B8BH         LINE#         415
  C:1B8BH         LINE#         416
  C:1B8BH         LINE#         417
  C:1B8BH         LINE#         418
  C:1B8BH         LINE#         419
  C:1B8BH         LINE#         420
  C:1B8BH         LINE#         421
  C:1B8BH         LINE#         422
  C:1B8BH         LINE#         423
  -------         ENDPROC       KEYCOMMSG
  -------         ENDMOD        KEY

  -------         MODULE        MAIN
  C:0000H         SYMBOL        _ICE_DUMMY_
  D:0080H         PUBLIC        P0
BL51 BANKED LINKER/LOCATER V6.22                                                      10/05/2018  14:43:39  PAGE 28


  C:3250H         PUBLIC        INT_Timer0
  D:0088H         PUBLIC        P1
  D:0090H         PUBLIC        P2
  C:359AH         PUBLIC        INT_Timer2
  D:0098H         PUBLIC        P3
  C:31D4H         PUBLIC        INT_Timer3
  D:00A0H         PUBLIC        P4
  C:2FADH         PUBLIC        INT_Timer4
  C:349CH         PUBLIC        UART0_init
  D:00B0H         PUBLIC        P5
  C:342FH         PUBLIC        UART1_init
  D:008DH         PUBLIC        WDTCR
  C:3533H         PUBLIC        WDT_init
  D:008EH         PUBLIC        WDTDR
  D:00DEH         PUBLIC        P0DB
  D:00A8H         PUBLIC        IE
  D:0091H         PUBLIC        P0OD
  D:0092H         PUBLIC        P1OD
  D:0093H         PUBLIC        P2OD
  C:3488H         PUBLIC        UART1_def_init
  D:0094H         PUBLIC        P4OD
  D:00A1H         PUBLIC        P0IO
  C:2E62H         PUBLIC        INT_USI0_Rx
  D:00B2H         PUBLIC        T0CR
  D:00B1H         PUBLIC        P1IO
  C:2BF9H         PUBLIC        INT_USI1_Rx
  D:00B4H         PUBLIC        T0DR
  D:00B9H         PUBLIC        P2IO
  C:310BH         PUBLIC        INT_USI0_Tx
  D:00C1H         PUBLIC        P3IO
  C:30C7H         PUBLIC        INT_USI1_Tx
  X:1000H         PUBLIC        T3CR
  D:00C9H         PUBLIC        P4IO
  X:1002H         PUBLIC        T4CR
  X:1001H         PUBLIC        T3DR
  D:00D1H         PUBLIC        P5IO
  X:1013H         PUBLIC        T4DR
  X:1003H         PUBLIC        T4PCR1
  X:1004H         PUBLIC        T4PCR2
  X:1005H         PUBLIC        T4PCR3
  B:0023H.5       PUBLIC        enUart1
  C:3414H         PUBLIC        clock_init
  D:00ACH         PUBLIC        P0PU
  C:0500H         PUBLIC        main
  D:009DH         PUBLIC        ADCCRH
  D:00C5H         PUBLIC        T2ADRH
  D:00ADH         PUBLIC        P1PU
  D:009FH         PUBLIC        ADCDRH
  D:00C7H         PUBLIC        T2BDRH
  D:00AEH         PUBLIC        P2PU
  D:00E3H         PUBLIC        USI0BD
  X:100BH         PUBLIC        T4ADRH
  D:00AFH         PUBLIC        P3PU
  D:00F3H         PUBLIC        USI1BD
  X:100DH         PUBLIC        T4BDRH
  D:00A3H         PUBLIC        P4PU
  D:009CH         PUBLIC        ADCCRL
BL51 BANKED LINKER/LOCATER V6.22                                                      10/05/2018  14:43:39  PAGE 29


  X:100FH         PUBLIC        T4CDRH
  D:00C4H         PUBLIC        T2ADRL
  D:0095H         PUBLIC        P5PU
  D:009EH         PUBLIC        ADCDRL
  D:00C6H         PUBLIC        T2BDRL
  D:008AH         PUBLIC        SCCR
  D:009BH         PUBLIC        LCDCCR
  X:100AH         PUBLIC        T4ADRL
  X:100CH         PUBLIC        T4BDRL
  X:100EH         PUBLIC        T4CDRL
  X:1014H         PUBLIC        T4CAPR
  D:009AH         PUBLIC        LCDCRH
  X:1010H         PUBLIC        T4DLYA
  X:1011H         PUBLIC        T4DLYB
  D:00D3H         PUBLIC        P0FSRH
  D:0099H         PUBLIC        LCDCRL
  X:1012H         PUBLIC        T4DLYC
  D:00D5H         PUBLIC        P1FSRH
  D:00D7H         PUBLIC        P2FSRH
  D:00E5H         PUBLIC        USI0DR
  D:00D2H         PUBLIC        P0FSRL
  D:00F5H         PUBLIC        USI1DR
  D:00D4H         PUBLIC        P1FSRL
  D:00D6H         PUBLIC        P2FSRL
  D:00DFH         PUBLIC        P15DB
  D:00A9H         PUBLIC        IE1
  D:00AAH         PUBLIC        IE2
  D:00ABH         PUBLIC        IE3
  D:0096H         PUBLIC        WTCR
  C:3526H         PUBLIC        WT_init
  D:0089H         PUBLIC        WTDR
  X:1009H         PUBLIC        T4PPRH
  C:3556H         PUBLIC        ADC_read
  X:1008H         PUBLIC        T4PPRL
  C:3519H         PUBLIC        Timer0_init
  C:3447H         PUBLIC        Timer2_init
  C:3473H         PUBLIC        Timer3_init
  C:2F5FH         PUBLIC        Timer4_init
  C:3593H         PUBLIC        WDT_clear
  C:34E0H         PUBLIC        _ADC_start
  C:2EBDH         PUBLIC        port_init
  C:3586H         PUBLIC        ADC_init
  D:00C3H         PUBLIC        T2CRH
  X:1038H         PUBLIC        XTFLSR
  D:00C2H         PUBLIC        T2CRL
  D:00D9H         PUBLIC        USI0CR1
  C:356FH         PUBLIC        LCD_init
  D:00E9H         PUBLIC        USI1CR1
  D:00DAH         PUBLIC        USI0CR2
  D:00EAH         PUBLIC        USI1CR2
  D:00DBH         PUBLIC        USI0CR3
  D:00EBH         PUBLIC        USI1CR3
  X:1015H         PUBLIC        T4CNT
  D:00EEH         PUBLIC        P3FSR
  D:00EFH         PUBLIC        P4FSR
  D:00FFH         PUBLIC        P5FSR
  X:1007H         PUBLIC        T4MSK
BL51 BANKED LINKER/LOCATER V6.22                                                      10/05/2018  14:43:39  PAGE 30


  D:008BH         PUBLIC        BITCR
  C:303DH         PUBLIC        INT_WT
  X:1006H         PUBLIC        T4ISR
  D:00E1H         PUBLIC        USI0ST1
  D:00C8H         PUBLIC        OSCCR
  D:00F1H         PUBLIC        USI1ST1
  -------         PROC          MAIN
  C:0500H         LINE#         21
  C:0500H         LINE#         22
  C:0500H         LINE#         23
  C:0500H         LINE#         24
  C:0500H         LINE#         25
  C:0503H         LINE#         26
  C:0506H         LINE#         27
  C:0509H         LINE#         28
  C:050CH         LINE#         29
  C:050FH         LINE#         30
  C:0512H         LINE#         31
  C:0515H         LINE#         32
  C:0518H         LINE#         33
  C:051BH         LINE#         34
  C:051EH         LINE#         35
  C:0521H         LINE#         36
  C:0524H         LINE#         37
  C:0527H         LINE#         38
  C:052AH         LINE#         39
  C:052DH         LINE#         40
  -------         ENDPROC       MAIN
  -------         PROC          INT_USI1_RX
  -------         DO            
  D:0007H         SYMBOL        tmp
  -------         ENDDO         
  C:2BF9H         LINE#         49
  C:2C08H         LINE#         52
  C:2C0AH         LINE#         53
  C:2C0DH         LINE#         54
  C:2C11H         LINE#         55
  C:2C14H         LINE#         56
  C:2C14H         LINE#         57
  C:2C1CH         LINE#         58
  C:2C29H         LINE#         59
  C:2C2EH         LINE#         60
  C:2C2EH         LINE#         61
  C:2C31H         LINE#         62
  C:2C33H         LINE#         63
  C:2C35H         LINE#         64
  C:2C35H         LINE#         65
  C:2C37H         LINE#         67
  C:2C37H         LINE#         68
  C:2C3FH         LINE#         69
  C:2C4CH         LINE#         70
  C:2C50H         LINE#         71
  C:2C50H         LINE#         72
  C:2C54H         LINE#         73
  C:2C56H         LINE#         74
  C:2C58H         LINE#         75
  C:2C58H         LINE#         76
BL51 BANKED LINKER/LOCATER V6.22                                                      10/05/2018  14:43:39  PAGE 31


  C:2C58H         LINE#         77
  -------         ENDPROC       INT_USI1_RX
  -------         PROC          INT_USI1_TX
  C:30C7H         LINE#         85
  C:30D4H         LINE#         87
  C:30D7H         LINE#         88
  C:30DCH         LINE#         89
  C:30DCH         LINE#         90
  C:30E0H         LINE#         91
  C:30F0H         LINE#         92
  C:30FDH         LINE#         93
  C:3100H         LINE#         94
  C:3100H         LINE#         95
  -------         ENDPROC       INT_USI1_TX
  -------         PROC          INT_USI0_RX
  -------         DO            
  D:0007H         SYMBOL        tmp
  -------         ENDDO         
  C:2E62H         LINE#         103
  C:2E77H         LINE#         106
  C:2E79H         LINE#         107
  C:2E7CH         LINE#         108
  C:2E8EH         LINE#         109
  C:2EA3H         LINE#         110
  C:2EAAH         LINE#         111
  -------         ENDPROC       INT_USI0_RX
  -------         PROC          INT_USI0_TX
  C:310BH         LINE#         119
  C:3118H         LINE#         121
  C:311BH         LINE#         122
  C:3120H         LINE#         123
  C:3120H         LINE#         124
  C:3124H         LINE#         125
  C:3134H         LINE#         126
  C:3141H         LINE#         127
  C:3144H         LINE#         128
  C:3144H         LINE#         129
  -------         ENDPROC       INT_USI0_TX
  -------         PROC          INT_TIMER0
  C:3250H         LINE#         137
  C:326DH         LINE#         139
  C:3270H         LINE#         140
  -------         ENDPROC       INT_TIMER0
  -------         PROC          INT_TIMER2
  C:359AH         LINE#         148
  C:359AH         LINE#         152
  -------         ENDPROC       INT_TIMER2
  -------         PROC          INT_TIMER3
  C:31D4H         LINE#         160
  C:31F1H         LINE#         162
  C:31F4H         LINE#         163
  C:31F7H         LINE#         164
  -------         ENDPROC       INT_TIMER3
  -------         PROC          INT_TIMER4
  C:2FADH         LINE#         172
  C:2FBAH         LINE#         176
  C:2FC1H         LINE#         177
BL51 BANKED LINKER/LOCATER V6.22                                                      10/05/2018  14:43:39  PAGE 32


  C:2FC4H         LINE#         178
  C:2FCBH         LINE#         179
  C:2FCEH         LINE#         180
  C:2FD5H         LINE#         181
  C:2FD8H         LINE#         182
  C:2FDFH         LINE#         183
  C:2FE2H         LINE#         184
  C:2FE9H         LINE#         185
  C:2FECH         LINE#         186
  -------         ENDPROC       INT_TIMER4
  -------         PROC          INT_WT
  C:303DH         LINE#         194
  C:3048H         LINE#         196
  C:304AH         LINE#         197
  C:304DH         LINE#         198
  C:304DH         LINE#         199
  C:3056H         LINE#         200
  C:3056H         LINE#         201
  C:3058H         LINE#         202
  C:3061H         LINE#         203
  C:3061H         LINE#         204
  C:3063H         LINE#         205
  C:306CH         LINE#         206
  C:306CH         LINE#         207
  C:306EH         LINE#         208
  C:3075H         LINE#         209
  C:3078H         LINE#         210
  C:307AH         LINE#         211
  C:307AH         LINE#         212
  C:307AH         LINE#         213
  C:307AH         LINE#         225
  C:307AH         LINE#         226
  -------         ENDPROC       INT_WT
  -------         PROC          ADC_READ
  -------         DO            
  D:0006H         SYMBOL        adcVal
  -------         ENDDO         
  C:3556H         LINE#         234
  C:3556H         LINE#         235
  C:3556H         LINE#         237
  C:355EH         LINE#         238
  C:355EH         LINE#         239
  -------         ENDPROC       ADC_READ
  -------         PROC          ADC_INIT
  C:3586H         LINE#         247
  C:3586H         LINE#         248
  C:3586H         LINE#         250
  C:3589H         LINE#         251
  C:358CH         LINE#         252
  -------         ENDPROC       ADC_INIT
  -------         PROC          _ADC_START
  D:0007H         SYMBOL        ch
  C:34E0H         LINE#         260
  C:34E0H         LINE#         261
  C:34E0H         LINE#         263
  C:34EBH         LINE#         264
  C:34EEH         LINE#         265
BL51 BANKED LINKER/LOCATER V6.22                                                      10/05/2018  14:43:39  PAGE 33


  -------         ENDPROC       _ADC_START
  -------         PROC          LCD_INIT
  C:356FH         LINE#         273
  C:356FH         LINE#         274
  C:356FH         LINE#         277
  C:3572H         LINE#         278
  C:3574H         LINE#         279
  C:3576H         LINE#         280
  -------         ENDPROC       LCD_INIT
  -------         PROC          TIMER2_INIT
  C:3447H         LINE#         288
  C:3447H         LINE#         289
  C:3447H         LINE#         293
  C:344AH         LINE#         295
  C:344DH         LINE#         296
  C:3450H         LINE#         297
  C:3453H         LINE#         298
  C:3456H         LINE#         299
  C:3459H         LINE#         300
  C:345CH         LINE#         303
  -------         ENDPROC       TIMER2_INIT
  -------         PROC          TIMER4_INIT
  C:2F5FH         LINE#         311
  C:2F5FH         LINE#         312
  C:2F5FH         LINE#         318
  C:2F65H         LINE#         319
  C:2F69H         LINE#         320
  C:2F6FH         LINE#         321
  C:2F73H         LINE#         322
  C:2F77H         LINE#         323
  C:2F7BH         LINE#         324
  C:2F7FH         LINE#         325
  C:2F83H         LINE#         326
  C:2F87H         LINE#         327
  C:2F8BH         LINE#         328
  C:2F91H         LINE#         330
  C:2F94H         LINE#         331
  C:2F98H         LINE#         332
  C:2F9AH         LINE#         333
  C:2F9CH         LINE#         334
  C:2FA2H         LINE#         335
  C:2FA5H         LINE#         336
  C:2FACH         LINE#         337
  -------         ENDPROC       TIMER4_INIT
  -------         PROC          WDT_CLEAR
  C:3593H         LINE#         345
  C:3593H         LINE#         346
  C:3593H         LINE#         347
  C:3596H         LINE#         348
  -------         ENDPROC       WDT_CLEAR
  -------         PROC          WDT_INIT
  C:3533H         LINE#         356
  C:3533H         LINE#         357
  C:3533H         LINE#         359
  C:3536H         LINE#         360
  C:3539H         LINE#         361
  C:353CH         LINE#         362
BL51 BANKED LINKER/LOCATER V6.22                                                      10/05/2018  14:43:39  PAGE 34


  -------         ENDPROC       WDT_INIT
  -------         PROC          TIMER0_INIT
  C:3519H         LINE#         371
  C:3519H         LINE#         372
  C:3519H         LINE#         375
  C:351CH         LINE#         376
  C:351FH         LINE#         377
  C:3522H         LINE#         378
  C:3525H         LINE#         379
  -------         ENDPROC       TIMER0_INIT
  -------         PROC          TIMER3_INIT
  C:3473H         LINE#         387
  C:3473H         LINE#         388
  C:3473H         LINE#         391
  C:3479H         LINE#         392
  C:347DH         LINE#         393
  C:3480H         LINE#         394
  C:3487H         LINE#         395
  -------         ENDPROC       TIMER3_INIT
  -------         PROC          UART0_INIT
  C:349CH         LINE#         403
  C:349CH         LINE#         404
  C:349CH         LINE#         407
  C:349FH         LINE#         408
  C:34A2H         LINE#         409
  C:34A5H         LINE#         410
  C:34A8H         LINE#         411
  C:34ABH         LINE#         412
  C:34AEH         LINE#         413
  -------         ENDPROC       UART0_INIT
  -------         PROC          UART1_INIT
  C:342FH         LINE#         422
  C:342FH         LINE#         423
  C:342FH         LINE#         425
  C:3432H         LINE#         426
  C:3432H         LINE#         427
  C:3435H         LINE#         428
  C:3438H         LINE#         429
  C:343BH         LINE#         430
  C:343EH         LINE#         431
  C:3441H         LINE#         432
  C:3444H         LINE#         433
  C:3444H         LINE#         434
  C:3446H         LINE#         435
  -------         ENDPROC       UART1_INIT
  -------         PROC          UART1_DEF_INIT
  C:3488H         LINE#         443
  C:3488H         LINE#         444
  C:3488H         LINE#         446
  C:348BH         LINE#         447
  C:348BH         LINE#         448
  C:348EH         LINE#         449
  C:3490H         LINE#         450
  C:3492H         LINE#         451
  C:3494H         LINE#         452
  C:3496H         LINE#         453
  C:3499H         LINE#         454
BL51 BANKED LINKER/LOCATER V6.22                                                      10/05/2018  14:43:39  PAGE 35


  C:3499H         LINE#         455
  C:349BH         LINE#         456
[...]
  C:2459H         LINE#         99
  C:245DH         LINE#         100
  C:2463H         LINE#         101
  C:2467H         LINE#         103
  C:246CH         LINE#         104
  -------         ENDPROC       _HEX_TO_CHAR
  -------         PROC          _HEX_TO_CHAR_3BIT
  D:0001H         SYMBOL        p
  D:0005H         SYMBOL        indata
  -------         DO            
  D:0007H         SYMBOL        tmp
  -------         ENDDO         
  C:3193H         LINE#         112
  C:3193H         LINE#         113
BL51 BANKED LINKER/LOCATER V6.22                                                      10/05/2018  14:43:39  PAGE 53


  C:3193H         LINE#         115
  C:3195H         LINE#         116
  C:319CH         LINE#         117
  C:31A0H         LINE#         119
  C:31A5H         LINE#         120
  C:31ACH         LINE#         121
  C:31B1H         LINE#         122
  C:31B7H         LINE#         123
  C:31BBH         LINE#         125
  C:31C0H         LINE#         126
  C:31C4H         LINE#         127
  C:31CAH         LINE#         128
  C:31CEH         LINE#         130
  C:31D3H         LINE#         131
  -------         ENDPROC       _HEX_TO_CHAR_3BIT
  -------         PROC          GP389_ON
  C:32C2H         LINE#         140
  C:32C2H         LINE#         141
  C:32C2H         LINE#         142
  C:32C8H         LINE#         143
  C:32D9H         LINE#         144
  C:32DFH         LINE#         145
  C:32E6H         LINE#         147
  C:32F2H         LINE#         149
  C:32F6H         LINE#         150
  -------         ENDPROC       GP389_ON
  -------         PROC          GP389_ON_APP
  C:33F6H         LINE#         159
  C:33F6H         LINE#         160
  C:33F6H         LINE#         161
  C:33FCH         LINE#         162
  C:3402H         LINE#         164
  C:340FH         LINE#         165
  C:3413H         LINE#         166
  -------         ENDPROC       GP389_ON_APP
  -------         PROC          GP389_OFF
  C:32F7H         LINE#         174
  C:32F7H         LINE#         175
  C:32F7H         LINE#         176
  C:32FEH         LINE#         177
  C:3300H         LINE#         178
  C:3306H         LINE#         179
  C:330DH         LINE#         180
  C:330FH         LINE#         181
  C:3313H         LINE#         182
  C:331AH         LINE#         183
  C:3325H         LINE#         184
  C:3329H         LINE#         185
  -------         ENDPROC       GP389_OFF
  -------         PROC          _APPLICATIONGP389_ONOFF
  X:0242H         SYMBOL        onoff
  -------         DO            
  D:0007H         SYMBOL        i
  C:1574H         SYMBOL        respGP389_AllSta
  -------         ENDDO         
  C:1F1BH         LINE#         212
  C:1F20H         LINE#         213
BL51 BANKED LINKER/LOCATER V6.22                                                      10/05/2018  14:43:39  PAGE 54


  C:1F20H         LINE#         246
  C:1F28H         LINE#         247
  C:1F2BH         LINE#         249
  C:1F2BH         LINE#         250
  C:1F35H         LINE#         252
  C:1F37H         LINE#         253
  C:1F5BH         LINE#         254
  C:1F69H         LINE#         255
  C:1F81H         LINE#         256
  C:1F95H         LINE#         257
  C:1FABH         LINE#         258
  C:1FB9H         LINE#         259
  C:1FC5H         LINE#         260
  C:1FD1H         LINE#         261
  C:1FDDH         LINE#         262
  C:1FE8H         LINE#         263
  C:1FF4H         LINE#         264
  C:2000H         LINE#         265
  C:2009H         LINE#         266
  C:2010H         LINE#         267
  C:2017H         LINE#         268
  C:201EH         LINE#         269
  C:2025H         LINE#         270
  C:202CH         LINE#         271
  C:2033H         LINE#         272
  C:203AH         LINE#         273
  C:2041H         LINE#         274
  C:2048H         LINE#         275
  C:204FH         LINE#         276
  C:2056H         LINE#         277
  C:205DH         LINE#         278
  C:2064H         LINE#         279
  C:2068H         LINE#         280
  C:206CH         LINE#         281
  C:2070H         LINE#         282
  C:2074H         LINE#         283
  C:2084H         LINE#         284
  C:208AH         LINE#         285
  C:208DH         LINE#         286
  -------         ENDPROC       _APPLICATIONGP389_ONOFF
  -------         PROC          _WIFI_COMMANDDEAL
  X:023BH         SYMBOL        Uart0_Receive
  -------         DO            
  X:023EH         SYMBOL        i
  D:0007H         SYMBOL        temp_time
  X:023FH         SYMBOL        WIFI_CMD
  -------         DO            
  C:15CBH         SYMBOL        respNorGpSta
  C:1600H         SYMBOL        respNorGpSta
  -------         ENDDO         
  -------         DO            
  C:1600H         SYMBOL        respNorGpSta
  -------         ENDDO         
  -------         ENDDO         
  C:052FH         LINE#         294
  C:053AH         LINE#         295
  C:053AH         LINE#         299
BL51 BANKED LINKER/LOCATER V6.22                                                      10/05/2018  14:43:39  PAGE 55


  C:054BH         LINE#         373
  C:055FH         LINE#         374
  C:055FH         LINE#         375
  C:056DH         LINE#         376
  C:0576H         LINE#         377
  C:0576H         LINE#         378
  C:0579H         LINE#         381
  C:0579H         LINE#         382
  C:0579H         LINE#         383
  C:058BH         LINE#         384
  C:058BH         LINE#         385
  C:0599H         LINE#         386
  C:059FH         LINE#         387
  C:05A2H         LINE#         393
  C:05A9H         LINE#         394
  C:05ABH         LINE#         395
  C:05ADH         LINE#         396
  C:05BCH         LINE#         398
  C:05BCH         LINE#         399
  C:05CFH         LINE#         400
  C:05CFH         LINE#         401
  C:05DDH         LINE#         402
  C:05E3H         LINE#         403
  C:05E6H         LINE#         409
  C:05ECH         LINE#         410
  C:05F1H         LINE#         411
  C:05F5H         LINE#         412
  C:05F9H         LINE#         413
  C:05FDH         LINE#         414
  C:060BH         LINE#         416
  C:060BH         LINE#         417
  C:061EH         LINE#         418
  C:061EH         LINE#         419
  C:062CH         LINE#         420
  C:0632H         LINE#         421
  C:0635H         LINE#         427
  C:063DH         LINE#         428
  C:0659H         LINE#         429
  C:0676H         LINE#         430
  C:067CH         LINE#         431
  C:068DH         LINE#         433
  C:068DH         LINE#         434
  C:06A0H         LINE#         435
  C:06A0H         LINE#         436
  C:06AEH         LINE#         437
  C:06B4H         LINE#         438
  C:06B7H         LINE#         444
  C:06B9H         LINE#         445
  C:06BBH         LINE#         446
  C:06C1H         LINE#         447
  C:06D9H         LINE#         448
  C:06DFH         LINE#         449
  C:06E3H         LINE#         450
  C:06E7H         LINE#         451
  C:06EAH         LINE#         453
  C:06EAH         LINE#         454
  C:06FDH         LINE#         455
BL51 BANKED LINKER/LOCATER V6.22                                                      10/05/2018  14:43:39  PAGE 56


  C:06FDH         LINE#         457
  C:0703H         LINE#         458
  C:0706H         LINE#         464
  C:070CH         LINE#         465
  C:070EH         LINE#         466
  C:0710H         LINE#         467
  C:0716H         LINE#         468
  C:0719H         LINE#         470
  C:071EH         LINE#         479
  C:071EH         LINE#         480
  C:0734H         LINE#         481
  C:0734H         LINE#         482
  C:0742H         LINE#         483
  C:0748H         LINE#         484
  C:074BH         LINE#         490
  C:0753H         LINE#         491
  C:075BH         LINE#         492
  C:0763H         LINE#         493
  C:076BH         LINE#         494
  C:0773H         LINE#         495
  C:077BH         LINE#         496
  C:0782H         LINE#         497
  C:0788H         LINE#         498
  C:0790H         LINE#         499
  C:079FH         LINE#         500
  C:07ACH         LINE#         501
  C:07B5H         LINE#         503
  C:07B5H         LINE#         504
  C:07C8H         LINE#         505
  C:07C8H         LINE#         506
  C:07D6H         LINE#         507
  C:07DCH         LINE#         508
  C:07DFH         LINE#         514
  C:07E8H         LINE#         515
  C:07ECH         LINE#         517
  C:07ECH         LINE#         518
  C:07FFH         LINE#         519
  C:07FFH         LINE#         520
  C:080DH         LINE#         521
  C:0813H         LINE#         522
  C:0816H         LINE#         528
  C:081CH         LINE#         530
  C:081CH         LINE#         557
  C:082FH         LINE#         558
  C:0830H         LINE#         560
  C:0830H         LINE#         561
  C:0836H         LINE#         562
  C:0836H         LINE#         563
  C:0839H         LINE#         565
  C:0839H         LINE#         566
  C:084CH         LINE#         567
  C:084CH         LINE#         568
  C:084FH         LINE#         569
  C:0854H         LINE#         571
  C:0854H         LINE#         580
  C:085DH         LINE#         581
  C:085DH         LINE#         582
BL51 BANKED LINKER/LOCATER V6.22                                                      10/05/2018  14:43:39  PAGE 57


  C:0870H         LINE#         583
  C:0870H         LINE#         584
  C:0873H         LINE#         585
  C:087AH         LINE#         586
  C:0896H         LINE#         587
  C:08B2H         LINE#         588
  C:08C8H         LINE#         589
  C:08CEH         LINE#         590
  C:08D1H         LINE#         591
  C:08D7H         LINE#         593
  C:08D7H         LINE#         594
  C:08EAH         LINE#         595
  C:08EAH         LINE#         599
  C:08F8H         LINE#         606
  C:08FCH         LINE#         607
  C:08FFH         LINE#         610
  C:08FFH         LINE#         611
  C:0912H         LINE#         612
  C:0912H         LINE#         613
  C:0918H         LINE#         614
  C:091BH         LINE#         615
  C:092EH         LINE#         616
  C:092EH         LINE#         617
  C:0932H         LINE#         618
  C:0942H         LINE#         619
  C:0942H         LINE#         621
  C:0945H         LINE#         622
  C:0947H         LINE#         624
  C:094AH         LINE#         625
  C:094AH         LINE#         626
  C:0950H         LINE#         627
  C:0952H         LINE#         628
  C:0955H         LINE#         629
  C:0955H         LINE#         630
  C:0957H         LINE#         631
  C:095BH         LINE#         632
  C:095BH         LINE#         633
  C:095BH         LINE#         634
  C:095DH         LINE#         636
  C:095DH         LINE#         637
  C:0970H         LINE#         638
  C:0970H         LINE#         639
  C:0974H         LINE#         640
  C:0983H         LINE#         641
  C:0983H         LINE#         642
  C:0986H         LINE#         643
  C:0988H         LINE#         644
  C:098BH         LINE#         645
  C:098BH         LINE#         646
  C:098DH         LINE#         647
  C:098FH         LINE#         648
  C:098FH         LINE#         649
  C:0991H         LINE#         651
  C:0995H         LINE#         652
  C:099AH         LINE#         653
  C:09AFH         LINE#         655
  C:09AFH         LINE#         656
BL51 BANKED LINKER/LOCATER V6.22                                                      10/05/2018  14:43:39  PAGE 58


  C:09C2H         LINE#         657
  C:09C2H         LINE#         658
  C:09CDH         LINE#         659
  C:09CDH         LINE#         660
  C:09CFH         LINE#         661
  C:09D3H         LINE#         662
  C:09D4H         LINE#         671
  C:09D4H         LINE#         672
  C:09E7H         LINE#         673
  C:09E8H         LINE#         675
  C:09E8H         LINE#         676
  C:09FBH         LINE#         677
  C:09FBH         LINE#         683
  C:0A12H         LINE#         684
  C:0A12H         LINE#         685
  C:0A14H         LINE#         686
  C:0A27H         LINE#         687
  C:0A27H         LINE#         693
  C:0A45H         LINE#         694
  C:0A45H         LINE#         695
  C:0A47H         LINE#         696
  C:0A5AH         LINE#         697
  C:0A5AH         LINE#         703
  C:0A7CH         LINE#         704
  C:0A7EH         LINE#         705
  C:0A81H         LINE#         706
  C:0A94H         LINE#         707
  C:0A94H         LINE#         708
  C:0A97H         LINE#         710
  C:0A97H         LINE#         711
  C:0AAAH         LINE#         712
  C:0AAAH         LINE#         713
  C:0AADH         LINE#         715
  C:0AADH         LINE#         716
  C:0AC0H         LINE#         717
  C:0AC0H         LINE#         723
  C:0AD7H         LINE#         724
  C:0AF4H         LINE#         725
  C:0AF6H         LINE#         726
  C:0B09H         LINE#         727
  C:0B09H         LINE#         733
  C:0B10H         LINE#         734
  C:0B13H         LINE#         735
  C:0B26H         LINE#         736
  C:0B26H         LINE#         742
  C:0B2AH         LINE#         743
  C:0B2DH         LINE#         744
  C:0B40H         LINE#         745
  C:0B40H         LINE#         751
  C:0B4CH         LINE#         752
  C:0B4FH         LINE#         753
  C:0B52H         LINE#         754
  C:0B65H         LINE#         755
  C:0B65H         LINE#         761
  C:0B71H         LINE#         762
  C:0B74H         LINE#         763
  C:0B77H         LINE#         764
BL51 BANKED LINKER/LOCATER V6.22                                                      10/05/2018  14:43:39  PAGE 59


  C:0B8AH         LINE#         765
  C:0B8AH         LINE#         771
  C:0BA7H         LINE#         772
  C:0BAAH         LINE#         773
  C:0BBDH         LINE#         774
  C:0BBDH         LINE#         780
  C:0BDAH         LINE#         781
  C:0BDDH         LINE#         830
  C:0BF3H         LINE#         831
  C:0BF3H         LINE#         834
  C:0C01H         LINE#         835
  C:0C1DH         LINE#         836
  C:0C22H         LINE#         837
  C:0C4AH         LINE#         838
  C:0C5FH         LINE#         839
  C:0C83H         LINE#         840
  C:0CA1H         LINE#         841
  C:0CBEH         LINE#         842
  C:0CBEH         LINE#         843
  C:0CBEH         LINE#         844
  C:0CBEH         LINE#         845
  C:0CBEH         LINE#         846
  C:0CBEH         LINE#         847
  C:0CBEH         LINE#         848
  C:0CBEH         LINE#         849
  C:0CC1H         LINE#         850
  C:0CC5H         LINE#         851
  C:0CC8H         LINE#         852
  C:0CDEH         LINE#         853
  C:0CDEH         LINE#         854
  C:0D27H         LINE#         855
  C:0D70H         LINE#         856
  C:0D73H         LINE#         857
  C:0D76H         LINE#         858
  C:0D89H         LINE#         859
  C:0D89H         LINE#         860
  C:0D8DH         LINE#         862
  C:0D8DH         LINE#         863
  C:0D93H         LINE#         864
  C:0D93H         LINE#         865
  C:0D9CH         LINE#         867
  C:0D9CH         LINE#         868
  C:0DAFH         LINE#         869
  C:0DAFH         LINE#         870
  C:0DB2H         LINE#         871
  C:0DB6H         LINE#         872
  C:0DBAH         LINE#         873
  C:0DBCH         LINE#         874
  C:0DC1H         LINE#         875
  C:0DC6H         LINE#         877
  C:0DC6H         LINE#         878
  C:0DD1H         LINE#         881
  C:0DD4H         LINE#         883
  C:0DD4H         LINE#         884
  C:0DEAH         LINE#         885
  C:0DEAH         LINE#         888
  C:0DF8H         LINE#         889
BL51 BANKED LINKER/LOCATER V6.22                                                      10/05/2018  14:43:39  PAGE 60


  C:0E14H         LINE#         890
  C:0E19H         LINE#         891
  C:0E41H         LINE#         892
  C:0E56H         LINE#         893
  C:0E7AH         LINE#         894
  C:0E98H         LINE#         895
  C:0EB5H         LINE#         896
  C:0EB5H         LINE#         897
  C:0EB5H         LINE#         898
  C:0EB5H         LINE#         899
  C:0EB5H         LINE#         900
  C:0EB5H         LINE#         901
  C:0EB5H         LINE#         902
  C:0EB5H         LINE#         903
  C:0EB8H         LINE#         904
  C:0EBCH         LINE#         905
  C:0EBCH         LINE#         906
  C:0ECAH         LINE#         907
  C:0ECAH         LINE#         908
  -------         ENDPROC       _WIFI_COMMANDDEAL
  -------         ENDMOD        WIFI_MODE

  -------         MODULE        PWM
  C:0000H         SYMBOL        _ICE_DUMMY_
  D:00A0H         PUBLIC        P4
  C:2DA1H         PUBLIC        PWM_DutyCycle_Change
  C:34AFH         PUBLIC        PWM_Shutdown
  C:3577H         PUBLIC        PWM_Open
  -------         PROC          PWM_OPEN
  C:3577H         LINE#         20
  C:3577H         LINE#         21
  C:3577H         LINE#         22
  C:357EH         LINE#         23
  -------         ENDPROC       PWM_OPEN
  -------         PROC          PWM_SHUTDOWN
  C:34AFH         LINE#         31
  C:34AFH         LINE#         32
  C:34AFH         LINE#         33
  C:34B5H         LINE#         34
  C:34B9H         LINE#         35
  C:34C0H         LINE#         36
  -------         ENDPROC       PWM_SHUTDOWN
  -------         PROC          PWM_DUTYCYCLE_CHANGE
  C:2DA1H         LINE#         54
  C:2DA1H         LINE#         55
  C:2DA1H         LINE#         56
  C:2DABH         LINE#         57
  C:2DABH         LINE#         58
  C:2DB0H         LINE#         59
  C:2DB6H         LINE#         60
  C:2DBAH         LINE#         61
  C:2DC2H         LINE#         63
  C:2DC2H         LINE#         64
  C:2DC6H         LINE#         65
  C:2DC6H         LINE#         66
  C:2DCBH         LINE#         67
  C:2DCFH         LINE#         68
BL51 BANKED LINKER/LOCATER V6.22                                                      10/05/2018  14:43:39  PAGE 61


  C:2DD1H         LINE#         69
  C:2DD9H         LINE#         70
  C:2DD9H         LINE#         71
  C:2DDFH         LINE#         72
  C:2DE5H         LINE#         73
  C:2DE7H         LINE#         74
  C:2DEBH         LINE#         75
  C:2DEBH         LINE#         76
  C:2DF1H         LINE#         77
  C:2DF7H         LINE#         78
  C:2DF7H         LINE#         79
  C:2E04H         LINE#         81
  -------         ENDPROC       PWM_DUTYCYCLE_CHANGE
  -------         ENDMOD        PWM

  -------         MODULE        ?C?CLDPTR
  C:2623H         PUBLIC        ?C?CLDPTR
  -------         ENDMOD        ?C?CLDPTR

  -------         MODULE        ?C?CLDOPTR
  C:263CH         PUBLIC        ?C?CLDOPTR
  -------         ENDMOD        ?C?CLDOPTR

  -------         MODULE        ?C?CSTPTR
  C:2669H         PUBLIC        ?C?CSTPTR
  -------         ENDMOD        ?C?CSTPTR

  -------         MODULE        ?C?CSTOPTR
  C:267BH         PUBLIC        ?C?CSTOPTR
  -------         ENDMOD        ?C?CSTOPTR

  -------         MODULE        ?C?IILDX
  C:269DH         PUBLIC        ?C?IILDX
  -------         ENDMOD        ?C?IILDX

  -------         MODULE        ?C?ILDIX
  C:26B3H         PUBLIC        ?C?ILDIX
  -------         ENDMOD        ?C?ILDIX

  -------         MODULE        ?C?CCASE
  C:26C9H         PUBLIC        ?C?CCASE
  -------         ENDMOD        ?C?CCASE

*** WARNING L16: UNCALLED SEGMENT, IGNORED FOR OVERLAY PROCESS
    SEGMENT: ?PR?_SET_VOICE_VOL?VOICE_IC

*** WARNING L16: UNCALLED SEGMENT, IGNORED FOR OVERLAY PROCESS
    SEGMENT: ?PR?PWM_OPEN?PWM

*** WARNING L16: UNCALLED SEGMENT, IGNORED FOR OVERLAY PROCESS
    SEGMENT: ?PR?PWM_SHUTDOWN?PWM

Program Size: data=62.6 xdata=658 code=13115
LINK/LOCATE RUN COMPLETE.  3 WARNING(S),  0 ERROR(S)
