C51 COMPILER V9.00   UART                                                                  08/21/2018 17:18:30 PAGE 1   


C51 COMPILER V9.00, COMPILATION OF MODULE UART
OBJECT MODULE PLACED IN .\Objects\uart.obj
COMPILER INVOKED BY: C:\ProgramFiles2\Keil_v5\C51\BIN\C51.EXE source\uart.c LARGE OPTIMIZE(8,SPEED) BROWSE INCDIR(.\incl
                    -ude) DEBUG OBJECTEXTEND PRINT(.\Listings\uart.lst) OBJECT(.\Objects\uart.obj)

line level    source

   1          //头文件header file//
   2          #include "app_main.h"
   3          
   4          //宏定义macro definition//
   5          
   6          //类型定义byte definition//
   7          
   8          //变量定义variable definition//
   9          uint8_t  idata  Rx_Pointer;
  10          uint8_t  idata  Uart0_EnableSend;
  11          uint8_t  idata  Uart0_Tx_Pointer;
  12          uint16_t xdata  mUart0_Rx_Pointer;
  13          uint16_t xdata  sUart0_Rx_Pointer;
  14          uint8_t  idata  Uart0_Tx_TimeOut;
  15          uint8_t  idata  Uart0_Rx_TimeOut;
  16          
  17          uint8_t  xdata  WIFI_ReceiveBuffer[UART0_LEN_BUFFER];
  18          uint8_t  xdata  Uart0_TransmitBuffer[UART0_LEN_BUFFER];
  19          uint8_t  xdata  Uart0_ReceiveBuffer[UART0_RX_LEN_BUFFER];
  20          uint8_t  idata  Count200ms_3Step;
  21          uint8_t  idata  Uart0_SendString_3Step;
  22          
  23          //标志未定义flags definetion//
  24          
  25          //函数声明Function declaration//
  26          
  27          //函数定义function definetion//
  28          /*******************************************************************
  29          函数原型：
  30          输入参数：
  31          输出参数：
  32          函数功能：
  33          *******************************************************************/
  34          void Uart0Transmit_SendString(char *str) 
  35          {
  36   1              uint8_t i;
  37   1       do{WDT_clear();} while(Uart0_EnableSend);
  38   1              Count200ms_3Step=0;
  39   1              //Uart0_SendString_3Step=0;
  40   1              for(i=0;i<UART0_LEN_BUFFER;i++)         
  41   1                      Uart0_TransmitBuffer[i]=0;
  42   1              for(i=0;*str!='\0';i++) 
  43   1              { 
  44   2                      Uart0_TransmitBuffer[i]=*str; 
  45   2                      str++;
  46   2              }
  47   1              Uart0_Tx_Pointer=0;
  48   1              Uart0_EnableSend=1;
  49   1              Uart0_Tx_TimeOut=10;    
  50   1              USI0DR=Uart0_TransmitBuffer[Uart0_Tx_Pointer++];
  51   1      }
  52          
  53          /*******************************************************************
  54          函数原型：
C51 COMPILER V9.00   UART                                                                  08/21/2018 17:18:30 PAGE 2   

  55          输入参数：
  56          输出参数：
  57          函数功能：
  58          *******************************************************************/
  59          void Uart0Transmit_SendString_3Step(void) 
  60          {
  61   1              if(Uart0_SendString_3Step)
  62   1              {
  63   2                      if(Count200ms_3Step>=20)        
  64   2                      {               
  65   3                              do{WDT_clear();} while(Uart0_EnableSend);
  66   3                              Uart0_SendString_3Step--;
  67   3                              Count200ms_3Step=0;
  68   3                              Uart0_Tx_Pointer=0;
  69   3                              Uart0_EnableSend=1;
  70   3                              Uart0_Tx_TimeOut=10;
  71   3                              USI0DR=Uart0_TransmitBuffer[Uart0_Tx_Pointer++];
  72   3                      }
  73   2                      else 
  74   2                              Count200ms_3Step++;
  75   2              }
  76   1              else
  77   1              {
  78   2      //              if(Flag_alarm_say_to_IOT)D:\ProgramFiles
  79   2      //              {
  80   2      //                      Flag_alarm_say_to_IOT=0;
  81   2      //                      Uart0_SendString_3Step=3;
  82   2      //                      Uart0Transmit_SendString("$$$Alarm up\r\n");//闹钟响应，通知IoT，以便app操作控制机台
  83   2      //              }
  84   2      //              else if(Flag_time_sync)
  85   2                      if(Flag_time_sync)
  86   2                      {
  87   3                              Flag_time_sync=0;
  88   3                              Uart0_SendString_3Step=3;
  89   3                              Uart0Transmit_SendString("$$$Time sync\r\n");//请求校准时间，一个小时发送一次，这一次要发三次
  90   3                      }
  91   2                      else if(cntFlag_ON_OFF)
  92   2                      {
  93   3                              ApplicationGP389_ONOFF((PlayMode==PLAY_OFF)?1:0);//请求校准时间，一个小时发送一次，这一次要发三次
  94   3                              cntFlag_ON_OFF--;
  95   3                              Uart0_SendString_3Step=2;
  96   3                      }               
  97   2              }
  98   1      }
  99          
 100          /*******************************************************************
 101          函数原型：
 102          输入参数：
 103          输出参数：
 104          函数功能：
 105          *******************************************************************/
 106          void Uart0_Receive_Parse(void)
 107          {
 108   1              uint8_t i;
 109   1              while(mUart0_Rx_Pointer!=sUart0_Rx_Pointer)
 110   1              {
 111   2                      WDT_clear();
 112   2                      Uart0_Rx_TimeOut=10;    
 113   2                      WIFI_ReceiveBuffer[Rx_Pointer]=Uart0_ReceiveBuffer[sUart0_Rx_Pointer];
 114   2                      Uart0_ReceiveBuffer[sUart0_Rx_Pointer]=0x00;
 115   2                      if(++sUart0_Rx_Pointer>=(UART0_RX_LEN_BUFFER-1))        
 116   2                              sUart0_Rx_Pointer=0;
C51 COMPILER V9.00   UART                                                                  08/21/2018 17:18:30 PAGE 3   

 117   2                      if(WIFI_ReceiveBuffer[Rx_Pointer++]=='\n')
 118   2                      {
 119   3                              Wifi_CommandDeal(WIFI_ReceiveBuffer);
 120   3                              for(i=0;i<UART0_LEN_BUFFER;i++)
 121   3                                      WIFI_ReceiveBuffer[i]=0x00;
 122   3                              Rx_Pointer=0x00;
 123   3                              //Flag_data_bk=1;
 124   3                      }
 125   2              }       
 126   1      }
 127          
 128          
 129          
 130          
 131          
 132          


MODULE INFORMATION:   STATIC OVERLAYABLE
   CODE SIZE        =    356    ----
   CONSTANT SIZE    =     15    ----
   XDATA SIZE       =    505       3
   PDATA SIZE       =   ----    ----
   DATA SIZE        =   ----    ----
   IDATA SIZE       =      7    ----
   BIT SIZE         =   ----    ----
END OF MODULE INFORMATION.


C51 COMPILATION COMPLETE.  0 WARNING(S),  0 ERROR(S)
